
[1m[46m RUN [49m[22m [36mv4.1.2 [39m[90m/Users/farahgalaria/Documents/Repositories/Code/Applications/bebocard/bebocard_backend[39m

[90mstderr[2m | amplify/functions/subscription-proxy/handler.test.ts[2m > [22m[2mPOST /recurring/register[2m > [22m[2mproceeds successfully even when FCM push fails
[22m[39m[subscription-proxy] FCM push failed Error: FCM down
    at [90m/Users/farahgalaria/Documents/Repositories/Code/Applications/bebocard/bebocard_backend/[39mamplify/functions/subscription-proxy/handler.test.ts:179:35
    at [90mfile:///Users/farahgalaria/Documents/Repositories/Code/Applications/bebocard/bebocard_backend/[39mnode_modules/[4m@vitest[24m/runner/dist/chunk-artifact.js:302:11
    at [90mfile:///Users/farahgalaria/Documents/Repositories/Code/Applications/bebocard/bebocard_backend/[39mnode_modules/[4m@vitest[24m/runner/dist/chunk-artifact.js:1893:26
    at [90mfile:///Users/farahgalaria/Documents/Repositories/Code/Applications/bebocard/bebocard_backend/[39mnode_modules/[4m@vitest[24m/runner/dist/chunk-artifact.js:2316:20
    at new Promise (<anonymous>)
    at runWithCancel [90m(file:///Users/farahgalaria/Documents/Repositories/Code/Applications/bebocard/bebocard_backend/[39mnode_modules/[4m@vitest[24m/runner/dist/chunk-artifact.js:2313:10[90m)[39m
    at [90mfile:///Users/farahgalaria/Documents/Repositories/Code/Applications/bebocard/bebocard_backend/[39mnode_modules/[4m@vitest[24m/runner/dist/chunk-artifact.js:2295:20
    at new Promise (<anonymous>)
    at runWithTimeout [90m(file:///Users/farahgalaria/Documents/Repositories/Code/Applications/bebocard/bebocard_backend/[39mnode_modules/[4m@vitest[24m/runner/dist/chunk-artifact.js:2262:10[90m)[39m
    at [90mfile:///Users/farahgalaria/Documents/Repositories/Code/Applications/bebocard/bebocard_backend/[39mnode_modules/[4m@vitest[24m/runner/dist/chunk-artifact.js:2945:64

[90mstderr[2m | amplify/functions/subscription-proxy/handler.test.ts[2m > [22m[2mPOST /recurring/{subId}/invoice[2m > [22m[2msucceeds even when FCM push fails
[22m[39m[subscription-proxy] FCM push failed Error: FCM down
    at [90m/Users/farahgalaria/Documents/Repositories/Code/Applications/bebocard/bebocard_backend/[39mamplify/functions/subscription-proxy/handler.test.ts:515:35
    at [90mfile:///Users/farahgalaria/Documents/Repositories/Code/Applications/bebocard/bebocard_backend/[39mnode_modules/[4m@vitest[24m/runner/dist/chunk-artifact.js:302:11
    at [90mfile:///Users/farahgalaria/Documents/Repositories/Code/Applications/bebocard/bebocard_backend/[39mnode_modules/[4m@vitest[24m/runner/dist/chunk-artifact.js:1893:26
    at [90mfile:///Users/farahgalaria/Documents/Repositories/Code/Applications/bebocard/bebocard_backend/[39mnode_modules/[4m@vitest[24m/runner/dist/chunk-artifact.js:2316:20
    at new Promise (<anonymous>)
    at runWithCancel [90m(file:///Users/farahgalaria/Documents/Repositories/Code/Applications/bebocard/bebocard_backend/[39mnode_modules/[4m@vitest[24m/runner/dist/chunk-artifact.js:2313:10[90m)[39m
    at [90mfile:///Users/farahgalaria/Documents/Repositories/Code/Applications/bebocard/bebocard_backend/[39mnode_modules/[4m@vitest[24m/runner/dist/chunk-artifact.js:2295:20
    at new Promise (<anonymous>)
    at runWithTimeout [90m(file:///Users/farahgalaria/Documents/Repositories/Code/Applications/bebocard/bebocard_backend/[39mnode_modules/[4m@vitest[24m/runner/dist/chunk-artifact.js:2262:10[90m)[39m
    at [90mfile:///Users/farahgalaria/Documents/Repositories/Code/Applications/bebocard/bebocard_backend/[39mnode_modules/[4m@vitest[24m/runner/dist/chunk-artifact.js:2945:64

 [32m✓[39m amplify/functions/subscription-proxy/handler.test.ts [2m([22m[2m30 tests[22m[2m)[22m[32m 17[2mms[22m[39m
[90mstdout[2m | amplify/functions/subscription-negotiator/handler.test.ts[2m > [22m[2mno active subscriptions[2m > [22m[2mdoes nothing when scan returns no items
[22m[39m[subscription-negotiator] Found 0 active subscriptions

[90mstdout[2m | amplify/functions/subscription-negotiator/handler.test.ts[2m > [22m[2mamount threshold[2m > [22m[2mskips subscriptions with amount ≤ 50
[22m[39m[subscription-negotiator] Found 1 active subscriptions

[90mstdout[2m | amplify/functions/subscription-negotiator/handler.test.ts[2m > [22m[2mamount threshold[2m > [22m[2mprocesses subscriptions with amount > 50
[22m[39m[subscription-negotiator] Found 1 active subscriptions

[90mstdout[2m | amplify/functions/subscription-negotiator/handler.test.ts[2m > [22m[2mmissing data[2m > [22m[2mskips when desc has no brandId
[22m[39m[subscription-negotiator] Found 1 active subscriptions

[90mstdout[2m | amplify/functions/subscription-negotiator/handler.test.ts[2m > [22m[2mmissing data[2m > [22m[2mskips when no benchmark record exists and no catalog record exists for the brand
[22m[39m[subscription-negotiator] Found 1 active subscriptions

[90mstdout[2m | amplify/functions/subscription-negotiator/handler.test.ts[2m > [22m[2mcatalog benchmark fallback[2m > [22m[2muses SUBSCRIPTION_CATALOG# benchmarkPrice when BENCHMARK# record is absent
[22m[39m[subscription-negotiator] Found 1 active subscriptions

[90mstdout[2m | amplify/functions/subscription-negotiator/handler.test.ts[2m > [22m[2mcatalog benchmark fallback[2m > [22m[2mskips when SUBSCRIPTION_CATALOG# desc has no benchmarkPrice
[22m[39m[subscription-negotiator] Found 1 active subscriptions

[90mstdout[2m | amplify/functions/subscription-negotiator/handler.test.ts[2m > [22m[2mcatalog benchmark fallback[2m > [22m[2mdoes not alert via catalog fallback when amount is within 15% of catalog benchmark
[22m[39m[subscription-negotiator] Found 1 active subscriptions

[90mstdout[2m | amplify/functions/subscription-negotiator/handler.test.ts[2m > [22m[2mcatalog benchmark fallback[2m > [22m[2mprefers BENCHMARK# record over SUBSCRIPTION_CATALOG# when both exist
[22m[39m[subscription-negotiator] Found 1 active subscriptions

[90mstdout[2m | amplify/functions/subscription-negotiator/handler.test.ts[2m > [22m[2mbenchmark comparison[2m > [22m[2mdoes NOT create SAVING_OPPORTUNITY when amount is within 15% of benchmark
[22m[39m[subscription-negotiator] Found 1 active subscriptions

[90mstdout[2m | amplify/functions/subscription-negotiator/handler.test.ts[2m > [22m[2mbenchmark comparison[2m > [22m[2mcreates SAVING_OPPORTUNITY when amount is > 15% above benchmark
[22m[39m[subscription-negotiator] Found 1 active subscriptions

[90mstdout[2m | amplify/functions/subscription-negotiator/handler.test.ts[2m > [22m[2mbenchmark comparison[2m > [22m[2mdoes not throw when FCM push fails
[22m[39m[subscription-negotiator] Found 1 active subscriptions

[90mstderr[2m | amplify/functions/subscription-negotiator/handler.test.ts[2m > [22m[2mbenchmark comparison[2m > [22m[2mdoes not throw when FCM push fails
[22m[39m[subscription-negotiator] FCM push failed Error: Firebase down
    at [90m/Users/farahgalaria/Documents/Repositories/Code/Applications/bebocard/bebocard_backend/[39mamplify/functions/subscription-negotiator/handler.test.ts:288:35
    at [90mfile:///Users/farahgalaria/Documents/Repositories/Code/Applications/bebocard/bebocard_backend/[39mnode_modules/[4m@vitest[24m/runner/dist/chunk-artifact.js:302:11
    at [90mfile:///Users/farahgalaria/Documents/Repositories/Code/Applications/bebocard/bebocard_backend/[39mnode_modules/[4m@vitest[24m/runner/dist/chunk-artifact.js:1893:26
    at [90mfile:///Users/farahgalaria/Documents/Repositories/Code/Applications/bebocard/bebocard_backend/[39mnode_modules/[4m@vitest[24m/runner/dist/chunk-artifact.js:2316:20
    at new Promise (<anonymous>)
    at runWithCancel [90m(file:///Users/farahgalaria/Documents/Repositories/Code/Applications/bebocard/bebocard_backend/[39mnode_modules/[4m@vitest[24m/runner/dist/chunk-artifact.js:2313:10[90m)[39m
    at [90mfile:///Users/farahgalaria/Documents/Repositories/Code/Applications/bebocard/bebocard_backend/[39mnode_modules/[4m@vitest[24m/runner/dist/chunk-artifact.js:2295:20
    at new Promise (<anonymous>)
    at runWithTimeout [90m(file:///Users/farahgalaria/Documents/Repositories/Code/Applications/bebocard/bebocard_backend/[39mnode_modules/[4m@vitest[24m/runner/dist/chunk-artifact.js:2262:10[90m)[39m
    at [90mfile:///Users/farahgalaria/Documents/Repositories/Code/Applications/bebocard/bebocard_backend/[39mnode_modules/[4m@vitest[24m/runner/dist/chunk-artifact.js:2945:64

[90mstdout[2m | amplify/functions/subscription-negotiator/handler.test.ts[2m > [22m[2mbenchmark comparison[2m > [22m[2mprocesses multiple subscriptions in one run
[22m[39m[subscription-negotiator] Found 3 active subscriptions

 [32m✓[39m amplify/functions/subscription-negotiator/handler.test.ts [2m([22m[2m13 tests[22m[2m)[22m[32m 26[2mms[22m[39m
[90mstdout[2m | amplify/functions/card-manager/handler.test.ts[2m > [22m[2mcard-manager privacy tests[2m > [22m[2mrejects unauthenticated requests instantly
[22m[39m{"audit":true,"logId":"01KP1GRYC682RHA21R4N08Z114","timestamp":"2026-04-12T18:55:26.072Z","actor":"anonymous","actorType":"system","action":"rotateQR","resource":"rotateQR","outcome":"failure","errorCode":"Identity missing permULID and owner claim","correlationId":"01KP1GRYBQ1RVGPF88SC8NV676","durationMs":1}

[90mstdout[2m | amplify/functions/card-manager/handler.test.ts[2m > [22m[2mcard-manager privacy tests[2m > [22m[2mrotateQR safely generates new ULID and rotates atomicity
[22m[39m{"audit":true,"logId":"01KP1GRYCEPRWAGKSKF4JS6721","timestamp":"2026-04-12T18:55:26.094Z","actor":"perm-ulid-123","actorType":"user","action":"rotateQR","resource":"rotateQR","outcome":"success","correlationId":"01KP1GRYC9Y8SX6XM0PMY0YWQQ","durationMs":5}

[90mstdout[2m | amplify/functions/card-manager/handler.test.ts[2m > [22m[2mgift card marketplace (Phase 13)[2m > [22m[2mpurchaseGiftCard creates PENDING order record
[22m[39m{"audit":true,"logId":"01KP1GRYCEPRWAGKSKF4JS6723","timestamp":"2026-04-12T18:55:26.094Z","actor":"test-perm","actorType":"user","action":"purchaseGiftCard","resource":"woolworths","outcome":"success","correlationId":"01KP1GRYCEPRWAGKSKF4JS6722","durationMs":0}

[90mstdout[2m | amplify/functions/card-manager/handler.test.ts[2m > [22m[2mgift card marketplace (Phase 13)[2m > [22m[2msyncGiftCardBalance returns synced:false when no balance webhook configured
[22m[39m{"audit":true,"logId":"01KP1GRYCFD0AT9Q4F0R3R90HV","timestamp":"2026-04-12T18:55:26.095Z","actor":"test-perm","actorType":"user","action":"syncGiftCardBalance","resource":"GIFTCARD#delivery-01","outcome":"success","correlationId":"01KP1GRYCEPRWAGKSKF4JS6724","durationMs":1}

[90mstdout[2m | amplify/functions/card-manager/handler.test.ts[2m > [22m[2mgift card marketplace (Phase 13)[2m > [22m[2msyncGiftCardBalance throws when gift card not found
[22m[39m{"audit":true,"logId":"01KP1GRYCFD0AT9Q4F0R3R90HX","timestamp":"2026-04-12T18:55:26.095Z","actor":"test-perm","actorType":"user","action":"syncGiftCardBalance","resource":"GIFTCARD#nonexistent","outcome":"failure","errorCode":"Gift card not found","correlationId":"01KP1GRYCFD0AT9Q4F0R3R90HW","durationMs":0}

[90mstdout[2m | amplify/functions/card-manager/handler.test.ts[2m > [22m[2mgift card marketplace (Phase 13)[2m > [22m[2msyncGiftCardBalance persists updated balance and lastBalanceSync when webhook succeeds
[22m[39m{"audit":true,"logId":"01KP1GRYCG2556HNX0HHG1T4XG","timestamp":"2026-04-12T18:55:26.096Z","actor":"test-perm","actorType":"user","action":"syncGiftCardBalance","resource":"GIFTCARD#delivery-01","outcome":"success","correlationId":"01KP1GRYCFD0AT9Q4F0R3R90HY","durationMs":1}

[90mstdout[2m | amplify/functions/card-manager/handler.test.ts[2m > [22m[2moffer snooze (Phase 19)[2m > [22m[2mstores brand-level offer snooze on the subscription record desc
[22m[39m{"audit":true,"logId":"01KP1GRYCG2556HNX0HHG1T4XJ","timestamp":"2026-04-12T18:55:26.096Z","actor":"woolworths","actorType":"brand","action":"offer.snoozed","resource":"SUBSCRIPTION#woolworths","outcome":"success","metadata":{"until":"2026-05-01T00:00:00.000Z"},"correlationId":"01KP1GRYCG2556HNX0HHG1T4XJ"}

[90mstdout[2m | amplify/functions/card-manager/handler.test.ts[2m > [22m[2moffer snooze (Phase 19)[2m > [22m[2mstores brand-level offer snooze on the subscription record desc
[22m[39m{"audit":true,"logId":"01KP1GRYCHAEX35WGN3SACJ10Z","timestamp":"2026-04-12T18:55:26.097Z","actor":"test-perm","actorType":"user","action":"snoozeOffers","resource":"woolworths","outcome":"success","correlationId":"01KP1GRYCG2556HNX0HHG1T4XH","durationMs":1}

[90mstdout[2m | amplify/functions/card-manager/handler.test.ts[2m > [22m[2moffer snooze (Phase 19)[2m > [22m[2mstores global offer snooze on the preferences desc
[22m[39m{"audit":true,"logId":"01KP1GRYCHAEX35WGN3SACJ111","timestamp":"2026-04-12T18:55:26.097Z","actor":"test-perm","actorType":"user","action":"snoozeOffers","resource":"snoozeOffers","outcome":"success","correlationId":"01KP1GRYCHAEX35WGN3SACJ110","durationMs":0}

[90mstdout[2m | amplify/functions/card-manager/handler.test.ts[2m > [22m[2mrotateQR (Phase 10)[2m > [22m[2mfull happy path: reads IDENTITY, creates new SCAN index, revokes old, updates IDENTITY, writes rotation log
[22m[39m{"audit":true,"logId":"01KP1GRYCHAEX35WGN3SACJ113","timestamp":"2026-04-12T18:55:26.097Z","actor":"test-perm","actorType":"user","action":"rotateQR","resource":"rotateQR","outcome":"success","correlationId":"01KP1GRYCHAEX35WGN3SACJ112","durationMs":0}

[90mstdout[2m | amplify/functions/card-manager/handler.test.ts[2m > [22m[2mrotateQR (Phase 10)[2m > [22m[2mdefaults to every_24h frequency when not stored in IDENTITY desc
[22m[39m{"audit":true,"logId":"01KP1GRYCQSC0VTMRBR9AC20W4","timestamp":"2026-04-12T18:55:26.103Z","actor":"test-perm","actorType":"user","action":"rotateQR","resource":"rotateQR","outcome":"success","correlationId":"01KP1GRYCQSC0VTMRBR9AC20W3","durationMs":0}

[90mstdout[2m | amplify/functions/card-manager/handler.test.ts[2m > [22m[2mrotateQR (Phase 10)[2m > [22m[2mthrows when IDENTITY record is missing
[22m[39m{"audit":true,"logId":"01KP1GRYCQSC0VTMRBR9AC20W6","timestamp":"2026-04-12T18:55:26.103Z","actor":"test-perm","actorType":"user","action":"rotateQR","resource":"rotateQR","outcome":"failure","errorCode":"IDENTITY record not found","correlationId":"01KP1GRYCQSC0VTMRBR9AC20W5","durationMs":0}

[90mstdout[2m | amplify/functions/card-manager/handler.test.ts[2m > [22m[2mrotateQR (Phase 10)[2m > [22m[2mhandles concurrent rotation (Race Guard): re-reads identity and returning authoritative values on conflict
[22m[39m{"audit":true,"logId":"01KP1GRYCRXPMPJ9G2QSV6XPQK","timestamp":"2026-04-12T18:55:26.104Z","actor":"test-perm","actorType":"user","action":"rotateQR","resource":"rotateQR","outcome":"success","correlationId":"01KP1GRYCRXPMPJ9G2QSV6XPQJ","durationMs":0}

[90mstdout[2m | amplify/functions/card-manager/handler.test.ts[2m > [22m[2msetRotationFrequency (Phase 10)[2m > [22m[2maccepts valid frequency: every_scan
[22m[39m{"audit":true,"logId":"01KP1GRYCV4XHCGX3VAJEYPFQ1","timestamp":"2026-04-12T18:55:26.107Z","actor":"test-perm","actorType":"user","action":"setRotationFrequency","resource":"setRotationFrequency","outcome":"success","correlationId":"01KP1GRYCV4XHCGX3VAJEYPFQ0","durationMs":0}

[90mstdout[2m | amplify/functions/card-manager/handler.test.ts[2m > [22m[2msetRotationFrequency (Phase 10)[2m > [22m[2maccepts valid frequency: every_24h
[22m[39m{"audit":true,"logId":"01KP1GRYCV4XHCGX3VAJEYPFQ3","timestamp":"2026-04-12T18:55:26.107Z","actor":"test-perm","actorType":"user","action":"setRotationFrequency","resource":"setRotationFrequency","outcome":"success","correlationId":"01KP1GRYCV4XHCGX3VAJEYPFQ2","durationMs":0}

[90mstdout[2m | amplify/functions/card-manager/handler.test.ts[2m > [22m[2msetRotationFrequency (Phase 10)[2m > [22m[2maccepts valid frequency: every_7d
[22m[39m{"audit":true,"logId":"01KP1GRYCWDWG5QJ24S01KHXWT","timestamp":"2026-04-12T18:55:26.108Z","actor":"test-perm","actorType":"user","action":"setRotationFrequency","resource":"setRotationFrequency","outcome":"success","correlationId":"01KP1GRYCWDWG5QJ24S01KHXWS","durationMs":0}

[90mstdout[2m | amplify/functions/card-manager/handler.test.ts[2m > [22m[2msetRotationFrequency (Phase 10)[2m > [22m[2maccepts valid frequency: manual
[22m[39m{"audit":true,"logId":"01KP1GRYCWDWG5QJ24S01KHXWW","timestamp":"2026-04-12T18:55:26.108Z","actor":"test-perm","actorType":"user","action":"setRotationFrequency","resource":"setRotationFrequency","outcome":"success","correlationId":"01KP1GRYCWDWG5QJ24S01KHXWV","durationMs":0}

[90mstdout[2m | amplify/functions/card-manager/handler.test.ts[2m > [22m[2msetRotationFrequency (Phase 10)[2m > [22m[2mthrows for an invalid frequency value
[22m[39m{"audit":true,"logId":"01KP1GRYCXFJVW9T049VJ27VVD","timestamp":"2026-04-12T18:55:26.109Z","actor":"test-perm","actorType":"user","action":"setRotationFrequency","resource":"setRotationFrequency","outcome":"failure","errorCode":"Invalid frequency. Must be one of: every_scan, every_24h, every_7d, manual","correlationId":"01KP1GRYCWDWG5QJ24S01KHXWX","durationMs":1}

[90mstdout[2m | amplify/functions/billing-run-handler/handler.test.ts[2m > [22m[2mbilling-run-handler[2m > [22m[2mreports the previous calendar month
[22m[39m[billing-run] Day: 2026-04-12, Month: 2026-04, FirstOfMonth: false

[90mstdout[2m | amplify/functions/billing-run-handler/handler.test.ts[2m > [22m[2mbilling-run-handler[2m > [22m[2mreports the previous calendar month
[22m[39m[billing-run] 0 active tenants
[billing-run] Complete: processedCount=0 total=0

[90mstdout[2m | amplify/functions/billing-run-handler/handler.test.ts[2m > [22m[2mbilling-run-handler[2m > [22m[2mmarks SKIPPED and sends summary email when usage is within quota
[22m[39m[billing-run] Day: 2026-04-12, Month: 2026-04, FirstOfMonth: false

[90mstdout[2m | amplify/functions/billing-run-handler/handler.test.ts[2m > [22m[2mbilling-run-handler[2m > [22m[2mmarks SKIPPED and sends summary email when usage is within quota
[22m[39m[billing-run] 1 active tenants

[90mstdout[2m | amplify/functions/billing-run-handler/handler.test.ts[2m > [22m[2mbilling-run-handler[2m > [22m[2mmarks SKIPPED and sends summary email when usage is within quota
[22m[39m[billing-run] Complete: processedCount=1 total=1

[90mstdout[2m | amplify/functions/billing-run-handler/handler.test.ts[2m > [22m[2mbilling-run-handler[2m > [22m[2mcreates Stripe invoice items for overage and marks INVOICED
[22m[39m[billing-run] Day: 2026-04-12, Month: 2026-04, FirstOfMonth: false

[90mstdout[2m | amplify/functions/billing-run-handler/handler.test.ts[2m > [22m[2mbilling-run-handler[2m > [22m[2mcreates Stripe invoice items for overage and marks INVOICED
[22m[39m[billing-run] 1 active tenants

[90mstderr[2m | amplify/functions/billing-run-handler/handler.test.ts[2m > [22m[2mbilling-run-handler[2m > [22m[2mcreates Stripe invoice items for overage and marks INVOICED
[22m[39m[billing-run] Quota EXCEEDED for tenant-1 (2840/2500)

[90mstdout[2m | amplify/functions/billing-run-handler/handler.test.ts[2m > [22m[2mbilling-run-handler[2m > [22m[2mcreates Stripe invoice items for overage and marks INVOICED
[22m[39m[billing-run] Complete: processedCount=1 total=1

[90mstdout[2m | amplify/functions/billing-run-handler/handler.test.ts[2m > [22m[2mbilling-run-handler[2m > [22m[2mStripe invoice item description includes category, count and rate
[22m[39m[billing-run] Day: 2026-04-12, Month: 2026-04, FirstOfMonth: false

[90mstdout[2m | amplify/functions/billing-run-handler/handler.test.ts[2m > [22m[2mbilling-run-handler[2m > [22m[2mStripe invoice item description includes category, count and rate
[22m[39m[billing-run] 1 active tenants

[90mstderr[2m | amplify/functions/billing-run-handler/handler.test.ts[2m > [22m[2mbilling-run-handler[2m > [22m[2mStripe invoice item description includes category, count and rate
[22m[39m[billing-run] Quota EXCEEDED for tenant-1 (3000/2500)

[90mstdout[2m | amplify/functions/billing-run-handler/handler.test.ts[2m > [22m[2mbilling-run-handler[2m > [22m[2mStripe invoice item description includes category, count and rate
[22m[39m[billing-run] Complete: processedCount=1 total=1

[90mstdout[2m | amplify/functions/card-manager/handler.test.ts[2m > [22m[2maddManualSubscription (Phase 14)[2m > [22m[2mwrites RECURRING#manual# record to USER_TABLE
[22m[39m{"audit":true,"logId":"01KP1GRYDNY5E81X5BPCV5NC82","timestamp":"2026-04-12T18:55:26.133Z","actor":"test-perm","actorType":"user","action":"addManualSubscription","resource":"addManualSubscription","outcome":"success","correlationId":"01KP1GRYDCB12S16CZEZBEP7XR","durationMs":9}

[90mstdout[2m | amplify/functions/card-manager/handler.test.ts[2m > [22m[2maddManualSubscription (Phase 14)[2m > [22m[2mdefaults currency to AUD when not provided
[22m[39m{"audit":true,"logId":"01KP1GRYDPPQ914KK6WG62M7E6","timestamp":"2026-04-12T18:55:26.134Z","actor":"test-perm","actorType":"user","action":"addManualSubscription","resource":"addManualSubscription","outcome":"success","correlationId":"01KP1GRYDPPQ914KK6WG62M7E5","durationMs":0}

[90mstdout[2m | amplify/functions/card-manager/handler.test.ts[2m > [22m[2mcancelRecurring (Phase 14)[2m > [22m[2mdelegates to cancelSubscription and returns CANCELLED_BY_USER status
[22m[39m{"audit":true,"logId":"01KP1GRYDPPQ914KK6WG62M7E8","timestamp":"2026-04-12T18:55:26.134Z","actor":"test-perm","actorType":"user","action":"cancelRecurring","resource":"netflix","outcome":"success","correlationId":"01KP1GRYDPPQ914KK6WG62M7E7","durationMs":0}

[90mstderr[2m | amplify/functions/tenant-analytics/handler.test.ts[2m > [22m[2mtenant-analytics handler[2m > [22m[2mreturns 401 when extractApiKey returns null
[22m[39m[tenant-analytics] Legacy unversioned request to /analytics/segments. Redirecting to /v1/analytics/segments

[90mstdout[2m | amplify/functions/card-manager/handler.test.ts[2m > [22m[2mupdatePreferences (Phase 14)[2m > [22m[2mmerges reminder toggles into PREFERENCES record
[22m[39m{"audit":true,"logId":"01KP1GRYDQH7H5V01RE8AZ8TVX","timestamp":"2026-04-12T18:55:26.135Z","actor":"test-perm","actorType":"user","action":"updatePreferences","resource":"updatePreferences","outcome":"success","correlationId":"01KP1GRYDQH7H5V01RE8AZ8TVW","durationMs":0}

[90mstdout[2m | amplify/functions/card-manager/handler.test.ts[2m > [22m[2minvoice usage tracking (Phase 20)[2m > [22m[2mincrements tenant invoice usage when invoice is created for a tenant brand
[22m[39m{"audit":true,"logId":"01KP1GRYDTG103TE6CRVTSEEFW","timestamp":"2026-04-12T18:55:26.138Z","actor":"test-perm","actorType":"user","action":"addInvoice","resource":"woolworths","outcome":"success","correlationId":"01KP1GRYDQH7H5V01RE8AZ8TVY","durationMs":3}

 [31m❯[39m amplify/functions/card-manager/handler.test.ts [2m([22m[2m22 tests[22m[2m | [22m[31m1 failed[39m[2m)[22m[32m 70[2mms[22m[39m
     [32m✓[39m rejects unauthenticated requests instantly[32m 19[2mms[22m[39m
     [32m✓[39m rotateQR safely generates new ULID and rotates atomicity[32m 5[2mms[22m[39m
     [32m✓[39m purchaseGiftCard creates PENDING order record[32m 0[2mms[22m[39m
     [32m✓[39m syncGiftCardBalance returns synced:false when no balance webhook configured[32m 0[2mms[22m[39m
     [32m✓[39m syncGiftCardBalance throws when gift card not found[32m 0[2mms[22m[39m
     [32m✓[39m syncGiftCardBalance persists updated balance and lastBalanceSync when webhook succeeds[32m 1[2mms[22m[39m
     [32m✓[39m stores brand-level offer snooze on the subscription record desc[32m 1[2mms[22m[39m
     [32m✓[39m stores global offer snooze on the preferences desc[32m 0[2mms[22m[39m
[31m     [31m×[31m full happy path: reads IDENTITY, creates new SCAN index, revokes old, updates IDENTITY, writes rotation log[39m[32m 6[2mms[22m[39m
     [32m✓[39m defaults to every_24h frequency when not stored in IDENTITY desc[32m 0[2mms[22m[39m
     [32m✓[39m throws when IDENTITY record is missing[32m 0[2mms[22m[39m
     [32m✓[39m handles concurrent rotation (Race Guard): re-reads identity and returning authoritative values on conflict[32m 3[2mms[22m[39m
     [32m✓[39m accepts valid frequency: every_scan[32m 1[2mms[22m[39m
     [32m✓[39m accepts valid frequency: every_24h[32m 0[2mms[22m[39m
     [32m✓[39m accepts valid frequency: every_7d[32m 0[2mms[22m[39m
     [32m✓[39m accepts valid frequency: manual[32m 0[2mms[22m[39m
     [32m✓[39m throws for an invalid frequency value[32m 1[2mms[22m[39m
     [32m✓[39m writes RECURRING#manual# record to USER_TABLE[32m 25[2mms[22m[39m
     [32m✓[39m defaults currency to AUD when not provided[32m 0[2mms[22m[39m
     [32m✓[39m delegates to cancelSubscription and returns CANCELLED_BY_USER status[32m 1[2mms[22m[39m
     [32m✓[39m merges reminder toggles into PREFERENCES record[32m 0[2mms[22m[39m
     [32m✓[39m increments tenant invoice usage when invoice is created for a tenant brand[32m 3[2mms[22m[39m
[90mstderr[2m | amplify/functions/tenant-analytics/handler.test.ts[2m > [22m[2mtenant-analytics handler[2m > [22m[2mreturns 401 when the byKeyId GSI returns no items
[22m[39m[tenant-analytics] Legacy unversioned request to /analytics/segments. Redirecting to /v1/analytics/segments

[90mstderr[2m | amplify/functions/tenant-analytics/handler.test.ts[2m > [22m[2mtenant-analytics handler[2m > [22m[2mreturns 403 when requested brandId is not in tenant brandIds
[22m[39m[tenant-analytics] Legacy unversioned request to /analytics/segments. Redirecting to /v1/analytics/segments

[90mstderr[2m | amplify/functions/tenant-analytics/handler.test.ts[2m > [22m[2mtenant-analytics handler[2m > [22m[2mreturns 403 when "segments" is not in tenant allowedScopes
[22m[39m[tenant-analytics] Legacy unversioned request to /analytics/segments. Redirecting to /v1/analytics/segments

[90mstderr[2m | amplify/functions/tenant-analytics/handler.test.ts[2m > [22m[2mtenant-analytics handler[2m > [22m[2mreturns 404 for an unknown route
[22m[39m[tenant-analytics] Legacy unversioned request to /analytics/unknown. Redirecting to /v1/analytics/unknown

[90mstderr[2m | amplify/functions/scan-handler/handler.test.ts[2m > [22m[2mPOST /scan[2m > [22m[2mreturns 401 if API key is missing
[22m[39m[scan-handler] Legacy unversioned request to /scan. Redirecting to /v1/scan

[90mstderr[2m | amplify/functions/tenant-analytics/handler.test.ts[2m > [22m[2mtenant-analytics handler[2m > [22m[2mreturns 200 with zeroed distributions when subscriberCount < minCohortThreshold
[22m[39m[tenant-analytics] Legacy unversioned request to /analytics/segments. Redirecting to /v1/analytics/segments

[90mstderr[2m | amplify/functions/tenant-analytics/handler.test.ts[2m > [22m[2mtenant-analytics handler[2m > [22m[2mreturns 200 with correct proportions when subscriberCount >= minCohortThreshold
[22m[39m[tenant-analytics] Legacy unversioned request to /analytics/segments. Redirecting to /v1/analytics/segments

[90mstderr[2m | amplify/functions/tenant-analytics/handler.test.ts[2m > [22m[2mtenant-analytics handler[2m > [22m[2mfilters out items where subscribed=false from distributions
[22m[39m[tenant-analytics] Legacy unversioned request to /analytics/segments. Redirecting to /v1/analytics/segments

[90mstderr[2m | amplify/functions/tenant-analytics/handler.test.ts[2m > [22m[2mtenant-analytics handler[2m > [22m[2mfollows pagination (LastEvaluatedKey) to collect all segment items
[22m[39m[tenant-analytics] Legacy unversioned request to /analytics/segments. Redirecting to /v1/analytics/segments

[90mstderr[2m | amplify/functions/tenant-analytics/handler.test.ts[2m > [22m[2mtenant-analytics handler[2m > [22m[2mreturns 400 when brandId query param is absent
[22m[39m[tenant-analytics] Legacy unversioned request to /analytics/segments. Redirecting to /v1/analytics/segments

[90mstderr[2m | amplify/functions/tenant-analytics/handler.test.ts[2m > [22m[2mtenant-analytics handler[2m > [22m[2mreturns 401 when tenant key has status REVOKED
[22m[39m[tenant-analytics] Legacy unversioned request to /analytics/segments. Redirecting to /v1/analytics/segments

[90mstderr[2m | amplify/functions/tenant-analytics/handler.test.ts[2m > [22m[2mtenant-analytics handler[2m > [22m[2mreturns 401 when desc.keyHash does not match SHA256 of rawKey
[22m[39m[tenant-analytics] Legacy unversioned request to /analytics/segments. Redirecting to /v1/analytics/segments

[90mstdout[2m | amplify/functions/billing-run-handler/handler.test.ts[2m > [22m[2mbilling-run-handler[2m > [22m[2mskips a tenant already INVOICED for the month
[22m[39m[billing-run] Day: 2026-04-12, Month: 2026-04, FirstOfMonth: false

[90mstdout[2m | amplify/functions/billing-run-handler/handler.test.ts[2m > [22m[2mbilling-run-handler[2m > [22m[2mskips a tenant already INVOICED for the month
[22m[39m[billing-run] 1 active tenants

[90mstderr[2m | amplify/functions/billing-run-handler/handler.test.ts[2m > [22m[2mbilling-run-handler[2m > [22m[2mskips a tenant already INVOICED for the month
[22m[39m[billing-run] Quota EXCEEDED for tenant-1 (5000/2500)

[90mstdout[2m | amplify/functions/billing-run-handler/handler.test.ts[2m > [22m[2mbilling-run-handler[2m > [22m[2mskips a tenant already INVOICED for the month
[22m[39m[billing-run] Complete: processedCount=1 total=1

[90mstderr[2m | amplify/functions/tenant-analytics/handler.test.ts[2m > [22m[2mtenant-analytics handler[2m > [22m[2mreturns 401 when resolved key record has a BRAND# pK instead of TENANT#
[22m[39m[tenant-analytics] Legacy unversioned request to /analytics/segments. Redirecting to /v1/analytics/segments

[90mstderr[2m | amplify/functions/tenant-analytics/handler.test.ts[2m > [22m[2mtenant-analytics handler[2m > [22m[2mresponse body includes brandId, period, subscriberCount, spendDistribution, visitFrequency
[22m[39m[tenant-analytics] Legacy unversioned request to /analytics/segments. Redirecting to /v1/analytics/segments

[90mstderr[2m | amplify/functions/scan-handler/handler.test.ts[2m > [22m[2mPOST /scan[2m > [22m[2mreturns 401 if API key is invalid
[22m[39m[scan-handler] Legacy unversioned request to /scan. Redirecting to /v1/scan

[90mstderr[2m | amplify/functions/tenant-analytics/handler.test.ts[2m > [22m[2mtenant-analytics handler[2m > [22m[2mreturns 401 when rawKey does not start with bebo_
[22m[39m[tenant-analytics] Legacy unversioned request to /analytics/segments. Redirecting to /v1/analytics/segments

[90mstderr[2m | amplify/functions/scan-handler/handler.test.ts[2m > [22m[2mPOST /scan[2m > [22m[2mreturns 400 if secondaryULID is missing
[22m[39m[scan-handler] Legacy unversioned request to /scan. Redirecting to /v1/scan

[90mstderr[2m | amplify/functions/scan-handler/handler.test.ts[2m > [22m[2mPOST /scan[2m > [22m[2mreturns 400 if storeBrandLoyaltyName is missing
[22m[39m[scan-handler] Legacy unversioned request to /scan. Redirecting to /v1/scan

[90mstderr[2m | amplify/functions/scan-handler/handler.test.ts[2m > [22m[2mPOST /scan[2m > [22m[2mreturns 403 if brand name does not match API key brandId
[22m[39m[scan-handler] Legacy unversioned request to /scan. Redirecting to /v1/scan

[90mstderr[2m | amplify/functions/scan-handler/handler.test.ts[2m > [22m[2mPOST /scan[2m > [22m[2mreturns 404 if SCAN# record not found in AdminDataEvent
[22m[39m[scan-handler] Legacy unversioned request to /scan. Redirecting to /v1/scan

[90mstderr[2m | amplify/functions/scan-handler/handler.test.ts[2m > [22m[2mPOST /scan[2m > [22m[2mreturns 404 if SCAN# record is REVOKED
[22m[39m[scan-handler] Legacy unversioned request to /scan. Redirecting to /v1/scan

[90mstderr[2m | amplify/functions/scan-handler/handler.test.ts[2m > [22m[2mPOST /scan[2m > [22m[2mreturns { hasLoyaltyCard: false } if user has no cards for this brand
[22m[39m[scan-handler] Legacy unversioned request to /scan. Redirecting to /v1/scan

[90mstderr[2m | amplify/functions/scan-handler/handler.test.ts[2m > [22m[2mPOST /scan[2m > [22m[2msends CARD_SUGGESTION push when no card exists and suggestion is not deduped
[22m[39m[scan-handler] Legacy unversioned request to /scan. Redirecting to /v1/scan

[90mstderr[2m | amplify/functions/scan-handler/handler.test.ts[2m > [22m[2mPOST /scan[2m > [22m[2mreturns loyaltyId for the default card
[22m[39m[scan-handler] Legacy unversioned request to /scan. Redirecting to /v1/scan

[90mstderr[2m | amplify/functions/scan-handler/handler.test.ts[2m > [22m[2mPOST /scan[2m > [22m[2mincludes tier and spendBucket when SUBSCRIPTION is ACTIVE
[22m[39m[scan-handler] Legacy unversioned request to /scan. Redirecting to /v1/scan

[90mstderr[2m | amplify/functions/scan-handler/handler.test.ts[2m > [22m[2mPOST /scan[2m > [22m[2mreturns the authoritative receiptSK when a concurrent retry already created the sentinel
[22m[39m[scan-handler] Legacy unversioned request to /receipt. Redirecting to /v1/receipt

[90mstderr[2m | amplify/functions/scan-handler/handler.test.ts[2m > [22m[2mPOST /scan[2m > [22m[2momits tier and spendBucket when no subscription exists
[22m[39m[scan-handler] Legacy unversioned request to /scan. Redirecting to /v1/scan

[90mstderr[2m | amplify/functions/scan-handler/handler.test.ts[2m > [22m[2mPOST /receipt[2m > [22m[2mreturns 401 if API key is missing
[22m[39m[scan-handler] Legacy unversioned request to /receipt. Redirecting to /v1/receipt

[90mstderr[2m | amplify/functions/scan-handler/handler.test.ts[2m > [22m[2mPOST /receipt[2m > [22m[2mreturns 400 if merchant is missing
[22m[39m[scan-handler] Legacy unversioned request to /receipt. Redirecting to /v1/receipt

[90mstderr[2m | amplify/functions/scan-handler/handler.test.ts[2m > [22m[2mPOST /receipt[2m > [22m[2mreturns 400 if amount is missing
[22m[39m[scan-handler] Legacy unversioned request to /receipt. Redirecting to /v1/receipt

[90mstderr[2m | amplify/functions/scan-handler/handler.test.ts[2m > [22m[2mPOST /receipt[2m > [22m[2mreturns 403 if receipt brandId does not match key brandId
[22m[39m[scan-handler] Legacy unversioned request to /receipt. Redirecting to /v1/receipt

[90mstderr[2m | amplify/functions/scan-handler/handler.test.ts[2m > [22m[2mPOST /receipt[2m > [22m[2mreturns 200 idempotent response if RECEIPT_IDEM# already exists
[22m[39m[scan-handler] Legacy unversioned request to /receipt. Redirecting to /v1/receipt

[90mstderr[2m | amplify/functions/scan-handler/handler.test.ts[2m > [22m[2mPOST /receipt[2m > [22m[2msaves receipt with correct schema to UserDataEvent
[22m[39m[scan-handler] Legacy unversioned request to /receipt. Redirecting to /v1/receipt

[90mstderr[2m | amplify/functions/scan-handler/handler.test.ts[2m > [22m[2mPOST /receipt[2m > [22m[2mFCM failure does not fail the receipt save
[22m[39m[scan-handler] Legacy unversioned request to /receipt. Redirecting to /v1/receipt

[90mstderr[2m | amplify/functions/scan-handler/handler.test.ts[2m > [22m[2munknown route[2m > [22m[2mreturns 404 for unknown path
[22m[39m[scan-handler] Legacy unversioned request to /unknown-path. Redirecting to /v1/unknown-path

[90mstderr[2m | amplify/functions/tenant-analytics/handler.test.ts[2m > [22m[2mtenant-analytics handler[2m > [22m[2mreturns 401 when rawKey has no dot separator (invalid format)
[22m[39m[tenant-analytics] Legacy unversioned request to /analytics/segments. Redirecting to /v1/analytics/segments

[90mstderr[2m | amplify/functions/tenant-analytics/handler.test.ts[2m > [22m[2mGET /analytics/subscriber-count[2m > [22m[2mreturns 403 when subscriber_count is not in tenant allowedScopes
[22m[39m[tenant-analytics] Legacy unversioned request to /analytics/subscriber-count. Redirecting to /v1/analytics/subscriber-count

[90mstderr[2m | amplify/functions/tenant-analytics/handler.test.ts[2m > [22m[2mGET /analytics/subscriber-count[2m > [22m[2mreturns 403 when brandId is not in tenant brandIds
[22m[39m[tenant-analytics] Legacy unversioned request to /analytics/subscriber-count. Redirecting to /v1/analytics/subscriber-count

[90mstderr[2m | amplify/functions/tenant-analytics/handler.test.ts[2m > [22m[2mGET /analytics/subscriber-count[2m > [22m[2mreturns 400 when brandId query param is absent
[22m[39m[tenant-analytics] Legacy unversioned request to /analytics/subscriber-count. Redirecting to /v1/analytics/subscriber-count

[90mstderr[2m | amplify/functions/tenant-analytics/handler.test.ts[2m > [22m[2mGET /analytics/subscriber-count[2m > [22m[2mreturns 200 with subscriberCount from COUNT response
[22m[39m[tenant-analytics] Legacy unversioned request to /analytics/subscriber-count. Redirecting to /v1/analytics/subscriber-count

[90mstdout[2m | amplify/functions/billing-run-handler/handler.test.ts[2m > [22m[2mbilling-run-handler[2m > [22m[2mmarks SKIPPED when tenant has no stripeCustomerId
[22m[39m[billing-run] Day: 2026-04-12, Month: 2026-04, FirstOfMonth: false

[90mstdout[2m | amplify/functions/billing-run-handler/handler.test.ts[2m > [22m[2mbilling-run-handler[2m > [22m[2mmarks SKIPPED when tenant has no stripeCustomerId
[22m[39m[billing-run] 1 active tenants

[90mstderr[2m | amplify/functions/billing-run-handler/handler.test.ts[2m > [22m[2mbilling-run-handler[2m > [22m[2mmarks SKIPPED when tenant has no stripeCustomerId
[22m[39m[billing-run] Quota EXCEEDED for tenant-1 (5000/2500)

[90mstdout[2m | amplify/functions/billing-run-handler/handler.test.ts[2m > [22m[2mbilling-run-handler[2m > [22m[2mmarks SKIPPED when tenant has no stripeCustomerId
[22m[39m[billing-run] Complete: processedCount=1 total=1

[90mstdout[2m | amplify/functions/billing-run-handler/handler.test.ts[2m > [22m[2mbilling-run-handler[2m > [22m[2menterprise tenant never overages (999M included events)
[22m[39m[billing-run] Day: 2026-04-12, Month: 2026-04, FirstOfMonth: false

[90mstdout[2m | amplify/functions/billing-run-handler/handler.test.ts[2m > [22m[2mbilling-run-handler[2m > [22m[2menterprise tenant never overages (999M included events)
[22m[39m[billing-run] 1 active tenants

[90mstdout[2m | amplify/functions/billing-run-handler/handler.test.ts[2m > [22m[2mbilling-run-handler[2m > [22m[2menterprise tenant never overages (999M included events)
[22m[39m[billing-run] Complete: processedCount=1 total=1

[90mstdout[2m | amplify/functions/billing-run-handler/handler.test.ts[2m > [22m[2mbilling-run-handler[2m > [22m[2mbase tier: invoices and geolocation do NOT count toward billable total
[22m[39m[billing-run] Day: 2026-04-12, Month: 2026-04, FirstOfMonth: false

[90mstdout[2m | amplify/functions/billing-run-handler/handler.test.ts[2m > [22m[2mbilling-run-handler[2m > [22m[2mbase tier: invoices and geolocation do NOT count toward billable total
[22m[39m[billing-run] 1 active tenants

[90mstdout[2m | amplify/functions/billing-run-handler/handler.test.ts[2m > [22m[2mbilling-run-handler[2m > [22m[2mbase tier: invoices and geolocation do NOT count toward billable total
[22m[39m[billing-run] Quota warning (80%+) for tenant-1 (200/250)

[90mstdout[2m | amplify/functions/billing-run-handler/handler.test.ts[2m > [22m[2mbilling-run-handler[2m > [22m[2mbase tier: invoices and geolocation do NOT count toward billable total
[22m[39m[billing-run] Complete: processedCount=1 total=1

[90mstdout[2m | amplify/functions/billing-run-handler/handler.test.ts[2m > [22m[2mbilling-run-handler[2m > [22m[2mengagement tier: invoices and geolocation count toward billable total
[22m[39m[billing-run] Day: 2026-04-12, Month: 2026-04, FirstOfMonth: false

[90mstdout[2m | amplify/functions/billing-run-handler/handler.test.ts[2m > [22m[2mbilling-run-handler[2m > [22m[2mengagement tier: invoices and geolocation count toward billable total
[22m[39m[billing-run] 1 active tenants

[90mstdout[2m | amplify/functions/billing-run-handler/handler.test.ts[2m > [22m[2mbilling-run-handler[2m > [22m[2mengagement tier: invoices and geolocation count toward billable total
[22m[39m[billing-run] Quota warning (80%+) for tenant-1 (2000/2500)

[90mstdout[2m | amplify/functions/billing-run-handler/handler.test.ts[2m > [22m[2mbilling-run-handler[2m > [22m[2mengagement tier: invoices and geolocation count toward billable total
[22m[39m[billing-run] Complete: processedCount=1 total=1

[90mstdout[2m | amplify/functions/billing-run-handler/handler.test.ts[2m > [22m[2mbilling-run-handler[2m > [22m[2mconsent overage on intelligence tier uses $0.15 rate
[22m[39m[billing-run] Day: 2026-04-12, Month: 2026-04, FirstOfMonth: false

[90mstdout[2m | amplify/functions/billing-run-handler/handler.test.ts[2m > [22m[2mbilling-run-handler[2m > [22m[2mconsent overage on intelligence tier uses $0.15 rate
[22m[39m[billing-run] 1 active tenants

[90mstdout[2m | amplify/functions/billing-run-handler/handler.test.ts[2m > [22m[2mbilling-run-handler[2m > [22m[2mconsent overage on intelligence tier uses $0.15 rate
[22m[39m[billing-run] Complete: processedCount=1 total=1

[90mstdout[2m | amplify/functions/billing-run-handler/handler.test.ts[2m > [22m[2mbilling-run-handler[2m > [22m[2mreturns zero totals when no active tenants
[22m[39m[billing-run] Day: 2026-04-12, Month: 2026-04, FirstOfMonth: false

[90mstdout[2m | amplify/functions/billing-run-handler/handler.test.ts[2m > [22m[2mbilling-run-handler[2m > [22m[2mreturns zero totals when no active tenants
[22m[39m[billing-run] 0 active tenants
[billing-run] Complete: processedCount=0 total=0

[90mstdout[2m | amplify/functions/billing-run-handler/handler.test.ts[2m > [22m[2mbilling-run-handler[2m > [22m[2mcontinues processing remaining tenants if one errors
[22m[39m[billing-run] Day: 2026-04-12, Month: 2026-04, FirstOfMonth: false

[90mstdout[2m | amplify/functions/billing-run-handler/handler.test.ts[2m > [22m[2mbilling-run-handler[2m > [22m[2mcontinues processing remaining tenants if one errors
[22m[39m[billing-run] 2 active tenants

[90mstderr[2m | amplify/functions/billing-run-handler/handler.test.ts[2m > [22m[2mbilling-run-handler[2m > [22m[2mcontinues processing remaining tenants if one errors
[22m[39m[billing-run] Error processing tenant-1: Error: DDB timeout
    at [90m/Users/farahgalaria/Documents/Repositories/Code/Applications/bebocard/bebocard_backend/[39mamplify/functions/billing-run-handler/handler.test.ts:287:39
    at [90mfile:///Users/farahgalaria/Documents/Repositories/Code/Applications/bebocard/bebocard_backend/[39mnode_modules/[4m@vitest[24m/runner/dist/chunk-artifact.js:302:11
    at [90mfile:///Users/farahgalaria/Documents/Repositories/Code/Applications/bebocard/bebocard_backend/[39mnode_modules/[4m@vitest[24m/runner/dist/chunk-artifact.js:1893:26
    at [90mfile:///Users/farahgalaria/Documents/Repositories/Code/Applications/bebocard/bebocard_backend/[39mnode_modules/[4m@vitest[24m/runner/dist/chunk-artifact.js:2316:20
    at new Promise (<anonymous>)
    at runWithCancel [90m(file:///Users/farahgalaria/Documents/Repositories/Code/Applications/bebocard/bebocard_backend/[39mnode_modules/[4m@vitest[24m/runner/dist/chunk-artifact.js:2313:10[90m)[39m
    at [90mfile:///Users/farahgalaria/Documents/Repositories/Code/Applications/bebocard/bebocard_backend/[39mnode_modules/[4m@vitest[24m/runner/dist/chunk-artifact.js:2295:20
    at new Promise (<anonymous>)
    at runWithTimeout [90m(file:///Users/farahgalaria/Documents/Repositories/Code/Applications/bebocard/bebocard_backend/[39mnode_modules/[4m@vitest[24m/runner/dist/chunk-artifact.js:2262:10[90m)[39m
    at [90mfile:///Users/farahgalaria/Documents/Repositories/Code/Applications/bebocard/bebocard_backend/[39mnode_modules/[4m@vitest[24m/runner/dist/chunk-artifact.js:2945:64

[90mstdout[2m | amplify/functions/billing-run-handler/handler.test.ts[2m > [22m[2mbilling-run-handler[2m > [22m[2mcontinues processing remaining tenants if one errors
[22m[39m[billing-run] Complete: processedCount=1 total=2

 [31m❯[39m amplify/functions/scan-handler/handler.test.ts [2m([22m[2m21 tests[22m[2m | [22m[31m21 failed[39m[2m)[22m[32m 48[2mms[22m[39m
[31m     [31m×[31m returns 401 if API key is missing[39m[32m 30[2mms[22m[39m
[31m     [31m×[31m returns 401 if API key is invalid[39m[32m 1[2mms[22m[39m
[31m     [31m×[31m returns 400 if secondaryULID is missing[39m[32m 1[2mms[22m[39m
[31m     [31m×[31m returns 400 if storeBrandLoyaltyName is missing[39m[32m 0[2mms[22m[39m
[31m     [31m×[31m returns 403 if brand name does not match API key brandId[39m[32m 1[2mms[22m[39m
[31m     [31m×[31m returns 404 if SCAN# record not found in AdminDataEvent[39m[32m 0[2mms[22m[39m
[31m     [31m×[31m returns 404 if SCAN# record is REVOKED[39m[32m 0[2mms[22m[39m
[31m     [31m×[31m returns { hasLoyaltyCard: false } if user has no cards for this brand[39m[32m 1[2mms[22m[39m
[31m     [31m×[31m sends CARD_SUGGESTION push when no card exists and suggestion is not deduped[39m[32m 1[2mms[22m[39m
[31m     [31m×[31m returns loyaltyId for the default card[39m[32m 1[2mms[22m[39m
[31m     [31m×[31m includes tier and spendBucket when SUBSCRIPTION is ACTIVE[39m[32m 1[2mms[22m[39m
[31m     [31m×[31m returns the authoritative receiptSK when a concurrent retry already created the sentinel[39m[32m 1[2mms[22m[39m
[31m     [31m×[31m omits tier and spendBucket when no subscription exists[39m[32m 1[2mms[22m[39m
[31m     [31m×[31m returns 401 if API key is missing[39m[32m 1[2mms[22m[39m
[31m     [31m×[31m returns 400 if merchant is missing[39m[32m 0[2mms[22m[39m
[31m     [31m×[31m returns 400 if amount is missing[39m[32m 0[2mms[22m[39m
[31m     [31m×[31m returns 403 if receipt brandId does not match key brandId[39m[32m 0[2mms[22m[39m
[31m     [31m×[31m returns 200 idempotent response if RECEIPT_IDEM# already exists[39m[32m 0[2mms[22m[39m
[31m     [31m×[31m saves receipt with correct schema to UserDataEvent[39m[32m 1[2mms[22m[39m
[31m     [31m×[31m FCM failure does not fail the receipt save[39m[32m 1[2mms[22m[39m
[31m     [31m×[31m returns 404 for unknown path[39m[32m 1[2mms[22m[39m
 [31m❯[39m amplify/functions/tenant-analytics/handler.test.ts [2m([22m[2m20 tests[22m[2m | [22m[31m20 failed[39m[2m)[22m[32m 106[2mms[22m[39m
[31m     [31m×[31m returns 401 when extractApiKey returns null[39m[32m 62[2mms[22m[39m
[31m     [31m×[31m returns 401 when the byKeyId GSI returns no items[39m[32m 4[2mms[22m[39m
[31m     [31m×[31m returns 403 when requested brandId is not in tenant brandIds[39m[32m 1[2mms[22m[39m
[31m     [31m×[31m returns 403 when "segments" is not in tenant allowedScopes[39m[32m 1[2mms[22m[39m
[31m     [31m×[31m returns 404 for an unknown route[39m[32m 0[2mms[22m[39m
[31m     [31m×[31m returns 200 with zeroed distributions when subscriberCount < minCohortThreshold[39m[32m 2[2mms[22m[39m
[31m     [31m×[31m returns 200 with correct proportions when subscriberCount >= minCohortThreshold[39m[32m 1[2mms[22m[39m
[31m     [31m×[31m filters out items where subscribed=false from distributions[39m[32m 1[2mms[22m[39m
[31m     [31m×[31m follows pagination (LastEvaluatedKey) to collect all segment items[39m[32m 0[2mms[22m[39m
[31m     [31m×[31m returns 400 when brandId query param is absent[39m[32m 7[2mms[22m[39m
[31m     [31m×[31m returns 401 when tenant key has status REVOKED[39m[32m 4[2mms[22m[39m
[31m     [31m×[31m returns 401 when desc.keyHash does not match SHA256 of rawKey[39m[32m 4[2mms[22m[39m
[31m     [31m×[31m returns 401 when resolved key record has a BRAND# pK instead of TENANT#[39m[32m 2[2mms[22m[39m
[31m     [31m×[31m response body includes brandId, period, subscriberCount, spendDistribution, visitFrequency[39m[32m 6[2mms[22m[39m
[31m     [31m×[31m returns 401 when rawKey does not start with bebo_[39m[32m 1[2mms[22m[39m
[31m     [31m×[31m returns 401 when rawKey has no dot separator (invalid format)[39m[32m 1[2mms[22m[39m
[31m     [31m×[31m returns 403 when subscriber_count is not in tenant allowedScopes[39m[32m 0[2mms[22m[39m
[31m     [31m×[31m returns 403 when brandId is not in tenant brandIds[39m[32m 1[2mms[22m[39m
[31m     [31m×[31m returns 400 when brandId query param is absent[39m[32m 0[2mms[22m[39m
[31m     [31m×[31m returns 200 with subscriberCount from COUNT response[39m[32m 0[2mms[22m[39m
 [31m❯[39m amplify/functions/billing-run-handler/handler.test.ts [2m([22m[2m12 tests[22m[2m | [22m[31m11 failed[39m[2m)[22m[32m 113[2mms[22m[39m
[31m     [31m×[31m reports the previous calendar month[39m[32m 12[2mms[22m[39m
[31m     [31m×[31m marks SKIPPED and sends summary email when usage is within quota[39m[32m 5[2mms[22m[39m
[31m     [31m×[31m creates Stripe invoice items for overage and marks INVOICED[39m[32m 2[2mms[22m[39m
[31m     [31m×[31m Stripe invoice item description includes category, count and rate[39m[32m 50[2mms[22m[39m
[31m     [31m×[31m skips a tenant already INVOICED for the month[39m[32m 15[2mms[22m[39m
[31m     [31m×[31m marks SKIPPED when tenant has no stripeCustomerId[39m[32m 10[2mms[22m[39m
[31m     [31m×[31m enterprise tenant never overages (999M included events)[39m[32m 1[2mms[22m[39m
[31m     [31m×[31m base tier: invoices and geolocation do NOT count toward billable total[39m[32m 2[2mms[22m[39m
[31m     [31m×[31m engagement tier: invoices and geolocation count toward billable total[39m[32m 1[2mms[22m[39m
     [32m✓[39m consent overage on intelligence tier uses $0.15 rate[32m 0[2mms[22m[39m
[31m     [31m×[31m returns zero totals when no active tenants[39m[32m 5[2mms[22m[39m
[31m     [31m×[31m continues processing remaining tenants if one errors[39m[32m 4[2mms[22m[39m
[90mstderr[2m | amplify/functions/tenant-linker/handler.test.ts[2m > [22m[2mGET /auth/link/{brandId}[2m > [22m[2mredirects to failure URL when Cognito auth token is invalid
[22m[39mFailed to verify auth token for tenant-linker Error: NotAuthorizedException
    at [90m/Users/farahgalaria/Documents/Repositories/Code/Applications/bebocard/bebocard_backend/[39mamplify/functions/tenant-linker/handler.test.ts:115:39
[90m    at processTicksAndRejections (node:internal/process/task_queues:105:5)[39m
    at [90mfile:///Users/farahgalaria/Documents/Repositories/Code/Applications/bebocard/bebocard_backend/[39mnode_modules/[4m@vitest[24m/runner/dist/chunk-artifact.js:1893:20

[90mstderr[2m | amplify/functions/tenant-linker/handler.test.ts[2m > [22m[2mGET /auth/callback/{brandId}[2m > [22m[2mredirects to failure URL when token exchange fails
[22m[39mToken exchange failed bad_code

[90mstderr[2m | amplify/functions/tenant-linker/handler.test.ts[2m > [22m[2mGET /auth/callback/{brandId}[2m > [22m[2mredirects to failure URL when card fetch fails
[22m[39mCard fetch failed not found

[90mstdout[2m | amplify/functions/tenant-linker/handler.test.ts[2m > [22m[2msubscription consent linking (scope=subscriptions)[2m > [22m[2mreturns 302 to link-success after writing SUBSCRIPTION# consent record
[22m[39m[tenant-linker] Subscription consent granted for woolworths → USER#PERM-001

[90mstderr[2m | amplify/functions/tenant-linker/handler.test.ts[2m > [22m[2msubscription consent linking (scope=subscriptions)[2m > [22m[2mreturns 302 to failure when authToken cannot be verified
[22m[39mFailed to verify auth token for tenant-linker Error: Invalid token
    at [90m/Users/farahgalaria/Documents/Repositories/Code/Applications/bebocard/bebocard_backend/[39mamplify/functions/tenant-linker/handler.test.ts:356:39
    at [90mfile:///Users/farahgalaria/Documents/Repositories/Code/Applications/bebocard/bebocard_backend/[39mnode_modules/[4m@vitest[24m/runner/dist/chunk-artifact.js:302:11
    at [90mfile:///Users/farahgalaria/Documents/Repositories/Code/Applications/bebocard/bebocard_backend/[39mnode_modules/[4m@vitest[24m/runner/dist/chunk-artifact.js:1893:26
    at [90mfile:///Users/farahgalaria/Documents/Repositories/Code/Applications/bebocard/bebocard_backend/[39mnode_modules/[4m@vitest[24m/runner/dist/chunk-artifact.js:2316:20
    at new Promise (<anonymous>)
    at runWithCancel [90m(file:///Users/farahgalaria/Documents/Repositories/Code/Applications/bebocard/bebocard_backend/[39mnode_modules/[4m@vitest[24m/runner/dist/chunk-artifact.js:2313:10[90m)[39m
    at [90mfile:///Users/farahgalaria/Documents/Repositories/Code/Applications/bebocard/bebocard_backend/[39mnode_modules/[4m@vitest[24m/runner/dist/chunk-artifact.js:2295:20
    at new Promise (<anonymous>)
    at runWithTimeout [90m(file:///Users/farahgalaria/Documents/Repositories/Code/Applications/bebocard/bebocard_backend/[39mnode_modules/[4m@vitest[24m/runner/dist/chunk-artifact.js:2262:10[90m)[39m
    at [90mfile:///Users/farahgalaria/Documents/Repositories/Code/Applications/bebocard/bebocard_backend/[39mnode_modules/[4m@vitest[24m/runner/dist/chunk-artifact.js:2945:64

[90mstdout[2m | amplify/functions/tenant-linker/handler.test.ts[2m > [22m[2msubscription consent linking (scope=subscriptions)[2m > [22m[2mstill succeeds for unknown brandId not in BRAND_CONFIG (tenant-registered brand)
[22m[39m[tenant-linker] Subscription consent granted for agl → USER#PERM-001

 [32m✓[39m amplify/functions/tenant-linker/handler.test.ts [2m([22m[2m20 tests[22m[2m)[22m[32m 15[2mms[22m[39m
[90mstdout[2m | amplify/functions/catalog-subscription-sync/handler.test.ts[2m > [22m[2mcatalog-subscription-sync — provider upserts[2m > [22m[2mupserts 18 catalog records and 18 benchmark records (36 PutCommands total)
[22m[39m[catalog-subscription-sync] done upserted=18 errors=0

[90mstdout[2m | amplify/functions/catalog-subscription-sync/handler.test.ts[2m > [22m[2mcatalog-subscription-sync — provider upserts[2m > [22m[2mreturns { upserted: 18, errors: 0 } on clean run
[22m[39m[catalog-subscription-sync] done upserted=18 errors=0

[90mstdout[2m | amplify/functions/catalog-subscription-sync/handler.test.ts[2m > [22m[2mcatalog-subscription-sync — record shape[2m > [22m[2mwrites SUBSCRIPTION_CATALOG# record with correct keys and primaryCat
[22m[39m[catalog-subscription-sync] done upserted=18 errors=0

[90mstdout[2m | amplify/functions/catalog-subscription-sync/handler.test.ts[2m > [22m[2mcatalog-subscription-sync — record shape[2m > [22m[2mwrites BENCHMARK# record with correct keys and benchmarkAmount
[22m[39m[catalog-subscription-sync] done upserted=18 errors=0

[90mstdout[2m | amplify/functions/catalog-subscription-sync/handler.test.ts[2m > [22m[2mcatalog-subscription-sync — record shape[2m > [22m[2meach plan has required fields (planId, name, price, currency, frequency, features)
[22m[39m[catalog-subscription-sync] done upserted=18 errors=0

[90mstdout[2m | amplify/functions/catalog-subscription-sync/handler.test.ts[2m > [22m[2mcatalog-subscription-sync — record shape[2m > [22m[2mall 6 expected categories are represented
[22m[39m[catalog-subscription-sync] done upserted=18 errors=0

[90mstderr[2m | amplify/functions/receipt-processor/handler.test.ts[2m > [22m[2mReceipt Processor Signing (P3-4)[2m > [22m[2msigns receipt with KMS and stores signature in DynamoDB
[22m[39m[receipt-processor] FCM send failed: Error: FIREBASE_SERVICE_ACCOUNT_JSON not set
    at getFirebaseAdmin [90m(/Users/farahgalaria/Documents/Repositories/Code/Applications/bebocard/bebocard_backend/[39mamplify/functions/receipt-processor/handler.ts:33:36[90m)[39m
    at processReceipt [90m(/Users/farahgalaria/Documents/Repositories/Code/Applications/bebocard/bebocard_backend/[39mamplify/functions/receipt-processor/handler.ts:184:13[90m)[39m
[90m    at processTicksAndRejections (node:internal/process/task_queues:105:5)[39m
    at Module.handler [90m(/Users/farahgalaria/Documents/Repositories/Code/Applications/bebocard/bebocard_backend/[39mamplify/functions/receipt-processor/handler.ts:43:7[90m)[39m
    at [90m/Users/farahgalaria/Documents/Repositories/Code/Applications/bebocard/bebocard_backend/[39mamplify/functions/receipt-processor/handler.test.ts:52:5
    at [90mfile:///Users/farahgalaria/Documents/Repositories/Code/Applications/bebocard/bebocard_backend/[39mnode_modules/[4m@vitest[24m/runner/dist/chunk-artifact.js:1893:20

[90mstdout[2m | amplify/functions/catalog-subscription-sync/handler.test.ts[2m > [22m[2mcatalog-subscription-sync — deactivateRemoved[2m > [22m[2mmarks stale catalog records INACTIVE when they no longer appear in the provider list
[22m[39m[catalog-subscription-sync] done upserted=18 errors=0

 [32m✓[39m amplify/functions/receipt-processor/handler.test.ts [2m([22m[2m1 test[22m[2m)[22m[32m 7[2mms[22m[39m
[90mstdout[2m | amplify/functions/catalog-subscription-sync/handler.test.ts[2m > [22m[2mcatalog-subscription-sync — deactivateRemoved[2m > [22m[2mdoes NOT issue UpdateCommand for providers that are still active
[22m[39m[catalog-subscription-sync] done upserted=18 errors=0

[90mstdout[2m | amplify/functions/catalog-subscription-sync/handler.test.ts[2m > [22m[2mcatalog-subscription-sync — deactivateRemoved[2m > [22m[2mhandles paginated scan — deactivates stale record found on second page
[22m[39m[catalog-subscription-sync] done upserted=18 errors=0

[90mstderr[2m | amplify/functions/catalog-subscription-sync/handler.test.ts[2m > [22m[2mcatalog-subscription-sync — error resilience[2m > [22m[2mcontinues processing remaining providers when one upsert fails
[22m[39m[catalog-subscription-sync] error for netflix Error: DynamoDB throttled
    at Object.<anonymous> [90m(/Users/farahgalaria/Documents/Repositories/Code/Applications/bebocard/bebocard_backend/[39mamplify/functions/catalog-subscription-sync/handler.test.ts:246:52[90m)[39m
    at Object.Mock [90m(file:///Users/farahgalaria/Documents/Repositories/Code/Applications/bebocard/bebocard_backend/[39mnode_modules/[4m@vitest[24m/spy/dist/index.js:332:34[90m)[39m
    at upsertCatalog [90m(/Users/farahgalaria/Documents/Repositories/Code/Applications/bebocard/bebocard_backend/[39mamplify/functions/catalog-subscription-sync/handler.ts:354:16[90m)[39m
    at Module.handler [90m(/Users/farahgalaria/Documents/Repositories/Code/Applications/bebocard/bebocard_backend/[39mamplify/functions/catalog-subscription-sync/handler.ts:335:13[90m)[39m
    at [90m/Users/farahgalaria/Documents/Repositories/Code/Applications/bebocard/bebocard_backend/[39mamplify/functions/catalog-subscription-sync/handler.test.ts:251:26
    at [90mfile:///Users/farahgalaria/Documents/Repositories/Code/Applications/bebocard/bebocard_backend/[39mnode_modules/[4m@vitest[24m/runner/dist/chunk-artifact.js:302:11
    at [90mfile:///Users/farahgalaria/Documents/Repositories/Code/Applications/bebocard/bebocard_backend/[39mnode_modules/[4m@vitest[24m/runner/dist/chunk-artifact.js:1893:26
    at [90mfile:///Users/farahgalaria/Documents/Repositories/Code/Applications/bebocard/bebocard_backend/[39mnode_modules/[4m@vitest[24m/runner/dist/chunk-artifact.js:2316:20
    at new Promise (<anonymous>)
    at runWithCancel [90m(file:///Users/farahgalaria/Documents/Repositories/Code/Applications/bebocard/bebocard_backend/[39mnode_modules/[4m@vitest[24m/runner/dist/chunk-artifact.js:2313:10[90m)[39m

[90mstdout[2m | amplify/functions/catalog-subscription-sync/handler.test.ts[2m > [22m[2mcatalog-subscription-sync — error resilience[2m > [22m[2mcontinues processing remaining providers when one upsert fails
[22m[39m[catalog-subscription-sync] done upserted=17 errors=1

[90mstderr[2m | amplify/functions/catalog-subscription-sync/handler.test.ts[2m > [22m[2mcatalog-subscription-sync — error resilience[2m > [22m[2mdoes not throw when all providers error
[22m[39m[catalog-subscription-sync] error for netflix Error: table unavailable
    at Object.<anonymous> [90m(/Users/farahgalaria/Documents/Repositories/Code/Applications/bebocard/bebocard_backend/[39mamplify/functions/catalog-subscription-sync/handler.test.ts:261:29[90m)[39m
    at Object.Mock [90m(file:///Users/farahgalaria/Documents/Repositories/Code/Applications/bebocard/bebocard_backend/[39mnode_modules/[4m@vitest[24m/spy/dist/index.js:332:34[90m)[39m
    at upsertCatalog [90m(/Users/farahgalaria/Documents/Repositories/Code/Applications/bebocard/bebocard_backend/[39mamplify/functions/catalog-subscription-sync/handler.ts:354:16[90m)[39m
    at Module.handler [90m(/Users/farahgalaria/Documents/Repositories/Code/Applications/bebocard/bebocard_backend/[39mamplify/functions/catalog-subscription-sync/handler.ts:335:13[90m)[39m
    at [90m/Users/farahgalaria/Documents/Repositories/Code/Applications/bebocard/bebocard_backend/[39mamplify/functions/catalog-subscription-sync/handler.test.ts:264:26
    at [90mfile:///Users/farahgalaria/Documents/Repositories/Code/Applications/bebocard/bebocard_backend/[39mnode_modules/[4m@vitest[24m/runner/dist/chunk-artifact.js:302:11
    at [90mfile:///Users/farahgalaria/Documents/Repositories/Code/Applications/bebocard/bebocard_backend/[39mnode_modules/[4m@vitest[24m/runner/dist/chunk-artifact.js:1893:26
    at [90mfile:///Users/farahgalaria/Documents/Repositories/Code/Applications/bebocard/bebocard_backend/[39mnode_modules/[4m@vitest[24m/runner/dist/chunk-artifact.js:2316:20
    at new Promise (<anonymous>)
    at runWithCancel [90m(file:///Users/farahgalaria/Documents/Repositories/Code/Applications/bebocard/bebocard_backend/[39mnode_modules/[4m@vitest[24m/runner/dist/chunk-artifact.js:2313:10[90m)[39m

[90mstderr[2m | amplify/functions/catalog-subscription-sync/handler.test.ts[2m > [22m[2mcatalog-subscription-sync — error resilience[2m > [22m[2mdoes not throw when all providers error
[22m[39m[catalog-subscription-sync] error for disney-plus Error: table unavailable
    at Object.<anonymous> [90m(/Users/farahgalaria/Documents/Repositories/Code/Applications/bebocard/bebocard_backend/[39mamplify/functions/catalog-subscription-sync/handler.test.ts:261:29[90m)[39m
    at Object.Mock [90m(file:///Users/farahgalaria/Documents/Repositories/Code/Applications/bebocard/bebocard_backend/[39mnode_modules/[4m@vitest[24m/spy/dist/index.js:332:34[90m)[39m
    at upsertCatalog [90m(/Users/farahgalaria/Documents/Repositories/Code/Applications/bebocard/bebocard_backend/[39mamplify/functions/catalog-subscription-sync/handler.ts:354:16[90m)[39m
    at Module.handler [90m(/Users/farahgalaria/Documents/Repositories/Code/Applications/bebocard/bebocard_backend/[39mamplify/functions/catalog-subscription-sync/handler.ts:335:13[90m)[39m
[90m    at processTicksAndRejections (node:internal/process/task_queues:105:5)[39m
    at [90m/Users/farahgalaria/Documents/Repositories/Code/Applications/bebocard/bebocard_backend/[39mamplify/functions/catalog-subscription-sync/handler.test.ts:264:20
    at [90mfile:///Users/farahgalaria/Documents/Repositories/Code/Applications/bebocard/bebocard_backend/[39mnode_modules/[4m@vitest[24m/runner/dist/chunk-artifact.js:1893:20

[90mstderr[2m | amplify/functions/catalog-subscription-sync/handler.test.ts[2m > [22m[2mcatalog-subscription-sync — error resilience[2m > [22m[2mdoes not throw when all providers error
[22m[39m[catalog-subscription-sync] error for stan Error: table unavailable
    at Object.<anonymous> [90m(/Users/farahgalaria/Documents/Repositories/Code/Applications/bebocard/bebocard_backend/[39mamplify/functions/catalog-subscription-sync/handler.test.ts:261:29[90m)[39m
    at Object.Mock [90m(file:///Users/farahgalaria/Documents/Repositories/Code/Applications/bebocard/bebocard_backend/[39mnode_modules/[4m@vitest[24m/spy/dist/index.js:332:34[90m)[39m
    at upsertCatalog [90m(/Users/farahgalaria/Documents/Repositories/Code/Applications/bebocard/bebocard_backend/[39mamplify/functions/catalog-subscription-sync/handler.ts:354:16[90m)[39m
    at Module.handler [90m(/Users/farahgalaria/Documents/Repositories/Code/Applications/bebocard/bebocard_backend/[39mamplify/functions/catalog-subscription-sync/handler.ts:335:13[90m)[39m
[90m    at processTicksAndRejections (node:internal/process/task_queues:105:5)[39m
    at [90m/Users/farahgalaria/Documents/Repositories/Code/Applications/bebocard/bebocard_backend/[39mamplify/functions/catalog-subscription-sync/handler.test.ts:264:20
    at [90mfile:///Users/farahgalaria/Documents/Repositories/Code/Applications/bebocard/bebocard_backend/[39mnode_modules/[4m@vitest[24m/runner/dist/chunk-artifact.js:1893:20

[90mstderr[2m | amplify/functions/catalog-subscription-sync/handler.test.ts[2m > [22m[2mcatalog-subscription-sync — error resilience[2m > [22m[2mdoes not throw when all providers error
[22m[39m[catalog-subscription-sync] error for binge Error: table unavailable
    at Object.<anonymous> [90m(/Users/farahgalaria/Documents/Repositories/Code/Applications/bebocard/bebocard_backend/[39mamplify/functions/catalog-subscription-sync/handler.test.ts:261:29[90m)[39m
    at Object.Mock [90m(file:///Users/farahgalaria/Documents/Repositories/Code/Applications/bebocard/bebocard_backend/[39mnode_modules/[4m@vitest[24m/spy/dist/index.js:332:34[90m)[39m
    at upsertCatalog [90m(/Users/farahgalaria/Documents/Repositories/Code/Applications/bebocard/bebocard_backend/[39mamplify/functions/catalog-subscription-sync/handler.ts:354:16[90m)[39m
    at Module.handler [90m(/Users/farahgalaria/Documents/Repositories/Code/Applications/bebocard/bebocard_backend/[39mamplify/functions/catalog-subscription-sync/handler.ts:335:13[90m)[39m
[90m    at processTicksAndRejections (node:internal/process/task_queues:105:5)[39m
    at [90m/Users/farahgalaria/Documents/Repositories/Code/Applications/bebocard/bebocard_backend/[39mamplify/functions/catalog-subscription-sync/handler.test.ts:264:20
    at [90mfile:///Users/farahgalaria/Documents/Repositories/Code/Applications/bebocard/bebocard_backend/[39mnode_modules/[4m@vitest[24m/runner/dist/chunk-artifact.js:1893:20

[90mstderr[2m | amplify/functions/catalog-subscription-sync/handler.test.ts[2m > [22m[2mcatalog-subscription-sync — error resilience[2m > [22m[2mdoes not throw when all providers error
[22m[39m[catalog-subscription-sync] error for apple-tv-plus Error: table unavailable
    at Object.<anonymous> [90m(/Users/farahgalaria/Documents/Repositories/Code/Applications/bebocard/bebocard_backend/[39mamplify/functions/catalog-subscription-sync/handler.test.ts:261:29[90m)[39m
    at Object.Mock [90m(file:///Users/farahgalaria/Documents/Repositories/Code/Applications/bebocard/bebocard_backend/[39mnode_modules/[4m@vitest[24m/spy/dist/index.js:332:34[90m)[39m
    at upsertCatalog [90m(/Users/farahgalaria/Documents/Repositories/Code/Applications/bebocard/bebocard_backend/[39mamplify/functions/catalog-subscription-sync/handler.ts:354:16[90m)[39m
    at Module.handler [90m(/Users/farahgalaria/Documents/Repositories/Code/Applications/bebocard/bebocard_backend/[39mamplify/functions/catalog-subscription-sync/handler.ts:335:13[90m)[39m
[90m    at processTicksAndRejections (node:internal/process/task_queues:105:5)[39m
    at [90m/Users/farahgalaria/Documents/Repositories/Code/Applications/bebocard/bebocard_backend/[39mamplify/functions/catalog-subscription-sync/handler.test.ts:264:20
    at [90mfile:///Users/farahgalaria/Documents/Repositories/Code/Applications/bebocard/bebocard_backend/[39mnode_modules/[4m@vitest[24m/runner/dist/chunk-artifact.js:1893:20

[90mstderr[2m | amplify/functions/catalog-subscription-sync/handler.test.ts[2m > [22m[2mcatalog-subscription-sync — error resilience[2m > [22m[2mdoes not throw when all providers error
[22m[39m[catalog-subscription-sync] error for youtube-premium Error: table unavailable
    at Object.<anonymous> [90m(/Users/farahgalaria/Documents/Repositories/Code/Applications/bebocard/bebocard_backend/[39mamplify/functions/catalog-subscription-sync/handler.test.ts:261:29[90m)[39m
    at Object.Mock [90m(file:///Users/farahgalaria/Documents/Repositories/Code/Applications/bebocard/bebocard_backend/[39mnode_modules/[4m@vitest[24m/spy/dist/index.js:332:34[90m)[39m
    at upsertCatalog [90m(/Users/farahgalaria/Documents/Repositories/Code/Applications/bebocard/bebocard_backend/[39mamplify/functions/catalog-subscription-sync/handler.ts:354:16[90m)[39m
    at Module.handler [90m(/Users/farahgalaria/Documents/Repositories/Code/Applications/bebocard/bebocard_backend/[39mamplify/functions/catalog-subscription-sync/handler.ts:335:13[90m)[39m
[90m    at processTicksAndRejections (node:internal/process/task_queues:105:5)[39m
    at [90m/Users/farahgalaria/Documents/Repositories/Code/Applications/bebocard/bebocard_backend/[39mamplify/functions/catalog-subscription-sync/handler.test.ts:264:20
    at [90mfile:///Users/farahgalaria/Documents/Repositories/Code/Applications/bebocard/bebocard_backend/[39mnode_modules/[4m@vitest[24m/runner/dist/chunk-artifact.js:1893:20

[90mstderr[2m | amplify/functions/catalog-subscription-sync/handler.test.ts[2m > [22m[2mcatalog-subscription-sync — error resilience[2m > [22m[2mdoes not throw when all providers error
[22m[39m[catalog-subscription-sync] error for spotify Error: table unavailable
    at Object.<anonymous> [90m(/Users/farahgalaria/Documents/Repositories/Code/Applications/bebocard/bebocard_backend/[39mamplify/functions/catalog-subscription-sync/handler.test.ts:261:29[90m)[39m
    at Object.Mock [90m(file:///Users/farahgalaria/Documents/Repositories/Code/Applications/bebocard/bebocard_backend/[39mnode_modules/[4m@vitest[24m/spy/dist/index.js:332:34[90m)[39m
    at upsertCatalog [90m(/Users/farahgalaria/Documents/Repositories/Code/Applications/bebocard/bebocard_backend/[39mamplify/functions/catalog-subscription-sync/handler.ts:354:16[90m)[39m
    at Module.handler [90m(/Users/farahgalaria/Documents/Repositories/Code/Applications/bebocard/bebocard_backend/[39mamplify/functions/catalog-subscription-sync/handler.ts:335:13[90m)[39m
[90m    at processTicksAndRejections (node:internal/process/task_queues:105:5)[39m
    at [90m/Users/farahgalaria/Documents/Repositories/Code/Applications/bebocard/bebocard_backend/[39mamplify/functions/catalog-subscription-sync/handler.test.ts:264:20
    at [90mfile:///Users/farahgalaria/Documents/Repositories/Code/Applications/bebocard/bebocard_backend/[39mnode_modules/[4m@vitest[24m/runner/dist/chunk-artifact.js:1893:20

[90mstderr[2m | amplify/functions/catalog-subscription-sync/handler.test.ts[2m > [22m[2mcatalog-subscription-sync — error resilience[2m > [22m[2mdoes not throw when all providers error
[22m[39m[catalog-subscription-sync] error for apple-music Error: table unavailable
    at Object.<anonymous> [90m(/Users/farahgalaria/Documents/Repositories/Code/Applications/bebocard/bebocard_backend/[39mamplify/functions/catalog-subscription-sync/handler.test.ts:261:29[90m)[39m
    at Object.Mock [90m(file:///Users/farahgalaria/Documents/Repositories/Code/Applications/bebocard/bebocard_backend/[39mnode_modules/[4m@vitest[24m/spy/dist/index.js:332:34[90m)[39m
    at upsertCatalog [90m(/Users/farahgalaria/Documents/Repositories/Code/Applications/bebocard/bebocard_backend/[39mamplify/functions/catalog-subscription-sync/handler.ts:354:16[90m)[39m
    at Module.handler [90m(/Users/farahgalaria/Documents/Repositories/Code/Applications/bebocard/bebocard_backend/[39mamplify/functions/catalog-subscription-sync/handler.ts:335:13[90m)[39m
[90m    at processTicksAndRejections (node:internal/process/task_queues:105:5)[39m
    at [90m/Users/farahgalaria/Documents/Repositories/Code/Applications/bebocard/bebocard_backend/[39mamplify/functions/catalog-subscription-sync/handler.test.ts:264:20
    at [90mfile:///Users/farahgalaria/Documents/Repositories/Code/Applications/bebocard/bebocard_backend/[39mnode_modules/[4m@vitest[24m/runner/dist/chunk-artifact.js:1893:20

[90mstderr[2m | amplify/functions/catalog-subscription-sync/handler.test.ts[2m > [22m[2mcatalog-subscription-sync — error resilience[2m > [22m[2mdoes not throw when all providers error
[22m[39m[catalog-subscription-sync] error for audible Error: table unavailable
    at Object.<anonymous> [90m(/Users/farahgalaria/Documents/Repositories/Code/Applications/bebocard/bebocard_backend/[39mamplify/functions/catalog-subscription-sync/handler.test.ts:261:29[90m)[39m
    at Object.Mock [90m(file:///Users/farahgalaria/Documents/Repositories/Code/Applications/bebocard/bebocard_backend/[39mnode_modules/[4m@vitest[24m/spy/dist/index.js:332:34[90m)[39m
    at upsertCatalog [90m(/Users/farahgalaria/Documents/Repositories/Code/Applications/bebocard/bebocard_backend/[39mamplify/functions/catalog-subscription-sync/handler.ts:354:16[90m)[39m
    at Module.handler [90m(/Users/farahgalaria/Documents/Repositories/Code/Applications/bebocard/bebocard_backend/[39mamplify/functions/catalog-subscription-sync/handler.ts:335:13[90m)[39m
[90m    at processTicksAndRejections (node:internal/process/task_queues:105:5)[39m
    at [90m/Users/farahgalaria/Documents/Repositories/Code/Applications/bebocard/bebocard_backend/[39mamplify/functions/catalog-subscription-sync/handler.test.ts:264:20
    at [90mfile:///Users/farahgalaria/Documents/Repositories/Code/Applications/bebocard/bebocard_backend/[39mnode_modules/[4m@vitest[24m/runner/dist/chunk-artifact.js:1893:20

[90mstderr[2m | amplify/functions/catalog-subscription-sync/handler.test.ts[2m > [22m[2mcatalog-subscription-sync — error resilience[2m > [22m[2mdoes not throw when all providers error
[22m[39m[catalog-subscription-sync] error for microsoft-365 Error: table unavailable
    at Object.<anonymous> [90m(/Users/farahgalaria/Documents/Repositories/Code/Applications/bebocard/bebocard_backend/[39mamplify/functions/catalog-subscription-sync/handler.test.ts:261:29[90m)[39m
    at Object.Mock [90m(file:///Users/farahgalaria/Documents/Repositories/Code/Applications/bebocard/bebocard_backend/[39mnode_modules/[4m@vitest[24m/spy/dist/index.js:332:34[90m)[39m
    at upsertCatalog [90m(/Users/farahgalaria/Documents/Repositories/Code/Applications/bebocard/bebocard_backend/[39mamplify/functions/catalog-subscription-sync/handler.ts:354:16[90m)[39m
    at Module.handler [90m(/Users/farahgalaria/Documents/Repositories/Code/Applications/bebocard/bebocard_backend/[39mamplify/functions/catalog-subscription-sync/handler.ts:335:13[90m)[39m
[90m    at processTicksAndRejections (node:internal/process/task_queues:105:5)[39m
    at [90m/Users/farahgalaria/Documents/Repositories/Code/Applications/bebocard/bebocard_backend/[39mamplify/functions/catalog-subscription-sync/handler.test.ts:264:20
    at [90mfile:///Users/farahgalaria/Documents/Repositories/Code/Applications/bebocard/bebocard_backend/[39mnode_modules/[4m@vitest[24m/runner/dist/chunk-artifact.js:1893:20

[90mstderr[2m | amplify/functions/catalog-subscription-sync/handler.test.ts[2m > [22m[2mcatalog-subscription-sync — error resilience[2m > [22m[2mdoes not throw when all providers error
[22m[39m[catalog-subscription-sync] error for adobe-cc Error: table unavailable
    at Object.<anonymous> [90m(/Users/farahgalaria/Documents/Repositories/Code/Applications/bebocard/bebocard_backend/[39mamplify/functions/catalog-subscription-sync/handler.test.ts:261:29[90m)[39m
    at Object.Mock [90m(file:///Users/farahgalaria/Documents/Repositories/Code/Applications/bebocard/bebocard_backend/[39mnode_modules/[4m@vitest[24m/spy/dist/index.js:332:34[90m)[39m
    at upsertCatalog [90m(/Users/farahgalaria/Documents/Repositories/Code/Applications/bebocard/bebocard_backend/[39mamplify/functions/catalog-subscription-sync/handler.ts:354:16[90m)[39m
    at Module.handler [90m(/Users/farahgalaria/Documents/Repositories/Code/Applications/bebocard/bebocard_backend/[39mamplify/functions/catalog-subscription-sync/handler.ts:335:13[90m)[39m
[90m    at processTicksAndRejections (node:internal/process/task_queues:105:5)[39m
    at [90m/Users/farahgalaria/Documents/Repositories/Code/Applications/bebocard/bebocard_backend/[39mamplify/functions/catalog-subscription-sync/handler.test.ts:264:20
    at [90mfile:///Users/farahgalaria/Documents/Repositories/Code/Applications/bebocard/bebocard_backend/[39mnode_modules/[4m@vitest[24m/runner/dist/chunk-artifact.js:1893:20

[90mstderr[2m | amplify/functions/catalog-subscription-sync/handler.test.ts[2m > [22m[2mcatalog-subscription-sync — error resilience[2m > [22m[2mdoes not throw when all providers error
[22m[39m[catalog-subscription-sync] error for dropbox Error: table unavailable
    at Object.<anonymous> [90m(/Users/farahgalaria/Documents/Repositories/Code/Applications/bebocard/bebocard_backend/[39mamplify/functions/catalog-subscription-sync/handler.test.ts:261:29[90m)[39m
    at Object.Mock [90m(file:///Users/farahgalaria/Documents/Repositories/Code/Applications/bebocard/bebocard_backend/[39mnode_modules/[4m@vitest[24m/spy/dist/index.js:332:34[90m)[39m
    at upsertCatalog [90m(/Users/farahgalaria/Documents/Repositories/Code/Applications/bebocard/bebocard_backend/[39mamplify/functions/catalog-subscription-sync/handler.ts:354:16[90m)[39m
    at Module.handler [90m(/Users/farahgalaria/Documents/Repositories/Code/Applications/bebocard/bebocard_backend/[39mamplify/functions/catalog-subscription-sync/handler.ts:335:13[90m)[39m
[90m    at processTicksAndRejections (node:internal/process/task_queues:105:5)[39m
    at [90m/Users/farahgalaria/Documents/Repositories/Code/Applications/bebocard/bebocard_backend/[39mamplify/functions/catalog-subscription-sync/handler.test.ts:264:20
    at [90mfile:///Users/farahgalaria/Documents/Repositories/Code/Applications/bebocard/bebocard_backend/[39mnode_modules/[4m@vitest[24m/runner/dist/chunk-artifact.js:1893:20

[90mstderr[2m | amplify/functions/catalog-subscription-sync/handler.test.ts[2m > [22m[2mcatalog-subscription-sync — error resilience[2m > [22m[2mdoes not throw when all providers error
[22m[39m[catalog-subscription-sync] error for headspace Error: table unavailable
    at Object.<anonymous> [90m(/Users/farahgalaria/Documents/Repositories/Code/Applications/bebocard/bebocard_backend/[39mamplify/functions/catalog-subscription-sync/handler.test.ts:261:29[90m)[39m
    at Object.Mock [90m(file:///Users/farahgalaria/Documents/Repositories/Code/Applications/bebocard/bebocard_backend/[39mnode_modules/[4m@vitest[24m/spy/dist/index.js:332:34[90m)[39m
    at upsertCatalog [90m(/Users/farahgalaria/Documents/Repositories/Code/Applications/bebocard/bebocard_backend/[39mamplify/functions/catalog-subscription-sync/handler.ts:354:16[90m)[39m
    at Module.handler [90m(/Users/farahgalaria/Documents/Repositories/Code/Applications/bebocard/bebocard_backend/[39mamplify/functions/catalog-subscription-sync/handler.ts:335:13[90m)[39m
[90m    at processTicksAndRejections (node:internal/process/task_queues:105:5)[39m
    at [90m/Users/farahgalaria/Documents/Repositories/Code/Applications/bebocard/bebocard_backend/[39mamplify/functions/catalog-subscription-sync/handler.test.ts:264:20
    at [90mfile:///Users/farahgalaria/Documents/Repositories/Code/Applications/bebocard/bebocard_backend/[39mnode_modules/[4m@vitest[24m/runner/dist/chunk-artifact.js:1893:20

[90mstderr[2m | amplify/functions/catalog-subscription-sync/handler.test.ts[2m > [22m[2mcatalog-subscription-sync — error resilience[2m > [22m[2mdoes not throw when all providers error
[22m[39m[catalog-subscription-sync] error for calm Error: table unavailable
    at Object.<anonymous> [90m(/Users/farahgalaria/Documents/Repositories/Code/Applications/bebocard/bebocard_backend/[39mamplify/functions/catalog-subscription-sync/handler.test.ts:261:29[90m)[39m
    at Object.Mock [90m(file:///Users/farahgalaria/Documents/Repositories/Code/Applications/bebocard/bebocard_backend/[39mnode_modules/[4m@vitest[24m/spy/dist/index.js:332:34[90m)[39m
    at upsertCatalog [90m(/Users/farahgalaria/Documents/Repositories/Code/Applications/bebocard/bebocard_backend/[39mamplify/functions/catalog-subscription-sync/handler.ts:354:16[90m)[39m
    at Module.handler [90m(/Users/farahgalaria/Documents/Repositories/Code/Applications/bebocard/bebocard_backend/[39mamplify/functions/catalog-subscription-sync/handler.ts:335:13[90m)[39m
[90m    at processTicksAndRejections (node:internal/process/task_queues:105:5)[39m
    at [90m/Users/farahgalaria/Documents/Repositories/Code/Applications/bebocard/bebocard_backend/[39mamplify/functions/catalog-subscription-sync/handler.test.ts:264:20
    at [90mfile:///Users/farahgalaria/Documents/Repositories/Code/Applications/bebocard/bebocard_backend/[39mnode_modules/[4m@vitest[24m/runner/dist/chunk-artifact.js:1893:20

[90mstderr[2m | amplify/functions/catalog-subscription-sync/handler.test.ts[2m > [22m[2mcatalog-subscription-sync — error resilience[2m > [22m[2mdoes not throw when all providers error
[22m[39m[catalog-subscription-sync] error for telstra Error: table unavailable
    at Object.<anonymous> [90m(/Users/farahgalaria/Documents/Repositories/Code/Applications/bebocard/bebocard_backend/[39mamplify/functions/catalog-subscription-sync/handler.test.ts:261:29[90m)[39m
    at Object.Mock [90m(file:///Users/farahgalaria/Documents/Repositories/Code/Applications/bebocard/bebocard_backend/[39mnode_modules/[4m@vitest[24m/spy/dist/index.js:332:34[90m)[39m
    at upsertCatalog [90m(/Users/farahgalaria/Documents/Repositories/Code/Applications/bebocard/bebocard_backend/[39mamplify/functions/catalog-subscription-sync/handler.ts:354:16[90m)[39m
    at Module.handler [90m(/Users/farahgalaria/Documents/Repositories/Code/Applications/bebocard/bebocard_backend/[39mamplify/functions/catalog-subscription-sync/handler.ts:335:13[90m)[39m
[90m    at processTicksAndRejections (node:internal/process/task_queues:105:5)[39m
    at [90m/Users/farahgalaria/Documents/Repositories/Code/Applications/bebocard/bebocard_backend/[39mamplify/functions/catalog-subscription-sync/handler.test.ts:264:20
    at [90mfile:///Users/farahgalaria/Documents/Repositories/Code/Applications/bebocard/bebocard_backend/[39mnode_modules/[4m@vitest[24m/runner/dist/chunk-artifact.js:1893:20

[90mstderr[2m | amplify/functions/catalog-subscription-sync/handler.test.ts[2m > [22m[2mcatalog-subscription-sync — error resilience[2m > [22m[2mdoes not throw when all providers error
[22m[39m[catalog-subscription-sync] error for optus Error: table unavailable
    at Object.<anonymous> [90m(/Users/farahgalaria/Documents/Repositories/Code/Applications/bebocard/bebocard_backend/[39mamplify/functions/catalog-subscription-sync/handler.test.ts:261:29[90m)[39m
    at Object.Mock [90m(file:///Users/farahgalaria/Documents/Repositories/Code/Applications/bebocard/bebocard_backend/[39mnode_modules/[4m@vitest[24m/spy/dist/index.js:332:34[90m)[39m
    at upsertCatalog [90m(/Users/farahgalaria/Documents/Repositories/Code/Applications/bebocard/bebocard_backend/[39mamplify/functions/catalog-subscription-sync/handler.ts:354:16[90m)[39m
    at Module.handler [90m(/Users/farahgalaria/Documents/Repositories/Code/Applications/bebocard/bebocard_backend/[39mamplify/functions/catalog-subscription-sync/handler.ts:335:13[90m)[39m
[90m    at processTicksAndRejections (node:internal/process/task_queues:105:5)[39m
    at [90m/Users/farahgalaria/Documents/Repositories/Code/Applications/bebocard/bebocard_backend/[39mamplify/functions/catalog-subscription-sync/handler.test.ts:264:20
    at [90mfile:///Users/farahgalaria/Documents/Repositories/Code/Applications/bebocard/bebocard_backend/[39mnode_modules/[4m@vitest[24m/runner/dist/chunk-artifact.js:1893:20

[90mstderr[2m | amplify/functions/catalog-subscription-sync/handler.test.ts[2m > [22m[2mcatalog-subscription-sync — error resilience[2m > [22m[2mdoes not throw when all providers error
[22m[39m[catalog-subscription-sync] error for agl Error: table unavailable
    at Object.<anonymous> [90m(/Users/farahgalaria/Documents/Repositories/Code/Applications/bebocard/bebocard_backend/[39mamplify/functions/catalog-subscription-sync/handler.test.ts:261:29[90m)[39m
    at Object.Mock [90m(file:///Users/farahgalaria/Documents/Repositories/Code/Applications/bebocard/bebocard_backend/[39mnode_modules/[4m@vitest[24m/spy/dist/index.js:332:34[90m)[39m
    at upsertCatalog [90m(/Users/farahgalaria/Documents/Repositories/Code/Applications/bebocard/bebocard_backend/[39mamplify/functions/catalog-subscription-sync/handler.ts:354:16[90m)[39m
    at Module.handler [90m(/Users/farahgalaria/Documents/Repositories/Code/Applications/bebocard/bebocard_backend/[39mamplify/functions/catalog-subscription-sync/handler.ts:335:13[90m)[39m
[90m    at processTicksAndRejections (node:internal/process/task_queues:105:5)[39m
    at [90m/Users/farahgalaria/Documents/Repositories/Code/Applications/bebocard/bebocard_backend/[39mamplify/functions/catalog-subscription-sync/handler.test.ts:264:20
    at [90mfile:///Users/farahgalaria/Documents/Repositories/Code/Applications/bebocard/bebocard_backend/[39mnode_modules/[4m@vitest[24m/runner/dist/chunk-artifact.js:1893:20

[90mstderr[2m | amplify/functions/catalog-subscription-sync/handler.test.ts[2m > [22m[2mcatalog-subscription-sync — error resilience[2m > [22m[2mdoes not throw when all providers error
[22m[39m[catalog-subscription-sync] error for origin-energy Error: table unavailable
    at Object.<anonymous> [90m(/Users/farahgalaria/Documents/Repositories/Code/Applications/bebocard/bebocard_backend/[39mamplify/functions/catalog-subscription-sync/handler.test.ts:261:29[90m)[39m
    at Object.Mock [90m(file:///Users/farahgalaria/Documents/Repositories/Code/Applications/bebocard/bebocard_backend/[39mnode_modules/[4m@vitest[24m/spy/dist/index.js:332:34[90m)[39m
    at upsertCatalog [90m(/Users/farahgalaria/Documents/Repositories/Code/Applications/bebocard/bebocard_backend/[39mamplify/functions/catalog-subscription-sync/handler.ts:354:16[90m)[39m
    at Module.handler [90m(/Users/farahgalaria/Documents/Repositories/Code/Applications/bebocard/bebocard_backend/[39mamplify/functions/catalog-subscription-sync/handler.ts:335:13[90m)[39m
[90m    at processTicksAndRejections (node:internal/process/task_queues:105:5)[39m
    at [90m/Users/farahgalaria/Documents/Repositories/Code/Applications/bebocard/bebocard_backend/[39mamplify/functions/catalog-subscription-sync/handler.test.ts:264:20
    at [90mfile:///Users/farahgalaria/Documents/Repositories/Code/Applications/bebocard/bebocard_backend/[39mnode_modules/[4m@vitest[24m/runner/dist/chunk-artifact.js:1893:20

[90mstdout[2m | amplify/functions/catalog-subscription-sync/handler.test.ts[2m > [22m[2mcatalog-subscription-sync — error resilience[2m > [22m[2mdoes not throw when all providers error
[22m[39m[catalog-subscription-sync] done upserted=0 errors=18

[90mstdout[2m | amplify/functions/catalog-subscription-sync/handler.test.ts[2m > [22m[2mcatalog-subscription-sync — scan behaviour[2m > [22m[2missues exactly one ScanCommand (the deactivation scan) on a clean run
[22m[39m[catalog-subscription-sync] done upserted=18 errors=0

[90mstdout[2m | amplify/functions/catalog-subscription-sync/handler.test.ts[2m > [22m[2mcatalog-subscription-sync — scan behaviour[2m > [22m[2missues a second ScanCommand when deactivation scan is paginated
[22m[39m[catalog-subscription-sync] done upserted=18 errors=0

[90mstdout[2m | amplify/functions/catalog-subscription-sync/handler.test.ts[2m > [22m[2mcatalog-subscription-sync — new catalog fields[2m > [22m[2msync-curated records write isAffiliate=true, isTenantLinked=false, listingStatus=ACTIVE, source=sync
[22m[39m[catalog-subscription-sync] done upserted=18 errors=0

[90mstdout[2m | amplify/functions/catalog-subscription-sync/handler.test.ts[2m > [22m[2mcatalog-subscription-sync — new catalog fields[2m > [22m[2mstreaming providers have invoiceType SUBSCRIPTION
[22m[39m[catalog-subscription-sync] done upserted=18 errors=0

[90mstdout[2m | amplify/functions/catalog-subscription-sync/handler.test.ts[2m > [22m[2mcatalog-subscription-sync — new catalog fields[2m > [22m[2mutility providers have invoiceType RECURRING_INVOICE
[22m[39m[catalog-subscription-sync] done upserted=18 errors=0

[90mstdout[2m | amplify/functions/catalog-subscription-sync/handler.test.ts[2m > [22m[2mcatalog-subscription-sync — new catalog fields[2m > [22m[2mall sync providers include cancelUrl and portalUrl
[22m[39m[catalog-subscription-sync] done upserted=18 errors=0

[90mstdout[2m | amplify/functions/catalog-subscription-sync/handler.test.ts[2m > [22m[2mcatalog-subscription-sync — new catalog fields[2m > [22m[2mdeactivateRemoved scan FilterExpression excludes source=tenant records
[22m[39m[catalog-subscription-sync] done upserted=18 errors=0

[90mstdout[2m | amplify/functions/catalog-subscription-sync/handler.test.ts[2m > [22m[2mcatalog-subscription-sync — new catalog fields[2m > [22m[2mdeactivateRemoved does NOT deactivate tenant-registered entries
[22m[39m[catalog-subscription-sync] done upserted=18 errors=0

 [32m✓[39m amplify/functions/catalog-subscription-sync/handler.test.ts [2m([22m[2m19 tests[22m[2m)[22m[32m 22[2mms[22m[39m
[90mstderr[2m | amplify/functions/payment-router/handler.test.ts[2m > [22m[2mPOST /checkout — success[2m > [22m[2mproceeds and returns 202 even if FCM throws
[22m[39m[payment-router] FCM push failed Error: FCM unavailable
    at [90m/Users/farahgalaria/Documents/Repositories/Code/Applications/bebocard/bebocard_backend/[39mamplify/functions/payment-router/handler.test.ts:345:35
    at [90mfile:///Users/farahgalaria/Documents/Repositories/Code/Applications/bebocard/bebocard_backend/[39mnode_modules/[4m@vitest[24m/runner/dist/chunk-artifact.js:302:11
    at [90mfile:///Users/farahgalaria/Documents/Repositories/Code/Applications/bebocard/bebocard_backend/[39mnode_modules/[4m@vitest[24m/runner/dist/chunk-artifact.js:1893:26
    at [90mfile:///Users/farahgalaria/Documents/Repositories/Code/Applications/bebocard/bebocard_backend/[39mnode_modules/[4m@vitest[24m/runner/dist/chunk-artifact.js:2316:20
    at new Promise (<anonymous>)
    at runWithCancel [90m(file:///Users/farahgalaria/Documents/Repositories/Code/Applications/bebocard/bebocard_backend/[39mnode_modules/[4m@vitest[24m/runner/dist/chunk-artifact.js:2313:10[90m)[39m
    at [90mfile:///Users/farahgalaria/Documents/Repositories/Code/Applications/bebocard/bebocard_backend/[39mnode_modules/[4m@vitest[24m/runner/dist/chunk-artifact.js:2295:20
    at new Promise (<anonymous>)
    at runWithTimeout [90m(file:///Users/farahgalaria/Documents/Repositories/Code/Applications/bebocard/bebocard_backend/[39mnode_modules/[4m@vitest[24m/runner/dist/chunk-artifact.js:2262:10[90m)[39m
    at [90mfile:///Users/farahgalaria/Documents/Repositories/Code/Applications/bebocard/bebocard_backend/[39mnode_modules/[4m@vitest[24m/runner/dist/chunk-artifact.js:2945:64

[90mstderr[2m | amplify/functions/catalog-sync/handler.test.ts[2m > [22m[2mcatalog-sync — no API keys configured[2m > [22m[2mskips all distributors and returns zero upserts when no keys are set
[22m[39m[catalog-sync] PREZZEE_API_KEY not set — skipping
[catalog-sync] TANGO_API_KEY not set — skipping
[catalog-sync] RUNA_API_KEY not set — skipping
[catalog-sync] YOUGOTAGIFT_API_KEY not set — skipping
[catalog-sync] RELOADLY credentials not set — skipping

[90mstdout[2m | amplify/functions/catalog-sync/handler.test.ts[2m > [22m[2mcatalog-sync — no API keys configured[2m > [22m[2mskips all distributors and returns zero upserts when no keys are set
[22m[39m[catalog-sync] completed {"prezzee":{"upserted":0,"errors":0},"tango":{"upserted":0,"errors":0},"runa":{"upserted":0,"errors":0},"yougotagift":{"upserted":0,"errors":0},"reloadly":{"upserted":0,"errors":0}}

[90mstderr[2m | amplify/functions/catalog-sync/handler.test.ts[2m > [22m[2mcatalog-sync — Prezzee[2m > [22m[2mupserts catalog items returned by Prezzee API
[22m[39m[catalog-sync] TANGO_API_KEY not set — skipping
[catalog-sync] RUNA_API_KEY not set — skipping
[catalog-sync] YOUGOTAGIFT_API_KEY not set — skipping
[catalog-sync] RELOADLY credentials not set — skipping

[90mstdout[2m | amplify/functions/payment-router/handler.test.ts[2m > [22m[2mSQS timeout handler[2m > [22m[2mUpdateCommand sets status to TIMEOUT when checkout is PENDING
[22m[39m[payment-router] Checkout ORDER001 timed out

[90mstdout[2m | amplify/functions/catalog-sync/handler.test.ts[2m > [22m[2mcatalog-sync — Prezzee[2m > [22m[2mupserts catalog items returned by Prezzee API
[22m[39m[catalog-sync] completed {"prezzee":{"upserted":2,"errors":0},"tango":{"upserted":0,"errors":0},"runa":{"upserted":0,"errors":0},"yougotagift":{"upserted":0,"errors":0},"reloadly":{"upserted":0,"errors":0}}

 [32m✓[39m amplify/functions/payment-router/handler.test.ts [2m([22m[2m17 tests[22m[2m)[22m[32m 14[2mms[22m[39m
[90mstderr[2m | amplify/functions/catalog-sync/handler.test.ts[2m > [22m[2mcatalog-sync — Prezzee[2m > [22m[2mincrements errors when Prezzee API returns non-OK status
[22m[39m[catalog-sync] TANGO_API_KEY not set — skipping
[catalog-sync] RUNA_API_KEY not set — skipping
[catalog-sync] YOUGOTAGIFT_API_KEY not set — skipping
[catalog-sync] RELOADLY credentials not set — skipping

[90mstdout[2m | amplify/functions/gift-card-handler/handler.test.ts[2m > [22m[2mStripe webhook[2m > [22m[2mfulfils self-purchase: writes card to USER_TABLE and marks session fulfilled
[22m[39m[gift-card-handler] Purchase confirmed: perm-001 bought Woolworths AUD50

[90mstderr[2m | amplify/functions/catalog-sync/handler.test.ts[2m > [22m[2mcatalog-sync — Prezzee[2m > [22m[2mincrements errors when Prezzee API returns non-OK status
[22m[39m[catalog-sync] distributor fetch error prezzee Error: Prezzee catalog failed: 503
    at syncPrezzee [90m(/Users/farahgalaria/Documents/Repositories/Code/Applications/bebocard/bebocard_backend/[39mamplify/functions/catalog-sync/handler.ts:162:22[90m)[39m
[90m    at processTicksAndRejections (node:internal/process/task_queues:105:5)[39m
    at runDistributor [90m(/Users/farahgalaria/Documents/Repositories/Code/Applications/bebocard/bebocard_backend/[39mamplify/functions/catalog-sync/handler.ts:50:19[90m)[39m
    at async Promise.allSettled (index 0)
    at Module.handler [90m(/Users/farahgalaria/Documents/Repositories/Code/Applications/bebocard/bebocard_backend/[39mamplify/functions/catalog-sync/handler.ts:31:3[90m)[39m
    at [90m/Users/farahgalaria/Documents/Repositories/Code/Applications/bebocard/bebocard_backend/[39mamplify/functions/catalog-sync/handler.test.ts:118:21

[90mstdout[2m | amplify/functions/catalog-sync/handler.test.ts[2m > [22m[2mcatalog-sync — Prezzee[2m > [22m[2mincrements errors when Prezzee API returns non-OK status
[22m[39m[catalog-sync] completed {"prezzee":{"upserted":0,"errors":1},"tango":{"upserted":0,"errors":0},"runa":{"upserted":0,"errors":0},"yougotagift":{"upserted":0,"errors":0},"reloadly":{"upserted":0,"errors":0}}

[90mstderr[2m | amplify/functions/catalog-sync/handler.test.ts[2m > [22m[2mcatalog-sync — Prezzee[2m > [22m[2mincrements errors on fetch network failure
[22m[39m[catalog-sync] TANGO_API_KEY not set — skipping
[catalog-sync] RUNA_API_KEY not set — skipping
[catalog-sync] YOUGOTAGIFT_API_KEY not set — skipping
[catalog-sync] RELOADLY credentials not set — skipping

[90mstderr[2m | amplify/functions/catalog-sync/handler.test.ts[2m > [22m[2mcatalog-sync — Prezzee[2m > [22m[2mincrements errors on fetch network failure
[22m[39m[catalog-sync] distributor fetch error prezzee Error: Network error
    at [90m/Users/farahgalaria/Documents/Repositories/Code/Applications/bebocard/bebocard_backend/[39mamplify/functions/catalog-sync/handler.test.ts:123:46
    at [90mfile:///Users/farahgalaria/Documents/Repositories/Code/Applications/bebocard/bebocard_backend/[39mnode_modules/[4m@vitest[24m/runner/dist/chunk-artifact.js:302:11
    at [90mfile:///Users/farahgalaria/Documents/Repositories/Code/Applications/bebocard/bebocard_backend/[39mnode_modules/[4m@vitest[24m/runner/dist/chunk-artifact.js:1893:26
    at [90mfile:///Users/farahgalaria/Documents/Repositories/Code/Applications/bebocard/bebocard_backend/[39mnode_modules/[4m@vitest[24m/runner/dist/chunk-artifact.js:2316:20
    at new Promise (<anonymous>)
    at runWithCancel [90m(file:///Users/farahgalaria/Documents/Repositories/Code/Applications/bebocard/bebocard_backend/[39mnode_modules/[4m@vitest[24m/runner/dist/chunk-artifact.js:2313:10[90m)[39m
    at [90mfile:///Users/farahgalaria/Documents/Repositories/Code/Applications/bebocard/bebocard_backend/[39mnode_modules/[4m@vitest[24m/runner/dist/chunk-artifact.js:2295:20
    at new Promise (<anonymous>)
    at runWithTimeout [90m(file:///Users/farahgalaria/Documents/Repositories/Code/Applications/bebocard/bebocard_backend/[39mnode_modules/[4m@vitest[24m/runner/dist/chunk-artifact.js:2262:10[90m)[39m
    at [90mfile:///Users/farahgalaria/Documents/Repositories/Code/Applications/bebocard/bebocard_backend/[39mnode_modules/[4m@vitest[24m/runner/dist/chunk-artifact.js:2945:64

[90mstdout[2m | amplify/functions/catalog-sync/handler.test.ts[2m > [22m[2mcatalog-sync — Prezzee[2m > [22m[2mincrements errors on fetch network failure
[22m[39m[catalog-sync] completed {"prezzee":{"upserted":0,"errors":1},"tango":{"upserted":0,"errors":0},"runa":{"upserted":0,"errors":0},"yougotagift":{"upserted":0,"errors":0},"reloadly":{"upserted":0,"errors":0}}

[90mstderr[2m | amplify/functions/catalog-sync/handler.test.ts[2m > [22m[2mcatalog-sync — deactivateRemovedSkus[2m > [22m[2mmarks previously active SKUs from the distributor as INACTIVE when no longer in catalog
[22m[39m[catalog-sync] TANGO_API_KEY not set — skipping
[catalog-sync] RUNA_API_KEY not set — skipping
[catalog-sync] YOUGOTAGIFT_API_KEY not set — skipping
[catalog-sync] RELOADLY credentials not set — skipping

[90mstdout[2m | amplify/functions/catalog-sync/handler.test.ts[2m > [22m[2mcatalog-sync — deactivateRemovedSkus[2m > [22m[2mmarks previously active SKUs from the distributor as INACTIVE when no longer in catalog
[22m[39m[catalog-sync] completed {"prezzee":{"upserted":1,"errors":0},"tango":{"upserted":0,"errors":0},"runa":{"upserted":0,"errors":0},"yougotagift":{"upserted":0,"errors":0},"reloadly":{"upserted":0,"errors":0}}

[90mstderr[2m | amplify/functions/catalog-sync/handler.test.ts[2m > [22m[2mcatalog-sync — deactivateRemovedSkus[2m > [22m[2mdoes not deactivate records from a different distributor
[22m[39m[catalog-sync] RUNA_API_KEY not set — skipping
[catalog-sync] YOUGOTAGIFT_API_KEY not set — skipping
[catalog-sync] RELOADLY credentials not set — skipping

[90mstdout[2m | amplify/functions/catalog-sync/handler.test.ts[2m > [22m[2mcatalog-sync — deactivateRemovedSkus[2m > [22m[2mdoes not deactivate records from a different distributor
[22m[39m[catalog-sync] completed {"prezzee":{"upserted":0,"errors":0},"tango":{"upserted":1,"errors":0},"runa":{"upserted":0,"errors":0},"yougotagift":{"upserted":0,"errors":0},"reloadly":{"upserted":0,"errors":0}}

[90mstderr[2m | amplify/functions/catalog-sync/handler.test.ts[2m > [22m[2mcatalog-sync — Tango[2m > [22m[2mupserts items for each brand/SKU combination
[22m[39m[catalog-sync] PREZZEE_API_KEY not set — skipping
[catalog-sync] RUNA_API_KEY not set — skipping
[catalog-sync] YOUGOTAGIFT_API_KEY not set — skipping
[catalog-sync] RELOADLY credentials not set — skipping

[90mstdout[2m | amplify/functions/catalog-sync/handler.test.ts[2m > [22m[2mcatalog-sync — Tango[2m > [22m[2mupserts items for each brand/SKU combination
[22m[39m[catalog-sync] completed {"prezzee":{"upserted":0,"errors":0},"tango":{"upserted":2,"errors":0},"runa":{"upserted":0,"errors":0},"yougotagift":{"upserted":0,"errors":0},"reloadly":{"upserted":0,"errors":0}}

[90mstderr[2m | amplify/functions/catalog-sync/handler.test.ts[2m > [22m[2mcatalog-sync — category mapping[2m > [22m[2mmaps known category keywords to canonical category strings
[22m[39m[catalog-sync] TANGO_API_KEY not set — skipping
[catalog-sync] RUNA_API_KEY not set — skipping
[catalog-sync] YOUGOTAGIFT_API_KEY not set — skipping
[catalog-sync] RELOADLY credentials not set — skipping

[90mstdout[2m | amplify/functions/catalog-sync/handler.test.ts[2m > [22m[2mcatalog-sync — category mapping[2m > [22m[2mmaps known category keywords to canonical category strings
[22m[39m[catalog-sync] completed {"prezzee":{"upserted":3,"errors":0},"tango":{"upserted":0,"errors":0},"runa":{"upserted":0,"errors":0},"yougotagift":{"upserted":0,"errors":0},"reloadly":{"upserted":0,"errors":0}}

 [32m✓[39m amplify/functions/gift-card-handler/handler.test.ts [2m([22m[2m23 tests[22m[2m)[22m[32m 10[2mms[22m[39m
 [32m✓[39m amplify/functions/catalog-sync/handler.test.ts [2m([22m[2m8 tests[22m[2m)[22m[32m 13[2mms[22m[39m
 [32m✓[39m amplify/shared/api-key-auth.test.ts [2m([22m[2m18 tests[22m[2m)[22m[32m 8[2mms[22m[39m
[90mstderr[2m | amplify/functions/geofence-handler/handler.test.ts[2m > [22m[2mreportGeofenceEntry[2m > [22m[2mreturns INVALID_ENTRY_TIME for a non-parseable timestamp
[22m[39m[geofence-handler] invalid entryTime format { entryTime: [32m'not-a-date'[39m }

[90mstderr[2m | amplify/functions/geofence-handler/handler.test.ts[2m > [22m[2mreportGeofenceEntry[2m > [22m[2mreturns ENTRY_TIME_DRIFT for a timestamp more than 5 min in the past
[22m[39m[geofence-handler] entryTime outside ±5 min window { entryTime: [32m'2026-04-12T18:49:26.580Z'[39m, driftMs: [33m360000[39m }

[90mstderr[2m | amplify/functions/geofence-handler/handler.test.ts[2m > [22m[2mreportGeofenceEntry[2m > [22m[2mreturns ULID_NOT_FOUND when secondaryULID has no SCAN# record
[22m[39m[geofence-handler] secondaryULID not found: SEC-MISSING

[90mstderr[2m | amplify/functions/geofence-handler/handler.test.ts[2m > [22m[2mreportGeofenceEntry[2m > [22m[2mreturns FCM_ERROR when Firebase send throws
[22m[39mFCM send failed: Error: Firebase down
    at [90m/Users/farahgalaria/Documents/Repositories/Code/Applications/bebocard/bebocard_backend/[39mamplify/functions/geofence-handler/handler.test.ts:337:35
    at [90mfile:///Users/farahgalaria/Documents/Repositories/Code/Applications/bebocard/bebocard_backend/[39mnode_modules/[4m@vitest[24m/runner/dist/chunk-artifact.js:302:11
    at [90mfile:///Users/farahgalaria/Documents/Repositories/Code/Applications/bebocard/bebocard_backend/[39mnode_modules/[4m@vitest[24m/runner/dist/chunk-artifact.js:1893:26
    at [90mfile:///Users/farahgalaria/Documents/Repositories/Code/Applications/bebocard/bebocard_backend/[39mnode_modules/[4m@vitest[24m/runner/dist/chunk-artifact.js:2316:20
    at new Promise (<anonymous>)
    at runWithCancel [90m(file:///Users/farahgalaria/Documents/Repositories/Code/Applications/bebocard/bebocard_backend/[39mnode_modules/[4m@vitest[24m/runner/dist/chunk-artifact.js:2313:10[90m)[39m
    at [90mfile:///Users/farahgalaria/Documents/Repositories/Code/Applications/bebocard/bebocard_backend/[39mnode_modules/[4m@vitest[24m/runner/dist/chunk-artifact.js:2295:20
    at new Promise (<anonymous>)
    at runWithTimeout [90m(file:///Users/farahgalaria/Documents/Repositories/Code/Applications/bebocard/bebocard_backend/[39mnode_modules/[4m@vitest[24m/runner/dist/chunk-artifact.js:2262:10[90m)[39m
    at [90mfile:///Users/farahgalaria/Documents/Repositories/Code/Applications/bebocard/bebocard_backend/[39mnode_modules/[4m@vitest[24m/runner/dist/chunk-artifact.js:2945:64

 [32m✓[39m amplify/functions/geofence-handler/handler.test.ts [2m([22m[2m19 tests[22m[2m)[22m[32m 15[2mms[22m[39m
[90mstdout[2m | amplify/functions/segment-processor/handler.test.ts[2m > [22m[2msegment-processor handler[2m > [22m[2mpatches subscribed=true on SUBSCRIPTION# INSERT with status ACTIVE
[22m[39m[segment-processor] subscription patched on segment { permULID: [32m'PERM-001'[39m, brandId: [32m'woolworths'[39m, subscribed: [33mtrue[39m }

[90mstdout[2m | amplify/functions/segment-processor/handler.test.ts[2m > [22m[2msegment-processor handler[2m > [22m[2mpatches subscribed=false on SUBSCRIPTION# REMOVE
[22m[39m[segment-processor] subscription patched on segment { permULID: [32m'PERM-001'[39m, brandId: [32m'woolworths'[39m, subscribed: [33mfalse[39m }

[90mstdout[2m | amplify/functions/segment-processor/handler.test.ts[2m > [22m[2msegment-processor handler[2m > [22m[2mis a no-op if no SEGMENT# exists during subscription patch
[22m[39m[segment-processor] no segment to patch for subscription change { permULID: [32m'PERM-001'[39m, brandId: [32m'woolworths'[39m }

[90mstderr[2m | amplify/functions/segment-processor/handler.test.ts[2m > [22m[2msegment-processor handler[2m > [22m[2mone failed record does not block others in the batch
[22m[39m[segment-processor] recompute failed {
  permULID: [32m'PERM-001'[39m,
  brandId: [32m'woolworths'[39m,
  err: Error: DynamoDB throttle
      at Object.<anonymous> [90m(/Users/farahgalaria/Documents/Repositories/Code/Applications/bebocard/bebocard_backend/[39mamplify/functions/segment-processor/handler.test.ts:558:33[90m)[39m
      at Object.Mock [90m(file:///Users/farahgalaria/Documents/Repositories/Code/Applications/bebocard/bebocard_backend/[39mnode_modules/[4m@vitest[24m/spy/dist/index.js:332:34[90m)[39m
      at recomputeSegment [90m(/Users/farahgalaria/Documents/Repositories/Code/Applications/bebocard/bebocard_backend/[39mamplify/functions/segment-processor/handler.ts:86:30[90m)[39m
      at Module.handler [90m(/Users/farahgalaria/Documents/Repositories/Code/Applications/bebocard/bebocard_backend/[39mamplify/functions/segment-processor/handler.ts:49:15[90m)[39m
      at [90m/Users/farahgalaria/Documents/Repositories/Code/Applications/bebocard/bebocard_backend/[39mamplify/functions/segment-processor/handler.test.ts:578:18
      at [90mfile:///Users/farahgalaria/Documents/Repositories/Code/Applications/bebocard/bebocard_backend/[39mnode_modules/[4m@vitest[24m/runner/dist/chunk-artifact.js:302:11
      at [90mfile:///Users/farahgalaria/Documents/Repositories/Code/Applications/bebocard/bebocard_backend/[39mnode_modules/[4m@vitest[24m/runner/dist/chunk-artifact.js:1893:26
      at [90mfile:///Users/farahgalaria/Documents/Repositories/Code/Applications/bebocard/bebocard_backend/[39mnode_modules/[4m@vitest[24m/runner/dist/chunk-artifact.js:2316:20
      at new Promise (<anonymous>)
      at runWithCancel [90m(file:///Users/farahgalaria/Documents/Repositories/Code/Applications/bebocard/bebocard_backend/[39mnode_modules/[4m@vitest[24m/runner/dist/chunk-artifact.js:2313:10[90m)[39m
}

 [32m✓[39m amplify/functions/segment-processor/handler.test.ts [2m([22m[2m18 tests[22m[2m)[22m[32m 12[2mms[22m[39m
[90mstdout[2m | amplify/functions/reminder-handler/handler.test.ts[2m > [22m[2mreminder-handler[2m > [22m[2mreturns { sent: 0 } when every scan returns no items
[22m[39m[reminder-handler] Starting daily reminder scan

[90mstdout[2m | amplify/functions/reminder-handler/handler.test.ts[2m > [22m[2mreminder-handler[2m > [22m[2mreturns { sent: 0 } when every scan returns no items
[22m[39m[reminder-handler] Sent 0 reminders

[90mstdout[2m | amplify/functions/reminder-handler/handler.test.ts[2m > [22m[2mreminder-handler[2m > [22m[2mreturns { sent: 0 } when scan item desc has no dueDate field
[22m[39m[reminder-handler] Starting daily reminder scan

[90mstdout[2m | amplify/functions/reminder-handler/handler.test.ts[2m > [22m[2mreminder-handler[2m > [22m[2mreturns { sent: 0 } when scan item desc has no dueDate field
[22m[39m[reminder-handler] Sent 0 reminders

[90mstdout[2m | amplify/functions/reminder-handler/handler.test.ts[2m > [22m[2mreminder-handler[2m > [22m[2mreturns { sent: 0 } when scan item dueDate does not match target date
[22m[39m[reminder-handler] Starting daily reminder scan

[90mstdout[2m | amplify/functions/reminder-handler/handler.test.ts[2m > [22m[2mreminder-handler[2m > [22m[2mreturns { sent: 0 } when scan item dueDate does not match target date
[22m[39m[reminder-handler] Sent 0 reminders

[90mstdout[2m | amplify/functions/reminder-handler/handler.test.ts[2m > [22m[2mreminder-handler[2m > [22m[2mreturns { sent: 0 } when user has disabled invoiceDue reminder in PREFERENCES
[22m[39m[reminder-handler] Starting daily reminder scan

 [32m✓[39m amplify/functions/enrollment-handler/handler.test.ts [2m([22m[2m19 tests[22m[2m)[22m[32m 13[2mms[22m[39m
[90mstdout[2m | amplify/functions/reminder-handler/handler.test.ts[2m > [22m[2mreminder-handler[2m > [22m[2mreturns { sent: 0 } when user has disabled invoiceDue reminder in PREFERENCES
[22m[39m[reminder-handler] Sent 0 reminders

[90mstdout[2m | amplify/functions/reminder-handler/handler.test.ts[2m > [22m[2mreminder-handler[2m > [22m[2mreturns { sent: 0 } when ADMIN_TABLE shows reminder already sent
[22m[39m[reminder-handler] Starting daily reminder scan

[90mstdout[2m | amplify/functions/reminder-handler/handler.test.ts[2m > [22m[2mreminder-handler[2m > [22m[2mreturns { sent: 0 } when ADMIN_TABLE shows reminder already sent
[22m[39m[reminder-handler] Sent 0 reminders

[90mstdout[2m | amplify/functions/reminder-handler/handler.test.ts[2m > [22m[2mreminder-handler[2m > [22m[2mreturns { sent: 0 } when DEVICE_TOKEN record has no token
[22m[39m[reminder-handler] Starting daily reminder scan

[90mstdout[2m | amplify/functions/reminder-handler/handler.test.ts[2m > [22m[2mreminder-handler[2m > [22m[2mreturns { sent: 0 } when DEVICE_TOKEN record has no token
[22m[39m[reminder-handler] Sent 0 reminders

[90mstdout[2m | amplify/functions/reminder-handler/handler.test.ts[2m > [22m[2mreminder-handler[2m > [22m[2msends FCM and returns { sent: 1 } when all conditions are met
[22m[39m[reminder-handler] Starting daily reminder scan

[90mstdout[2m | amplify/functions/reminder-handler/handler.test.ts[2m > [22m[2mreminder-handler[2m > [22m[2msends FCM and returns { sent: 1 } when all conditions are met
[22m[39m[reminder-handler] Sent 1 reminders

[90mstdout[2m | amplify/functions/reminder-handler/handler.test.ts[2m > [22m[2mreminder-handler[2m > [22m[2mmarkSent PutCommand has correct pK, sK, and eventType
[22m[39m[reminder-handler] Starting daily reminder scan

[90mstdout[2m | amplify/functions/reminder-handler/handler.test.ts[2m > [22m[2mreminder-handler[2m > [22m[2mmarkSent PutCommand has correct pK, sK, and eventType
[22m[39m[reminder-handler] Sent 1 reminders

[90mstdout[2m | amplify/functions/reminder-handler/handler.test.ts[2m > [22m[2mreminder-handler[2m > [22m[2mFCM message data.type is REMINDER_INVOICEDUE for the invoiceDue rule
[22m[39m[reminder-handler] Starting daily reminder scan

[90mstdout[2m | amplify/functions/reminder-handler/handler.test.ts[2m > [22m[2mreminder-handler[2m > [22m[2mFCM message data.type is REMINDER_INVOICEDUE for the invoiceDue rule
[22m[39m[reminder-handler] Sent 1 reminders

[90mstdout[2m | amplify/functions/reminder-handler/handler.test.ts[2m > [22m[2mreminder-handler[2m > [22m[2mdoes not increment count when FCM throws, and handler still resolves
[22m[39m[reminder-handler] Starting daily reminder scan

[90mstderr[2m | amplify/functions/reminder-handler/handler.test.ts[2m > [22m[2mreminder-handler[2m > [22m[2mdoes not increment count when FCM throws, and handler still resolves
[22m[39m[reminder-handler] FCM failed for PERM001: Error: FCM unavailable
    at [90m/Users/farahgalaria/Documents/Repositories/Code/Applications/bebocard/bebocard_backend/[39mamplify/functions/reminder-handler/handler.test.ts:292:35
    at [90mfile:///Users/farahgalaria/Documents/Repositories/Code/Applications/bebocard/bebocard_backend/[39mnode_modules/[4m@vitest[24m/runner/dist/chunk-artifact.js:302:11
    at [90mfile:///Users/farahgalaria/Documents/Repositories/Code/Applications/bebocard/bebocard_backend/[39mnode_modules/[4m@vitest[24m/runner/dist/chunk-artifact.js:1893:26
    at [90mfile:///Users/farahgalaria/Documents/Repositories/Code/Applications/bebocard/bebocard_backend/[39mnode_modules/[4m@vitest[24m/runner/dist/chunk-artifact.js:2316:20
    at new Promise (<anonymous>)
    at runWithCancel [90m(file:///Users/farahgalaria/Documents/Repositories/Code/Applications/bebocard/bebocard_backend/[39mnode_modules/[4m@vitest[24m/runner/dist/chunk-artifact.js:2313:10[90m)[39m
    at [90mfile:///Users/farahgalaria/Documents/Repositories/Code/Applications/bebocard/bebocard_backend/[39mnode_modules/[4m@vitest[24m/runner/dist/chunk-artifact.js:2295:20
    at new Promise (<anonymous>)
    at runWithTimeout [90m(file:///Users/farahgalaria/Documents/Repositories/Code/Applications/bebocard/bebocard_backend/[39mnode_modules/[4m@vitest[24m/runner/dist/chunk-artifact.js:2262:10[90m)[39m
    at [90mfile:///Users/farahgalaria/Documents/Repositories/Code/Applications/bebocard/bebocard_backend/[39mnode_modules/[4m@vitest[24m/runner/dist/chunk-artifact.js:2945:64

[90mstdout[2m | amplify/functions/reminder-handler/handler.test.ts[2m > [22m[2mreminder-handler[2m > [22m[2mdoes not increment count when FCM throws, and handler still resolves
[22m[39m[reminder-handler] Sent 0 reminders

[90mstdout[2m | amplify/functions/reminder-handler/handler.test.ts[2m > [22m[2mreminder-handler[2m > [22m[2mdoes not increment count when FCM throws, and handler still resolves
[22m[39m[reminder-handler] Starting daily reminder scan

[90mstdout[2m | amplify/functions/reminder-handler/handler.test.ts[2m > [22m[2mreminder-handler[2m > [22m[2mdoes not increment count when FCM throws, and handler still resolves
[22m[39m[reminder-handler] Sent 0 reminders

[90mstdout[2m | amplify/functions/reminder-handler/handler.test.ts[2m > [22m[2mreminder-handler[2m > [22m[2mskips item and does not crash when markSent throws
[22m[39m[reminder-handler] Starting daily reminder scan

[90mstderr[2m | amplify/functions/reminder-handler/handler.test.ts[2m > [22m[2mreminder-handler[2m > [22m[2mskips item and does not crash when markSent throws
[22m[39m[reminder-handler] markSent failed for PERM001, skipping FCM: Error: DDB write failed
    at Object.<anonymous> [90m(/Users/farahgalaria/Documents/Repositories/Code/Applications/bebocard/bebocard_backend/[39mamplify/functions/reminder-handler/handler.test.ts:312:42[90m)[39m
    at Object.Mock [90m(file:///Users/farahgalaria/Documents/Repositories/Code/Applications/bebocard/bebocard_backend/[39mnode_modules/[4m@vitest[24m/spy/dist/index.js:332:34[90m)[39m
    at markSent [90m(/Users/farahgalaria/Documents/Repositories/Code/Applications/bebocard/bebocard_backend/[39mamplify/functions/reminder-handler/handler.ts:231:16[90m)[39m
    at processRule [90m(/Users/farahgalaria/Documents/Repositories/Code/Applications/bebocard/bebocard_backend/[39mamplify/functions/reminder-handler/handler.ts:176:15[90m)[39m
[90m    at processTicksAndRejections (node:internal/process/task_queues:105:5)[39m
    at Module.handler [90m(/Users/farahgalaria/Documents/Repositories/Code/Applications/bebocard/bebocard_backend/[39mamplify/functions/reminder-handler/handler.ts:116:21[90m)[39m
    at [90m/Users/farahgalaria/Documents/Repositories/Code/Applications/bebocard/bebocard_backend/[39mamplify/functions/reminder-handler/handler.test.ts:316:5
    at [90mfile:///Users/farahgalaria/Documents/Repositories/Code/Applications/bebocard/bebocard_backend/[39mnode_modules/[4m@vitest[24m/runner/dist/chunk-artifact.js:1893:20

[90mstdout[2m | amplify/functions/reminder-handler/handler.test.ts[2m > [22m[2mreminder-handler[2m > [22m[2mskips item and does not crash when markSent throws
[22m[39m[reminder-handler] Sent 0 reminders

[90mstdout[2m | amplify/functions/reminder-handler/handler.test.ts[2m > [22m[2mreminder-handler[2m > [22m[2mFCM message includes correct token, recordSK, and daysAhead string
[22m[39m[reminder-handler] Starting daily reminder scan

[90mstdout[2m | amplify/functions/reminder-handler/handler.test.ts[2m > [22m[2mreminder-handler[2m > [22m[2mFCM message includes correct token, recordSK, and daysAhead string
[22m[39m[reminder-handler] Sent 1 reminders

[90mstdout[2m | amplify/functions/reminder-handler/handler.test.ts[2m > [22m[2mreminder-handler[2m > [22m[2mFCM notification title is "Invoice due in 3 days" for 3-day reminder
[22m[39m[reminder-handler] Starting daily reminder scan

[90mstdout[2m | amplify/functions/reminder-handler/handler.test.ts[2m > [22m[2mreminder-handler[2m > [22m[2mFCM notification title is "Invoice due in 3 days" for 3-day reminder
[22m[39m[reminder-handler] Sent 1 reminders

 [32m✓[39m amplify/functions/reminder-handler/handler.test.ts [2m([22m[2m13 tests[22m[2m)[22m[32m 13[2mms[22m[39m
[90mstderr[2m | amplify/functions/brand-api-handler/handler.test.ts[2m > [22m[2mbrand-api-handler - unit tests[2m > [22m[2mPOST /offers creates a record and triggers fan-out
[22m[39m[createOffer] fanOut error: Error: [vitest] No "writeAuditLog" export is defined on the "../../shared/audit-logger" mock. Did you forget to return it from "vi.mock"?
If you need to partially mock a module, you can use "importOriginal" helper inside:

    at VitestMocker.createError [90m(file:///Users/farahgalaria/Documents/Repositories/Code/Applications/bebocard/bebocard_backend/[39mnode_modules/[4mvitest[24m/dist/chunks/startVitestModuleRunner.bRl2_oI_.js:62:17[90m)[39m
    at Object.get [90m(file:///Users/farahgalaria/Documents/Repositories/Code/Applications/bebocard/bebocard_backend/[39mnode_modules/[4mvitest[24m/dist/chunks/startVitestModuleRunner.bRl2_oI_.js:324:16[90m)[39m
    at [90m/Users/farahgalaria/Documents/Repositories/Code/Applications/bebocard/bebocard_backend/[39mamplify/functions/brand-api-handler/handler.ts:319:7
[90m    at processTicksAndRejections (node:internal/process/task_queues:105:5)[39m {
  codeFrame: [32m'vi.mock(import("../../shared/audit-logger"), async (importOriginal) => {\n'[39m +
    [32m'  const actual = await importOriginal()\n'[39m +
    [32m'  return {\n'[39m +
    [32m'    ...actual,\n'[39m +
    [32m'    // your mocked methods\n'[39m +
    [32m'  }\n'[39m +
    [32m'})'[39m
}

[90mstderr[2m | amplify/functions/brand-api-handler/handler.test.ts[2m > [22m[2mbrand-api-handler - unit tests[2m > [22m[2mallows engagement tier overage sends
[22m[39m[createOffer] fanOut error: Error: [vitest] No "writeAuditLog" export is defined on the "../../shared/audit-logger" mock. Did you forget to return it from "vi.mock"?
If you need to partially mock a module, you can use "importOriginal" helper inside:

    at VitestMocker.createError [90m(file:///Users/farahgalaria/Documents/Repositories/Code/Applications/bebocard/bebocard_backend/[39mnode_modules/[4mvitest[24m/dist/chunks/startVitestModuleRunner.bRl2_oI_.js:62:17[90m)[39m
    at Object.get [90m(file:///Users/farahgalaria/Documents/Repositories/Code/Applications/bebocard/bebocard_backend/[39mnode_modules/[4mvitest[24m/dist/chunks/startVitestModuleRunner.bRl2_oI_.js:324:16[90m)[39m
    at [90m/Users/farahgalaria/Documents/Repositories/Code/Applications/bebocard/bebocard_backend/[39mamplify/functions/brand-api-handler/handler.ts:319:7
[90m    at processTicksAndRejections (node:internal/process/task_queues:105:5)[39m {
  codeFrame: [32m'vi.mock(import("../../shared/audit-logger"), async (importOriginal) => {\n'[39m +
    [32m'  const actual = await importOriginal()\n'[39m +
    [32m'  return {\n'[39m +
    [32m'    ...actual,\n'[39m +
    [32m'    // your mocked methods\n'[39m +
    [32m'  }\n'[39m +
    [32m'})'[39m
}

 [32m✓[39m amplify/functions/brand-api-handler/handler.test.ts [2m([22m[2m21 tests[22m[2m)[22m[32m 17[2mms[22m[39m
[90mstderr[2m | amplify/functions/content-validator/handler.test.ts[2m > [22m[2mcontent-validator — key format guards[2m > [22m[2mskips key with unexpected format (no brands prefix)
[22m[39m[content-validator] Skipping unexpected key format: uploads/woolworths/logo/image.jpg

[90mstderr[2m | amplify/functions/content-validator/handler.test.ts[2m > [22m[2mcontent-validator — key format guards[2m > [22m[2mskips key with fewer than 4 parts
[22m[39m[content-validator] Skipping unexpected key format: brands/woolworths/logo

[90mstderr[2m | amplify/functions/content-validator/handler.test.ts[2m > [22m[2mcontent-validator — rejection cases[2m > [22m[2mrejects unknown contentType (video)
[22m[39m[content-validator] Rejected brands/woolworths/video/file.mp4: Unknown content type: video

[90mstdout[2m | amplify/functions/content-validator/handler.test.ts[2m > [22m[2mcontent-validator — rejection cases[2m > [22m[2mrejects unknown contentType (video)
[22m[39m{"audit":true,"actorType":"brand","actor":"woolworths","action":"contentRejected","resource":"file.mp4","outcome":"failure","errorCode":"Unknown content type: video","timestamp":"2026-04-12T18:55:26.742Z","logId":"01KP1GRZ0PMD912XXD024NQJC9"}

[90mstderr[2m | amplify/functions/content-validator/handler.test.ts[2m > [22m[2mcontent-validator — rejection cases[2m > [22m[2mrejects if MIME type is not allowed (image/gif)
[22m[39m[content-validator] Rejected brands/woolworths/logo/banner.gif: Invalid MIME type: image/gif

[90mstdout[2m | amplify/functions/content-validator/handler.test.ts[2m > [22m[2mcontent-validator — rejection cases[2m > [22m[2mrejects if MIME type is not allowed (image/gif)
[22m[39m{"audit":true,"actorType":"brand","actor":"woolworths","action":"contentRejected","resource":"banner.gif","outcome":"failure","errorCode":"Invalid MIME type: image/gif","timestamp":"2026-04-12T18:55:26.743Z","logId":"01KP1GRZ0Q20T27YS0AJ3AX4G4"}

[90mstderr[2m | amplify/functions/content-validator/handler.test.ts[2m > [22m[2mcontent-validator — rejection cases[2m > [22m[2mrejects if file size > 5 MB
[22m[39m[content-validator] Rejected brands/woolworths/logo/big.jpg: File too large: 5.0 MB (max 5 MB)

[90mstdout[2m | amplify/functions/content-validator/handler.test.ts[2m > [22m[2mcontent-validator — rejection cases[2m > [22m[2mrejects if file size > 5 MB
[22m[39m{"audit":true,"actorType":"brand","actor":"woolworths","action":"contentRejected","resource":"big.jpg","outcome":"failure","errorCode":"File too large: 5.0 MB (max 5 MB)","timestamp":"2026-04-12T18:55:26.743Z","logId":"01KP1GRZ0Q20T27YS0AJ3AX4G5"}

[90mstderr[2m | amplify/functions/content-validator/handler.test.ts[2m > [22m[2mcontent-validator — rejection cases[2m > [22m[2mrejects if Rekognition returns a label with confidence > 75
[22m[39m[content-validator] Rejected brands/woolworths/logo/bad.jpg: Content moderation: Nudity

[90mstdout[2m | amplify/functions/content-validator/handler.test.ts[2m > [22m[2mcontent-validator — rejection cases[2m > [22m[2mrejects if Rekognition returns a label with confidence > 75
[22m[39m{"audit":true,"actorType":"brand","actor":"woolworths","action":"contentRejected","resource":"bad.jpg","outcome":"failure","errorCode":"Content moderation: Nudity","timestamp":"2026-04-12T18:55:26.743Z","logId":"01KP1GRZ0Q20T27YS0AJ3AX4G6"}

[90mstderr[2m | amplify/functions/content-validator/handler.test.ts[2m > [22m[2mcontent-validator — rejection cases[2m > [22m[2mon reject: CopyObjectCommand goes to rejected/ prefix in STAGING_BUCKET
[22m[39m[content-validator] Rejected brands/woolworths/logo/test.gif: Invalid MIME type: image/gif

[90mstdout[2m | amplify/functions/content-validator/handler.test.ts[2m > [22m[2mcontent-validator — rejection cases[2m > [22m[2mon reject: CopyObjectCommand goes to rejected/ prefix in STAGING_BUCKET
[22m[39m{"audit":true,"actorType":"brand","actor":"woolworths","action":"contentRejected","resource":"test.gif","outcome":"failure","errorCode":"Invalid MIME type: image/gif","timestamp":"2026-04-12T18:55:26.744Z","logId":"01KP1GRZ0RZHGCA2W0HT61Y30B"}

[90mstdout[2m | amplify/functions/content-validator/handler.test.ts[2m > [22m[2mcontent-validator — pass cases[2m > [22m[2mpasses and copies to REF_BUCKET for a valid jpeg with no moderation hits
[22m[39m{"audit":true,"actorType":"brand","actor":"woolworths","action":"contentPromoted","resource":"brands/woolworths/logo/logo.jpg","outcome":"success","timestamp":"2026-04-12T18:55:26.744Z","logId":"01KP1GRZ0RZHGCA2W0HT61Y30C"}

[90mstdout[2m | amplify/functions/content-validator/handler.test.ts[2m > [22m[2mcontent-validator — pass cases[2m > [22m[2mpasses and copies to REF_BUCKET for a valid jpeg with no moderation hits
[22m[39m[content-validator] Promoted: brands/woolworths/logo/logo.jpg → https://ref-bucket.s3.ap-southeast-2.amazonaws.com/brands/woolworths/logo/logo.jpg

[90mstdout[2m | amplify/functions/content-validator/handler.test.ts[2m > [22m[2mcontent-validator — pass cases[2m > [22m[2mpasses for all three allowed MIME types (jpeg, png, webp)
[22m[39m{"audit":true,"actorType":"brand","actor":"woolworths","action":"contentPromoted","resource":"brands/woolworths/banner/image.jpg","outcome":"success","timestamp":"2026-04-12T18:55:26.744Z","logId":"01KP1GRZ0RZHGCA2W0HT61Y30D"}

[90mstdout[2m | amplify/functions/content-validator/handler.test.ts[2m > [22m[2mcontent-validator — pass cases[2m > [22m[2mpasses for all three allowed MIME types (jpeg, png, webp)
[22m[39m[content-validator] Promoted: brands/woolworths/banner/image.jpg → https://ref-bucket.s3.ap-southeast-2.amazonaws.com/brands/woolworths/banner/image.jpg

[90mstdout[2m | amplify/functions/content-validator/handler.test.ts[2m > [22m[2mcontent-validator — pass cases[2m > [22m[2mpasses for all three allowed MIME types (jpeg, png, webp)
[22m[39m{"audit":true,"actorType":"brand","actor":"woolworths","action":"contentPromoted","resource":"brands/woolworths/banner/image.png","outcome":"success","timestamp":"2026-04-12T18:55:26.744Z","logId":"01KP1GRZ0RZHGCA2W0HT61Y30E"}

[90mstdout[2m | amplify/functions/content-validator/handler.test.ts[2m > [22m[2mcontent-validator — pass cases[2m > [22m[2mpasses for all three allowed MIME types (jpeg, png, webp)
[22m[39m[content-validator] Promoted: brands/woolworths/banner/image.png → https://ref-bucket.s3.ap-southeast-2.amazonaws.com/brands/woolworths/banner/image.png

[90mstdout[2m | amplify/functions/content-validator/handler.test.ts[2m > [22m[2mcontent-validator — pass cases[2m > [22m[2mpasses for all three allowed MIME types (jpeg, png, webp)
[22m[39m{"audit":true,"actorType":"brand","actor":"woolworths","action":"contentPromoted","resource":"brands/woolworths/banner/image.webp","outcome":"success","timestamp":"2026-04-12T18:55:26.745Z","logId":"01KP1GRZ0SEEJW2G6TTP9WA8ZJ"}

[90mstdout[2m | amplify/functions/content-validator/handler.test.ts[2m > [22m[2mcontent-validator — pass cases[2m > [22m[2mpasses for all three allowed MIME types (jpeg, png, webp)
[22m[39m[content-validator] Promoted: brands/woolworths/banner/image.webp → https://ref-bucket.s3.ap-southeast-2.amazonaws.com/brands/woolworths/banner/image.webp

[90mstdout[2m | amplify/functions/content-validator/handler.test.ts[2m > [22m[2mcontent-validator — pass cases[2m > [22m[2mon pass: CopyObjectCommand goes to REF_BUCKET with correct Key
[22m[39m{"audit":true,"actorType":"brand","actor":"woolworths","action":"contentPromoted","resource":"brands/woolworths/logo/logo.jpg","outcome":"success","timestamp":"2026-04-12T18:55:26.745Z","logId":"01KP1GRZ0SEEJW2G6TTP9WA8ZK"}

[90mstdout[2m | amplify/functions/content-validator/handler.test.ts[2m > [22m[2mcontent-validator — pass cases[2m > [22m[2mon pass: CopyObjectCommand goes to REF_BUCKET with correct Key
[22m[39m[content-validator] Promoted: brands/woolworths/logo/logo.jpg → https://ref-bucket.s3.ap-southeast-2.amazonaws.com/brands/woolworths/logo/logo.jpg

[90mstdout[2m | amplify/functions/content-validator/handler.test.ts[2m > [22m[2mcontent-validator — pass cases[2m > [22m[2mon pass: UpdateCommand to REFDATA_TABLE has correct brandId in key
[22m[39m{"audit":true,"actorType":"brand","actor":"woolworths","action":"contentPromoted","resource":"brands/woolworths/logo/logo.jpg","outcome":"success","timestamp":"2026-04-12T18:55:26.745Z","logId":"01KP1GRZ0SEEJW2G6TTP9WA8ZM"}

[90mstdout[2m | amplify/functions/content-validator/handler.test.ts[2m > [22m[2mcontent-validator — pass cases[2m > [22m[2mon pass: UpdateCommand to REFDATA_TABLE has correct brandId in key
[22m[39m[content-validator] Promoted: brands/woolworths/logo/logo.jpg → https://ref-bucket.s3.ap-southeast-2.amazonaws.com/brands/woolworths/logo/logo.jpg

[90mstdout[2m | amplify/functions/content-validator/handler.test.ts[2m > [22m[2mcontent-validator — pass cases[2m > [22m[2mpasses catalogue PDF uploads without Rekognition moderation
[22m[39m{"audit":true,"actorType":"brand","actor":"woolworths","action":"contentPromoted","resource":"brands/woolworths/catalogue/catalogue.pdf","outcome":"success","timestamp":"2026-04-12T18:55:26.745Z","logId":"01KP1GRZ0SEEJW2G6TTP9WA8ZN"}

[90mstdout[2m | amplify/functions/content-validator/handler.test.ts[2m > [22m[2mcontent-validator — pass cases[2m > [22m[2mpasses catalogue PDF uploads without Rekognition moderation
[22m[39m[content-validator] Promoted: brands/woolworths/catalogue/catalogue.pdf → https://ref-bucket.s3.ap-southeast-2.amazonaws.com/brands/woolworths/catalogue/catalogue.pdf

[90mstdout[2m | amplify/functions/content-validator/handler.test.ts[2m > [22m[2mcontent-validator — pass cases[2m > [22m[2mpasses widget_branding image uploads and writes the matching profile field
[22m[39m{"audit":true,"actorType":"brand","actor":"woolworths","action":"contentPromoted","resource":"brands/woolworths/widget_branding/widget.png","outcome":"success","timestamp":"2026-04-12T18:55:26.745Z","logId":"01KP1GRZ0SEEJW2G6TTP9WA8ZP"}

[90mstdout[2m | amplify/functions/content-validator/handler.test.ts[2m > [22m[2mcontent-validator — pass cases[2m > [22m[2mpasses widget_branding image uploads and writes the matching profile field
[22m[39m[content-validator] Promoted: brands/woolworths/widget_branding/widget.png → https://ref-bucket.s3.ap-southeast-2.amazonaws.com/brands/woolworths/widget_branding/widget.png

[90mstdout[2m | amplify/functions/content-validator/handler.test.ts[2m > [22m[2mcontent-validator — S3 head & error handling[2m > [22m[2mHeadObjectCommand uses correct Bucket (TENANT_UPLOADS_BUCKET)
[22m[39m{"audit":true,"actorType":"brand","actor":"woolworths","action":"contentPromoted","resource":"brands/woolworths/logo/logo.jpg","outcome":"success","timestamp":"2026-04-12T18:55:26.746Z","logId":"01KP1GRZ0TNSTQB5Y0KSC03YNN"}

[90mstdout[2m | amplify/functions/content-validator/handler.test.ts[2m > [22m[2mcontent-validator — S3 head & error handling[2m > [22m[2mHeadObjectCommand uses correct Bucket (TENANT_UPLOADS_BUCKET)
[22m[39m[content-validator] Promoted: brands/woolworths/logo/logo.jpg → https://ref-bucket.s3.ap-southeast-2.amazonaws.com/brands/woolworths/logo/logo.jpg

[90mstderr[2m | amplify/functions/content-validator/handler.test.ts[2m > [22m[2mcontent-validator — S3 head & error handling[2m > [22m[2mhandles HeadObjectCommand throwing without crashing
[22m[39m[content-validator] HeadObject failed for brands/woolworths/logo/logo.jpg: Error: S3 unavailable
    at [90m/Users/farahgalaria/Documents/Repositories/Code/Applications/bebocard/bebocard_backend/[39mamplify/functions/content-validator/handler.test.ts:293:34
    at [90mfile:///Users/farahgalaria/Documents/Repositories/Code/Applications/bebocard/bebocard_backend/[39mnode_modules/[4m@vitest[24m/runner/dist/chunk-artifact.js:302:11
    at [90mfile:///Users/farahgalaria/Documents/Repositories/Code/Applications/bebocard/bebocard_backend/[39mnode_modules/[4m@vitest[24m/runner/dist/chunk-artifact.js:1893:26
    at [90mfile:///Users/farahgalaria/Documents/Repositories/Code/Applications/bebocard/bebocard_backend/[39mnode_modules/[4m@vitest[24m/runner/dist/chunk-artifact.js:2316:20
    at new Promise (<anonymous>)
    at runWithCancel [90m(file:///Users/farahgalaria/Documents/Repositories/Code/Applications/bebocard/bebocard_backend/[39mnode_modules/[4m@vitest[24m/runner/dist/chunk-artifact.js:2313:10[90m)[39m
    at [90mfile:///Users/farahgalaria/Documents/Repositories/Code/Applications/bebocard/bebocard_backend/[39mnode_modules/[4m@vitest[24m/runner/dist/chunk-artifact.js:2295:20
    at new Promise (<anonymous>)
    at runWithTimeout [90m(file:///Users/farahgalaria/Documents/Repositories/Code/Applications/bebocard/bebocard_backend/[39mnode_modules/[4m@vitest[24m/runner/dist/chunk-artifact.js:2262:10[90m)[39m
    at [90mfile:///Users/farahgalaria/Documents/Repositories/Code/Applications/bebocard/bebocard_backend/[39mnode_modules/[4m@vitest[24m/runner/dist/chunk-artifact.js:2945:64

[90mstdout[2m | amplify/functions/content-validator/handler.test.ts[2m > [22m[2mcontent-validator — S3 head & error handling[2m > [22m[2mprocesses multiple S3 records in one invocation
[22m[39m{"audit":true,"actorType":"brand","actor":"woolworths","action":"contentPromoted","resource":"brands/woolworths/logo/logo.jpg","outcome":"success","timestamp":"2026-04-12T18:55:26.748Z","logId":"01KP1GRZ0WAVGJY17ZTSTW9XHY"}

[90mstdout[2m | amplify/functions/content-validator/handler.test.ts[2m > [22m[2mcontent-validator — S3 head & error handling[2m > [22m[2mprocesses multiple S3 records in one invocation
[22m[39m[content-validator] Promoted: brands/woolworths/logo/logo.jpg → https://ref-bucket.s3.ap-southeast-2.amazonaws.com/brands/woolworths/logo/logo.jpg

[90mstdout[2m | amplify/functions/content-validator/handler.test.ts[2m > [22m[2mcontent-validator — S3 head & error handling[2m > [22m[2mprocesses multiple S3 records in one invocation
[22m[39m{"audit":true,"actorType":"brand","actor":"bigw","action":"contentPromoted","resource":"brands/bigw/banner/banner.jpg","outcome":"success","timestamp":"2026-04-12T18:55:26.748Z","logId":"01KP1GRZ0WAVGJY17ZTSTW9XHZ"}

[90mstdout[2m | amplify/functions/content-validator/handler.test.ts[2m > [22m[2mcontent-validator — S3 head & error handling[2m > [22m[2mprocesses multiple S3 records in one invocation
[22m[39m[content-validator] Promoted: brands/bigw/banner/banner.jpg → https://ref-bucket.s3.ap-southeast-2.amazonaws.com/brands/bigw/banner/banner.jpg

[90mstdout[2m | amplify/functions/post-confirmation/handler.test.ts[2m > [22m[2mpost-confirmation handler[2m > [22m[2mthrows if SSM returns empty table names
[22m[39m[post-confirmation] START user=test-user-123

[90mstderr[2m | amplify/functions/post-confirmation/handler.test.ts[2m > [22m[2mpost-confirmation handler[2m > [22m[2mthrows if SSM returns empty table names
[22m[39m[post-confirmation] FAILED to get table names: Error: Failed to fetch table names from SSM parameters
    at getTableNames [90m(/Users/farahgalaria/Documents/Repositories/Code/Applications/bebocard/bebocard_backend/[39mamplify/functions/post-confirmation/handler.ts:33:11[90m)[39m
[90m    at processTicksAndRejections (node:internal/process/task_queues:105:5)[39m
    at Module.handler [90m(/Users/farahgalaria/Documents/Repositories/Code/Applications/bebocard/bebocard_backend/[39mamplify/functions/post-confirmation/handler.ts:59:36[90m)[39m
    at [90m/Users/farahgalaria/Documents/Repositories/Code/Applications/bebocard/bebocard_backend/[39mamplify/functions/post-confirmation/handler.test.ts:88:5
    at [90mfile:///Users/farahgalaria/Documents/Repositories/Code/Applications/bebocard/bebocard_backend/[39mnode_modules/[4m@vitest[24m/runner/dist/chunk-artifact.js:1893:20

[90mstdout[2m | amplify/functions/post-confirmation/handler.test.ts[2m > [22m[2mpost-confirmation handler[2m > [22m[2mcreates IDENTITY record with correct pK and sK
[22m[39m[post-confirmation] START user=test-user-123

 [32m✓[39m amplify/functions/content-validator/handler.test.ts [2m([22m[2m16 tests[22m[2m)[22m[32m 13[2mms[22m[39m
[90mstdout[2m | amplify/functions/post-confirmation/handler.test.ts[2m > [22m[2mpost-confirmation handler[2m > [22m[2mcreates SCAN_INDEX record with correct pK pattern
[22m[39m[post-confirmation] START user=test-user-123

[90mstdout[2m | amplify/functions/post-confirmation/handler.test.ts[2m > [22m[2mpost-confirmation handler[2m > [22m[2msets custom:permULID Cognito attribute
[22m[39m[post-confirmation] START user=test-user-123

[90mstdout[2m | amplify/functions/post-confirmation/handler.test.ts[2m > [22m[2mpost-confirmation handler[2m > [22m[2mrotatesAt is approximately 24 hours from now
[22m[39m[post-confirmation] START user=test-user-123

[90mstdout[2m | amplify/functions/post-confirmation/handler.test.ts[2m > [22m[2mpost-confirmation handler[2m > [22m[2mIDENTITY record has secondaryULID as a top-level field
[22m[39m[post-confirmation] START user=test-user-123

[90mstdout[2m | amplify/functions/post-confirmation/handler.test.ts[2m > [22m[2mpost-confirmation handler[2m > [22m[2mSCAN_INDEX desc contains empty cards array
[22m[39m[post-confirmation] START user=test-user-123

[90mstdout[2m | amplify/functions/post-confirmation/handler.test.ts[2m > [22m[2mpost-confirmation handler[2m > [22m[2mreturns the original event object
[22m[39m[post-confirmation] START user=test-user-123

[90mstdout[2m | amplify/functions/post-confirmation/handler.test.ts[2m > [22m[2mpost-confirmation handler[2m > [22m[2mSCAN_INDEX sK equals the permULID from the IDENTITY record
[22m[39m[post-confirmation] START user=test-user-123

[90mstdout[2m | amplify/functions/post-confirmation/handler.test.ts[2m > [22m[2mpost-confirmation handler[2m > [22m[2mSCAN_INDEX pK matches secondaryULID from IDENTITY record
[22m[39m[post-confirmation] START user=test-user-123

[90mstdout[2m | amplify/functions/post-confirmation/handler.test.ts[2m > [22m[2mpost-confirmation handler[2m > [22m[2msends AdminUpdateUserAttributesCommand with correct UserPoolId and Username
[22m[39m[post-confirmation] START user=my-user

 [32m✓[39m amplify/functions/post-confirmation/handler.test.ts [2m([22m[2m11 tests[22m[2m)[22m[32m 10[2mms[22m[39m
[90mstdout[2m | amplify/functions/custom-segment-evaluator/handler.test.ts[2m > [22m[2mcustom-segment-evaluator handler[2m > [22m[2mdoes nothing when no segment defs exist
[22m[39m[custom-segment-evaluator] Starting end-of-day evaluation { runAt: [32m'2026-04-12T18:55:26.795Z'[39m }

[90mstdout[2m | amplify/functions/custom-segment-evaluator/handler.test.ts[2m > [22m[2mcustom-segment-evaluator handler[2m > [22m[2mdoes nothing when no segment defs exist
[22m[39m[custom-segment-evaluator] Loaded segment defs { count: [33m0[39m }
[custom-segment-evaluator] Run complete {
  totalDefs: [33m0[39m,
  totalProcessed: [33m0[39m,
  totalErrors: [33m0[39m,
  runAt: [32m'2026-04-12T18:55:26.795Z'[39m
}

[90mstdout[2m | amplify/functions/custom-segment-evaluator/handler.test.ts[2m > [22m[2mcustom-segment-evaluator handler[2m > [22m[2mskips inactive segment defs
[22m[39m[custom-segment-evaluator] Starting end-of-day evaluation { runAt: [32m'2026-04-12T18:55:26.800Z'[39m }

[90mstdout[2m | amplify/functions/custom-segment-evaluator/handler.test.ts[2m > [22m[2mcustom-segment-evaluator handler[2m > [22m[2mskips inactive segment defs
[22m[39m[custom-segment-evaluator] Loaded segment defs { count: [33m0[39m }
[custom-segment-evaluator] Run complete {
  totalDefs: [33m0[39m,
  totalProcessed: [33m0[39m,
  totalErrors: [33m0[39m,
  runAt: [32m'2026-04-12T18:55:26.800Z'[39m
}

[90mstdout[2m | amplify/functions/custom-segment-evaluator/handler.test.ts[2m > [22m[2mcustom-segment-evaluator handler[2m > [22m[2mmarks a user ACTIVE when they meet the spend threshold
[22m[39m[custom-segment-evaluator] Starting end-of-day evaluation { runAt: [32m'2026-04-12T18:55:26.801Z'[39m }

[90mstdout[2m | amplify/functions/custom-segment-evaluator/handler.test.ts[2m > [22m[2mcustom-segment-evaluator handler[2m > [22m[2mmarks a user ACTIVE when they meet the spend threshold
[22m[39m[custom-segment-evaluator] Loaded segment defs { count: [33m1[39m }
[custom-segment-evaluator] Evaluating segment {
  tenantId: [32m'tenant-1'[39m,
  segmentId: [32m'seg-abc'[39m,
  name: [32m'High spenders'[39m,
  scope: [32m'brand'[39m
}

[90mstdout[2m | amplify/functions/custom-segment-evaluator/handler.test.ts[2m > [22m[2mcustom-segment-evaluator handler[2m > [22m[2mmarks a user ACTIVE when they meet the spend threshold
[22m[39m[custom-segment-evaluator] Segment evaluation complete { segmentId: [32m'seg-abc'[39m, subscribers: [33m1[39m, members: [33m1[39m }
[custom-segment-evaluator] Run complete {
  totalDefs: [33m1[39m,
  totalProcessed: [33m1[39m,
  totalErrors: [33m0[39m,
  runAt: [32m'2026-04-12T18:55:26.801Z'[39m
}

[90mstdout[2m | amplify/functions/custom-segment-evaluator/handler.test.ts[2m > [22m[2mcustom-segment-evaluator handler[2m > [22m[2mmarks a user INACTIVE when they do not meet the spend threshold
[22m[39m[custom-segment-evaluator] Starting end-of-day evaluation { runAt: [32m'2026-04-12T18:55:26.802Z'[39m }

[90mstdout[2m | amplify/functions/custom-segment-evaluator/handler.test.ts[2m > [22m[2mcustom-segment-evaluator handler[2m > [22m[2mmarks a user INACTIVE when they do not meet the spend threshold
[22m[39m[custom-segment-evaluator] Loaded segment defs { count: [33m1[39m }
[custom-segment-evaluator] Evaluating segment {
  tenantId: [32m'tenant-1'[39m,
  segmentId: [32m'seg-abc'[39m,
  name: [32m'High spenders'[39m,
  scope: [32m'brand'[39m
}

[90mstdout[2m | amplify/functions/custom-segment-evaluator/handler.test.ts[2m > [22m[2mcustom-segment-evaluator handler[2m > [22m[2mmarks a user INACTIVE when they do not meet the spend threshold
[22m[39m[custom-segment-evaluator] Segment evaluation complete { segmentId: [32m'seg-abc'[39m, subscribers: [33m1[39m, members: [33m0[39m }
[custom-segment-evaluator] Run complete {
  totalDefs: [33m1[39m,
  totalProcessed: [33m1[39m,
  totalErrors: [33m0[39m,
  runAt: [32m'2026-04-12T18:55:26.802Z'[39m
}

[90mstdout[2m | amplify/functions/custom-segment-evaluator/handler.test.ts[2m > [22m[2mcustom-segment-evaluator handler[2m > [22m[2mevaluates OR logic — user meets at least one rule
[22m[39m[custom-segment-evaluator] Starting end-of-day evaluation { runAt: [32m'2026-04-12T18:55:26.802Z'[39m }

[90mstdout[2m | amplify/functions/custom-segment-evaluator/handler.test.ts[2m > [22m[2mcustom-segment-evaluator handler[2m > [22m[2mevaluates OR logic — user meets at least one rule
[22m[39m[custom-segment-evaluator] Loaded segment defs { count: [33m1[39m }
[custom-segment-evaluator] Evaluating segment {
  tenantId: [32m'tenant-1'[39m,
  segmentId: [32m'seg-abc'[39m,
  name: [32m'Frequent OR high-spend'[39m,
  scope: [32m'brand'[39m
}

[90mstdout[2m | amplify/functions/custom-segment-evaluator/handler.test.ts[2m > [22m[2mcustom-segment-evaluator handler[2m > [22m[2mevaluates OR logic — user meets at least one rule
[22m[39m[custom-segment-evaluator] Segment evaluation complete { segmentId: [32m'seg-abc'[39m, subscribers: [33m1[39m, members: [33m1[39m }
[custom-segment-evaluator] Run complete {
  totalDefs: [33m1[39m,
  totalProcessed: [33m1[39m,
  totalErrors: [33m0[39m,
  runAt: [32m'2026-04-12T18:55:26.802Z'[39m
}

[90mstdout[2m | amplify/functions/custom-segment-evaluator/handler.test.ts[2m > [22m[2mcustom-segment-evaluator handler[2m > [22m[2mevaluates AND logic — user must meet all rules
[22m[39m[custom-segment-evaluator] Starting end-of-day evaluation { runAt: [32m'2026-04-12T18:55:26.802Z'[39m }

[90mstdout[2m | amplify/functions/custom-segment-evaluator/handler.test.ts[2m > [22m[2mcustom-segment-evaluator handler[2m > [22m[2mevaluates AND logic — user must meet all rules
[22m[39m[custom-segment-evaluator] Loaded segment defs { count: [33m1[39m }
[custom-segment-evaluator] Evaluating segment {
  tenantId: [32m'tenant-1'[39m,
  segmentId: [32m'seg-abc'[39m,
  name: [32m'Frequent AND high-spend'[39m,
  scope: [32m'brand'[39m
}

[90mstdout[2m | amplify/functions/custom-segment-evaluator/handler.test.ts[2m > [22m[2mcustom-segment-evaluator handler[2m > [22m[2mevaluates AND logic — user must meet all rules
[22m[39m[custom-segment-evaluator] Segment evaluation complete { segmentId: [32m'seg-abc'[39m, subscribers: [33m1[39m, members: [33m0[39m }
[custom-segment-evaluator] Run complete {
  totalDefs: [33m1[39m,
  totalProcessed: [33m1[39m,
  totalErrors: [33m0[39m,
  runAt: [32m'2026-04-12T18:55:26.802Z'[39m
}

[90mstdout[2m | amplify/functions/custom-segment-evaluator/handler.test.ts[2m > [22m[2mcustom-segment-evaluator handler[2m > [22m[2mhandles between operator
[22m[39m[custom-segment-evaluator] Starting end-of-day evaluation { runAt: [32m'2026-04-12T18:55:26.802Z'[39m }

[90mstdout[2m | amplify/functions/custom-segment-evaluator/handler.test.ts[2m > [22m[2mcustom-segment-evaluator handler[2m > [22m[2mhandles between operator
[22m[39m[custom-segment-evaluator] Loaded segment defs { count: [33m1[39m }
[custom-segment-evaluator] Evaluating segment {
  tenantId: [32m'tenant-1'[39m,
  segmentId: [32m'seg-abc'[39m,
  name: [32m'Mid-range spenders'[39m,
  scope: [32m'brand'[39m
}

[90mstdout[2m | amplify/functions/custom-segment-evaluator/handler.test.ts[2m > [22m[2mcustom-segment-evaluator handler[2m > [22m[2mhandles between operator
[22m[39m[custom-segment-evaluator] Segment evaluation complete { segmentId: [32m'seg-abc'[39m, subscribers: [33m1[39m, members: [33m1[39m }
[custom-segment-evaluator] Run complete {
  totalDefs: [33m1[39m,
  totalProcessed: [33m1[39m,
  totalErrors: [33m0[39m,
  runAt: [32m'2026-04-12T18:55:26.802Z'[39m
}

[90mstdout[2m | amplify/functions/custom-segment-evaluator/handler.test.ts[2m > [22m[2mcustom-segment-evaluator handler[2m > [22m[2mwrites global BeboCard segment membership with brandId=bebocard
[22m[39m[custom-segment-evaluator] Starting end-of-day evaluation { runAt: [32m'2026-04-12T18:55:26.803Z'[39m }

[90mstdout[2m | amplify/functions/custom-segment-evaluator/handler.test.ts[2m > [22m[2mcustom-segment-evaluator handler[2m > [22m[2mwrites global BeboCard segment membership with brandId=bebocard
[22m[39m[custom-segment-evaluator] Loaded segment defs { count: [33m1[39m }
[custom-segment-evaluator] Evaluating segment {
  tenantId: [32m'bebocard'[39m,
  segmentId: [32m'global-seg'[39m,
  name: [32m'Cross-brand power users'[39m,
  scope: [32m'global'[39m
}

[90mstdout[2m | amplify/functions/custom-segment-evaluator/handler.test.ts[2m > [22m[2mcustom-segment-evaluator handler[2m > [22m[2mwrites global BeboCard segment membership with brandId=bebocard
[22m[39m[custom-segment-evaluator] Segment evaluation complete { segmentId: [32m'global-seg'[39m, subscribers: [33m1[39m, members: [33m1[39m }
[custom-segment-evaluator] Run complete {
  totalDefs: [33m1[39m,
  totalProcessed: [33m1[39m,
  totalErrors: [33m0[39m,
  runAt: [32m'2026-04-12T18:55:26.803Z'[39m
}

[90mstdout[2m | amplify/functions/custom-segment-evaluator/handler.test.ts[2m > [22m[2mcustom-segment-evaluator handler[2m > [22m[2mupdates segment def stats after evaluation
[22m[39m[custom-segment-evaluator] Starting end-of-day evaluation { runAt: [32m'2026-04-12T18:55:26.803Z'[39m }

[90mstdout[2m | amplify/functions/custom-segment-evaluator/handler.test.ts[2m > [22m[2mcustom-segment-evaluator handler[2m > [22m[2mupdates segment def stats after evaluation
[22m[39m[custom-segment-evaluator] Loaded segment defs { count: [33m1[39m }
[custom-segment-evaluator] Evaluating segment {
  tenantId: [32m'tenant-1'[39m,
  segmentId: [32m'seg-abc'[39m,
  name: [32m'High spenders'[39m,
  scope: [32m'brand'[39m
}

[90mstdout[2m | amplify/functions/custom-segment-evaluator/handler.test.ts[2m > [22m[2mcustom-segment-evaluator handler[2m > [22m[2mupdates segment def stats after evaluation
[22m[39m[custom-segment-evaluator] Segment evaluation complete { segmentId: [32m'seg-abc'[39m, subscribers: [33m1[39m, members: [33m1[39m }
[custom-segment-evaluator] Run complete {
  totalDefs: [33m1[39m,
  totalProcessed: [33m1[39m,
  totalErrors: [33m0[39m,
  runAt: [32m'2026-04-12T18:55:26.803Z'[39m
}

 [32m✓[39m amplify/functions/custom-segment-evaluator/handler.test.ts [2m([22m[2m9 tests[22m[2m)[22m[32m 9[2mms[22m[39m
[90mstdout[2m | amplify/functions/consent-handler/handler.test.ts[2m > [22m[2mSQS timeout handler[2m > [22m[2mmarks consent as TIMEOUT if still PENDING
[22m[39m[consent-handler] Consent request REQ001 timed out

 [32m✓[39m amplify/functions/consent-handler/handler.test.ts [2m([22m[2m16 tests[22m[2m)[22m[32m 16[2mms[22m[39m
[90mstdout[2m | amplify/functions/gift-card-refund/handler.test.ts[2m > [22m[2mno expired gifts[2m > [22m[2mdoes not call KMS or write anything when the scan returns no results
[22m[39m[gift-card-refund] Checking for expired unclaimed gifts...

[90mstdout[2m | amplify/functions/gift-card-refund/handler.test.ts[2m > [22m[2mno expired gifts[2m > [22m[2mdoes not call KMS or write anything when the scan returns no results
[22m[39m[gift-card-refund] Processed 0 expired gifts.

[90mstdout[2m | amplify/functions/gift-card-refund/handler.test.ts[2m > [22m[2mexpired gift refund[2m > [22m[2mdecrypts the card, writes it back to sender wallet, marks GIFT record as refunded, and notifies sender
[22m[39m[gift-card-refund] Checking for expired unclaimed gifts...

[90mstdout[2m | amplify/functions/gift-card-refund/handler.test.ts[2m > [22m[2mexpired gift refund[2m > [22m[2mdecrypts the card, writes it back to sender wallet, marks GIFT record as refunded, and notifies sender
[22m[39m[gift-card-refund] Processed 1 expired gifts.

[90mstdout[2m | amplify/functions/gift-card-refund/handler.test.ts[2m > [22m[2mexpired gift refund[2m > [22m[2mcontinues processing remaining gifts after one KMS failure
[22m[39m[gift-card-refund] Checking for expired unclaimed gifts...

[90mstderr[2m | amplify/functions/gift-card-refund/handler.test.ts[2m > [22m[2mexpired gift refund[2m > [22m[2mcontinues processing remaining gifts after one KMS failure
[22m[39m[gift-card-refund] Failed to process refund for GIFT#gift-001 Error: KMS unavailable
    at [90m/Users/farahgalaria/Documents/Repositories/Code/Applications/bebocard/bebocard_backend/[39mamplify/functions/gift-card-refund/handler.test.ts:153:30
    at [90mfile:///Users/farahgalaria/Documents/Repositories/Code/Applications/bebocard/bebocard_backend/[39mnode_modules/[4m@vitest[24m/runner/dist/chunk-artifact.js:302:11
    at [90mfile:///Users/farahgalaria/Documents/Repositories/Code/Applications/bebocard/bebocard_backend/[39mnode_modules/[4m@vitest[24m/runner/dist/chunk-artifact.js:1893:26
    at [90mfile:///Users/farahgalaria/Documents/Repositories/Code/Applications/bebocard/bebocard_backend/[39mnode_modules/[4m@vitest[24m/runner/dist/chunk-artifact.js:2316:20
    at new Promise (<anonymous>)
    at runWithCancel [90m(file:///Users/farahgalaria/Documents/Repositories/Code/Applications/bebocard/bebocard_backend/[39mnode_modules/[4m@vitest[24m/runner/dist/chunk-artifact.js:2313:10[90m)[39m
    at [90mfile:///Users/farahgalaria/Documents/Repositories/Code/Applications/bebocard/bebocard_backend/[39mnode_modules/[4m@vitest[24m/runner/dist/chunk-artifact.js:2295:20
    at new Promise (<anonymous>)
    at runWithTimeout [90m(file:///Users/farahgalaria/Documents/Repositories/Code/Applications/bebocard/bebocard_backend/[39mnode_modules/[4m@vitest[24m/runner/dist/chunk-artifact.js:2262:10[90m)[39m
    at [90mfile:///Users/farahgalaria/Documents/Repositories/Code/Applications/bebocard/bebocard_backend/[39mnode_modules/[4m@vitest[24m/runner/dist/chunk-artifact.js:2945:64

[90mstdout[2m | amplify/functions/gift-card-refund/handler.test.ts[2m > [22m[2mexpired gift refund[2m > [22m[2mcontinues processing remaining gifts after one KMS failure
[22m[39m[gift-card-refund] Processed 1 expired gifts.

[90mstdout[2m | amplify/functions/gift-card-refund/handler.test.ts[2m > [22m[2mexpired gift refund[2m > [22m[2mhandles pagination (LastEvaluatedKey)
[22m[39m[gift-card-refund] Checking for expired unclaimed gifts...

[90mstdout[2m | amplify/functions/gift-card-refund/handler.test.ts[2m > [22m[2mexpired gift refund[2m > [22m[2mhandles pagination (LastEvaluatedKey)
[22m[39m[gift-card-refund] Processed 2 expired gifts.

[90mstdout[2m | amplify/functions/gift-card-refund/handler.test.ts[2m > [22m[2mexpired gift refund[2m > [22m[2mdoes not send FCM when sender has no device token
[22m[39m[gift-card-refund] Checking for expired unclaimed gifts...

[90mstdout[2m | amplify/functions/gift-card-refund/handler.test.ts[2m > [22m[2mexpired gift refund[2m > [22m[2mdoes not send FCM when sender has no device token
[22m[39m[gift-card-refund] Processed 1 expired gifts.

 [32m✓[39m amplify/functions/gift-card-refund/handler.test.ts [2m([22m[2m5 tests[22m[2m)[22m[32m 11[2mms[22m[39m
 [32m✓[39m amplify/shared/tenant-billing.sandbox.test.ts [2m([22m[2m18 tests[22m[2m)[22m[32m 6[2mms[22m[39m
[90mstderr[2m | amplify/functions/shared/circuit-breaker.test.ts[2m > [22m[2mCircuitBreaker — CLOSED state[2m > [22m[2mopens after failureThreshold consecutive failures
[22m[39m[circuit-breaker] cb-3: CLOSED → OPEN after 3 failures

[90mstderr[2m | amplify/functions/shared/circuit-breaker.test.ts[2m > [22m[2mCircuitBreaker — OPEN state[2m > [22m[2mthrows CircuitBreakerError when OPEN
[22m[39m[circuit-breaker] cb-4: CLOSED → OPEN after 1 failures

[90mstderr[2m | amplify/functions/shared/circuit-breaker.test.ts[2m > [22m[2mCircuitBreaker — OPEN state[2m > [22m[2mtransitions to HALF_OPEN after resetTimeoutMs
[22m[39m[circuit-breaker] cb-5: CLOSED → OPEN after 1 failures

[90mstdout[2m | amplify/functions/shared/circuit-breaker.test.ts[2m > [22m[2mCircuitBreaker — OPEN state[2m > [22m[2mtransitions to HALF_OPEN after resetTimeoutMs
[22m[39m[circuit-breaker] cb-5: OPEN → HALF_OPEN after 5001ms

[90mstdout[2m | amplify/functions/shared/circuit-breaker.test.ts[2m > [22m[2mCircuitBreaker — OPEN state[2m > [22m[2mtransitions to HALF_OPEN after resetTimeoutMs
[22m[39m[circuit-breaker] cb-5: HALF_OPEN → CLOSED

[90mstderr[2m | amplify/functions/shared/circuit-breaker.test.ts[2m > [22m[2mCircuitBreaker — OPEN state[2m > [22m[2mstays OPEN if resetTimeoutMs has not elapsed
[22m[39m[circuit-breaker] cb-6: CLOSED → OPEN after 1 failures

[90mstderr[2m | amplify/functions/shared/circuit-breaker.test.ts[2m > [22m[2mCircuitBreaker — HALF_OPEN state[2m > [22m[2mreturns to OPEN if probe fails in HALF_OPEN
[22m[39m[circuit-breaker] cb-7: CLOSED → OPEN after 1 failures

[90mstdout[2m | amplify/functions/shared/circuit-breaker.test.ts[2m > [22m[2mCircuitBreaker — HALF_OPEN state[2m > [22m[2mreturns to OPEN if probe fails in HALF_OPEN
[22m[39m[circuit-breaker] cb-7: OPEN → HALF_OPEN after 1001ms

[90mstderr[2m | amplify/functions/shared/circuit-breaker.test.ts[2m > [22m[2mCircuitBreaker — HALF_OPEN state[2m > [22m[2mreturns to OPEN if probe fails in HALF_OPEN
[22m[39m[circuit-breaker] cb-7: HALF_OPEN → OPEN (probe failed)

[90mstderr[2m | amplify/functions/shared/circuit-breaker.test.ts[2m > [22m[2mCircuitBreaker — HALF_OPEN state[2m > [22m[2mrequires halfOpenSuccessThreshold successes before closing
[22m[39m[circuit-breaker] cb-8: CLOSED → OPEN after 1 failures

[90mstdout[2m | amplify/functions/shared/circuit-breaker.test.ts[2m > [22m[2mCircuitBreaker — HALF_OPEN state[2m > [22m[2mrequires halfOpenSuccessThreshold successes before closing
[22m[39m[circuit-breaker] cb-8: OPEN → HALF_OPEN after 1001ms

[90mstdout[2m | amplify/functions/shared/circuit-breaker.test.ts[2m > [22m[2mCircuitBreaker — HALF_OPEN state[2m > [22m[2mrequires halfOpenSuccessThreshold successes before closing
[22m[39m[circuit-breaker] cb-8: HALF_OPEN → CLOSED

 [32m✓[39m amplify/functions/gift-card-router/handler.test.ts [2m([22m[2m12 tests[22m[2m)[22m[32m 22[2mms[22m[39m
 [32m✓[39m amplify/functions/shared/circuit-breaker.test.ts [2m([22m[2m16 tests[22m[2m)[22m[32m 58[2mms[22m[39m
 [32m✓[39m amplify/functions/widget-action-handler/handler.test.ts [2m([22m[2m2 tests[22m[2m)[22m[32m 4[2mms[22m[39m
 [32m✓[39m amplify/functions/smb-handler/handler.test.ts [2m([22m[2m26 tests[22m[2m)[22m[32m 5[2mms[22m[39m
[90mstdout[2m | amplify/functions/post-confirmation/age-verification.test.ts[2m > [22m[2mPost-Confirmation Age Verification (P2-6)[2m > [22m[2massigns <13 bucket and PENDING_CONSENT status for a child
[22m[39m[post-confirmation] START user=test-user

[90mstdout[2m | amplify/functions/post-confirmation/age-verification.test.ts[2m > [22m[2mPost-Confirmation Age Verification (P2-6)[2m > [22m[2massigns 13-17 bucket and PENDING_CONSENT for a teen
[22m[39m[post-confirmation] START user=test-user

[90mstdout[2m | amplify/functions/post-confirmation/age-verification.test.ts[2m > [22m[2mPost-Confirmation Age Verification (P2-6)[2m > [22m[2massigns 25-34 bucket and ACTIVE status for an adult
[22m[39m[post-confirmation] START user=test-user

 [32m✓[39m amplify/functions/post-confirmation/age-verification.test.ts [2m([22m[2m3 tests[22m[2m)[22m[32m 3[2mms[22m[39m
[90mstderr[2m | amplify/functions/scan-handler/versioning.test.ts[2m > [22m[2mAPI Versioning Redirects (P2-7)[2m > [22m[2mredirects legacy /scan to /v1/scan with 308
[22m[39m[scan-handler] Legacy unversioned request to /scan. Redirecting to /v1/scan

[90mstderr[2m | amplify/functions/scan-handler/versioning.test.ts[2m > [22m[2mAPI Versioning Redirects (P2-7)[2m > [22m[2mredirects legacy /receipt to /v1/receipt with 308
[22m[39m[scan-handler] Legacy unversioned request to /receipt. Redirecting to /v1/receipt

 [32m✓[39m amplify/functions/scan-handler/versioning.test.ts [2m([22m[2m3 tests[22m[2m)[22m[32m 2[2mms[22m[39m
 [31m❯[39m amplify/functions/receipt-iceberg-writer/handler.test.ts [2m([22m[2m17 tests[22m[2m | [22m[31m10 failed[39m[2m)[22m[33m 3646[2mms[22m[39m
     [32m✓[39m does nothing when Records array is empty[32m 1[2mms[22m[39m
     [32m✓[39m skips non-INSERT events[32m 0[2mms[22m[39m
     [32m✓[39m skips records whose pK does not start with USER#[32m 0[2mms[22m[39m
     [32m✓[39m skips records whose sK does not start with RECEIPT#[32m 0[2mms[22m[39m
     [32m✓[39m skips receipts that lack secondaryULID (manually-entered receipts)[32m 0[2mms[22m[39m
[31m     [31m×[31m skips records with non-numeric amount[39m[33m 1017[2mms[22m[39m
     [32m✓[39m skips records with invalid desc JSON[32m 0[2mms[22m[39m
[31m     [31m×[31m starts an Athena INSERT for a valid brand-push receipt[39m[32m 300[2mms[22m[39m
[31m     [31m×[31m pseudonymises the permULID — never appears in SQL[39m[32m 249[2mms[22m[39m
[31m     [31m×[31m batches multiple valid records into a single Athena call[39m[32m 252[2mms[22m[39m
[31m     [31m×[31m waits for Athena query to succeed before returning[39m[32m 288[2mms[22m[39m
[31m     [31m×[31m throws when Athena query FAILS[39m[32m 255[2mms[22m[39m
[31m     [31m×[31m throws when Athena query is CANCELLED[39m[32m 247[2mms[22m[39m
     [32m✓[39m throws when StartQueryExecution returns no QueryExecutionId[32m 254[2mms[22m[39m
[31m     [31m×[31m falls back to AUD for non-ISO-4217 currency codes[39m[32m 243[2mms[22m[39m
[31m     [31m×[31m escapes single quotes in merchant names[39m[32m 284[2mms[22m[39m
[31m     [31m×[31m uses today as purchaseDate when the value is missing[39m[32m 255[2mms[22m[39m

[31m⎯⎯⎯⎯⎯⎯[39m[1m[41m Failed Tests 63 [49m[22m[31m⎯⎯⎯⎯⎯⎯⎯[39m

[41m[1m FAIL [22m[49m amplify/functions/card-manager/handler.test.ts[2m > [22mrotateQR (Phase 10)[2m > [22mfull happy path: reads IDENTITY, creates new SCAN index, revokes old, updates IDENTITY, writes rotation log
[31m[1mAssertionError[22m: expected undefined to be defined[39m
[36m [2m❯[22m amplify/functions/card-manager/handler.test.ts:[2m289:24[22m[39m
    [90m287|[39m       cmd.__type === 'PutCommand' && String(cmd.input?.Item?.pK).start…
    [90m288|[39m     )[33m;[39m
    [90m289|[39m     [34mexpect[39m(newScanPut)[33m.[39m[34mtoBeDefined[39m()[33m;[39m
    [90m   |[39m                        [31m^[39m
    [90m290|[39m     [35mconst[39m scanItem [33m=[39m (newScanPut[33m![39m[[34m0[39m] [35mas[39m any)[33m.[39minput[33m.[39m[33mItem[39m[33m;[39m
    [90m291|[39m     [34mexpect[39m(scanItem[33m.[39mstatus)[33m.[39m[34mtoBe[39m([32m'ACTIVE'[39m)[33m;[39m

[31m[2m⎯⎯⎯⎯⎯⎯⎯⎯⎯⎯⎯⎯⎯⎯⎯⎯⎯⎯⎯⎯⎯⎯⎯[1/63]⎯[22m[39m

[41m[1m FAIL [22m[49m amplify/functions/billing-run-handler/handler.test.ts[2m > [22mbilling-run-handler[2m > [22mreports the previous calendar month
[31m[1mAssertionError[22m: expected undefined to be '2026-03' // Object.is equality[39m

[32m- Expected:[39m
"2026-03"

[31m+ Received:[39m
undefined

[36m [2m❯[22m amplify/functions/billing-run-handler/handler.test.ts:[2m110:26[22m[39m
    [90m108|[39m     mockDdbSend.mockResolvedValue({ Items: [], LastEvaluatedKey: undef…
    [90m109|[39m     [35mconst[39m result [33m=[39m [35mawait[39m [34mhandler[39m({}[33m,[39m {} [35mas[39m never[33m,[39m () [33m=>[39m { }) [35mas[39m any[33m;[39m
    [90m110|[39m     [34mexpect[39m(result[33m.[39mmonth)[33m.[39m[34mtoBe[39m([33mPREV_MONTH[39m)[33m;[39m
    [90m   |[39m                          [31m^[39m
    [90m111|[39m     [34mexpect[39m(result[33m.[39mtotal)[33m.[39m[34mtoBe[39m([34m0[39m)[33m;[39m
    [90m112|[39m   })[33m;[39m

[31m[2m⎯⎯⎯⎯⎯⎯⎯⎯⎯⎯⎯⎯⎯⎯⎯⎯⎯⎯⎯⎯⎯⎯⎯[2/63]⎯[22m[39m

[41m[1m FAIL [22m[49m amplify/functions/billing-run-handler/handler.test.ts[2m > [22mbilling-run-handler[2m > [22mmarks SKIPPED and sends summary email when usage is within quota
[31m[1mAssertionError[22m: expected undefined to be +0 // Object.is equality[39m

[32m- Expected:[39m
0

[31m+ Received:[39m
undefined

[36m [2m❯[22m amplify/functions/billing-run-handler/handler.test.ts:[2m122:29[22m[39m
    [90m120|[39m     [35mconst[39m result [33m=[39m [35mawait[39m [34mhandler[39m({}[33m,[39m {} [35mas[39m never[33m,[39m () [33m=>[39m { }) [35mas[39m any[33m;[39m
    [90m121|[39m
    [90m122|[39m     [34mexpect[39m(result[33m.[39minvoiced)[33m.[39m[34mtoBe[39m([34m0[39m)[33m;[39m
    [90m   |[39m                             [31m^[39m
    [90m123|[39m     [34mexpect[39m(result[33m.[39mskipped)[33m.[39m[34mtoBe[39m([34m1[39m)[33m;[39m
    [90m124|[39m     [34mexpect[39m(mockFetch)[33m.[39mnot[33m.[39m[34mtoHaveBeenCalled[39m()[33m;[39m

[31m[2m⎯⎯⎯⎯⎯⎯⎯⎯⎯⎯⎯⎯⎯⎯⎯⎯⎯⎯⎯⎯⎯⎯⎯[3/63]⎯[22m[39m

[41m[1m FAIL [22m[49m amplify/functions/billing-run-handler/handler.test.ts[2m > [22mbilling-run-handler[2m > [22mcreates Stripe invoice items for overage and marks INVOICED
[31m[1mAssertionError[22m: expected undefined to be 1 // Object.is equality[39m

[32m- Expected:[39m
1

[31m+ Received:[39m
undefined

[36m [2m❯[22m amplify/functions/billing-run-handler/handler.test.ts:[2m149:29[22m[39m
    [90m147|[39m     [35mconst[39m result [33m=[39m [35mawait[39m [34mhandler[39m({}[33m,[39m {} [35mas[39m never[33m,[39m () [33m=>[39m { }) [35mas[39m any[33m;[39m
    [90m148|[39m
    [90m149|[39m     [34mexpect[39m(result[33m.[39minvoiced)[33m.[39m[34mtoBe[39m([34m1[39m)[33m;[39m
    [90m   |[39m                             [31m^[39m
    [90m150|[39m     [34mexpect[39m(mockFetch)[33m.[39m[34mtoHaveBeenCalled[39m()[33m;[39m
    [90m151|[39m

[31m[2m⎯⎯⎯⎯⎯⎯⎯⎯⎯⎯⎯⎯⎯⎯⎯⎯⎯⎯⎯⎯⎯⎯⎯[4/63]⎯[22m[39m

[41m[1m FAIL [22m[49m amplify/functions/billing-run-handler/handler.test.ts[2m > [22mbilling-run-handler[2m > [22mStripe invoice item description includes category, count and rate
[31m[1mAssertionError[22m: expected "vi.fn()" to be called at least once[39m
[36m [2m❯[22m amplify/functions/billing-run-handler/handler.test.ts:[2m175:23[22m[39m
    [90m173|[39m     [35mawait[39m [34mhandler[39m({}[33m,[39m {} [35mas[39m never[33m,[39m () [33m=>[39m { })[33m;[39m
    [90m174|[39m
    [90m175|[39m     [34mexpect[39m(mockFetch)[33m.[39m[34mtoHaveBeenCalled[39m()[33m;[39m
    [90m   |[39m                       [31m^[39m
    [90m176|[39m     const body = new URLSearchParams(mockFetch.mock.calls[0][1].body a…
    [90m177|[39m     [34mexpect[39m(body[33m.[39m[35mget[39m([32m'description'[39m))[33m.[39m[34mtoMatch[39m([36m/offers/i[39m)[33m;[39m

[31m[2m⎯⎯⎯⎯⎯⎯⎯⎯⎯⎯⎯⎯⎯⎯⎯⎯⎯⎯⎯⎯⎯⎯⎯[5/63]⎯[22m[39m

[41m[1m FAIL [22m[49m amplify/functions/billing-run-handler/handler.test.ts[2m > [22mbilling-run-handler[2m > [22mskips a tenant already INVOICED for the month
[31m[1mAssertionError[22m: expected undefined to be 1 // Object.is equality[39m

[32m- Expected:[39m
1

[31m+ Received:[39m
undefined

[36m [2m❯[22m amplify/functions/billing-run-handler/handler.test.ts:[2m191:28[22m[39m
    [90m189|[39m     [35mconst[39m result [33m=[39m [35mawait[39m [34mhandler[39m({}[33m,[39m {} [35mas[39m never[33m,[39m () [33m=>[39m { }) [35mas[39m any[33m;[39m
    [90m190|[39m
    [90m191|[39m     [34mexpect[39m(result[33m.[39mskipped)[33m.[39m[34mtoBe[39m([34m1[39m)[33m;[39m
    [90m   |[39m                            [31m^[39m
    [90m192|[39m     [34mexpect[39m(mockFetch)[33m.[39mnot[33m.[39m[34mtoHaveBeenCalled[39m()[33m;[39m
    [90m193|[39m   })[33m;[39m

[31m[2m⎯⎯⎯⎯⎯⎯⎯⎯⎯⎯⎯⎯⎯⎯⎯⎯⎯⎯⎯⎯⎯⎯⎯[6/63]⎯[22m[39m

[41m[1m FAIL [22m[49m amplify/functions/billing-run-handler/handler.test.ts[2m > [22mbilling-run-handler[2m > [22mmarks SKIPPED when tenant has no stripeCustomerId
[31m[1mAssertionError[22m: expected undefined to be 1 // Object.is equality[39m

[32m- Expected:[39m
1

[31m+ Received:[39m
undefined

[36m [2m❯[22m amplify/functions/billing-run-handler/handler.test.ts:[2m202:28[22m[39m
    [90m200|[39m     [35mconst[39m result [33m=[39m [35mawait[39m [34mhandler[39m({}[33m,[39m {} [35mas[39m never[33m,[39m () [33m=>[39m { }) [35mas[39m any[33m;[39m
    [90m201|[39m
    [90m202|[39m     [34mexpect[39m(result[33m.[39mskipped)[33m.[39m[34mtoBe[39m([34m1[39m)[33m;[39m
    [90m   |[39m                            [31m^[39m
    [90m203|[39m     [34mexpect[39m(mockFetch)[33m.[39mnot[33m.[39m[34mtoHaveBeenCalled[39m()[33m;[39m
    [90m204|[39m   })[33m;[39m

[31m[2m⎯⎯⎯⎯⎯⎯⎯⎯⎯⎯⎯⎯⎯⎯⎯⎯⎯⎯⎯⎯⎯⎯⎯[7/63]⎯[22m[39m

[41m[1m FAIL [22m[49m amplify/functions/billing-run-handler/handler.test.ts[2m > [22mbilling-run-handler[2m > [22menterprise tenant never overages (999M included events)
[31m[1mAssertionError[22m: expected undefined to be 1 // Object.is equality[39m

[32m- Expected:[39m
1

[31m+ Received:[39m
undefined

[36m [2m❯[22m amplify/functions/billing-run-handler/handler.test.ts:[2m214:28[22m[39m
    [90m212|[39m     [35mconst[39m result [33m=[39m [35mawait[39m [34mhandler[39m({}[33m,[39m {} [35mas[39m never[33m,[39m () [33m=>[39m { }) [35mas[39m any[33m;[39m
    [90m213|[39m
    [90m214|[39m     [34mexpect[39m(result[33m.[39mskipped)[33m.[39m[34mtoBe[39m([34m1[39m)[33m;[39m
    [90m   |[39m                            [31m^[39m
    [90m215|[39m     [34mexpect[39m(mockFetch)[33m.[39mnot[33m.[39m[34mtoHaveBeenCalled[39m()[33m;[39m
    [90m216|[39m   })[33m;[39m

[31m[2m⎯⎯⎯⎯⎯⎯⎯⎯⎯⎯⎯⎯⎯⎯⎯⎯⎯⎯⎯⎯⎯⎯⎯[8/63]⎯[22m[39m

[41m[1m FAIL [22m[49m amplify/functions/billing-run-handler/handler.test.ts[2m > [22mbilling-run-handler[2m > [22mbase tier: invoices and geolocation do NOT count toward billable total
[31m[1mAssertionError[22m: expected undefined to be 1 // Object.is equality[39m

[32m- Expected:[39m
1

[31m+ Received:[39m
undefined

[36m [2m❯[22m amplify/functions/billing-run-handler/handler.test.ts:[2m229:28[22m[39m
    [90m227|[39m     [35mconst[39m result [33m=[39m [35mawait[39m [34mhandler[39m({}[33m,[39m {} [35mas[39m never[33m,[39m () [33m=>[39m { }) [35mas[39m any[33m;[39m
    [90m228|[39m
    [90m229|[39m     [34mexpect[39m(result[33m.[39mskipped)[33m.[39m[34mtoBe[39m([34m1[39m)[33m;[39m
    [90m   |[39m                            [31m^[39m
    [90m230|[39m     [34mexpect[39m(mockFetch)[33m.[39mnot[33m.[39m[34mtoHaveBeenCalled[39m()[33m;[39m
    [90m231|[39m   })[33m;[39m

[31m[2m⎯⎯⎯⎯⎯⎯⎯⎯⎯⎯⎯⎯⎯⎯⎯⎯⎯⎯⎯⎯⎯⎯⎯[9/63]⎯[22m[39m

[41m[1m FAIL [22m[49m amplify/functions/billing-run-handler/handler.test.ts[2m > [22mbilling-run-handler[2m > [22mengagement tier: invoices and geolocation count toward billable total
[31m[1mAssertionError[22m: expected undefined to be 1 // Object.is equality[39m

[32m- Expected:[39m
1

[31m+ Received:[39m
undefined

[36m [2m❯[22m amplify/functions/billing-run-handler/handler.test.ts:[2m241:29[22m[39m
    [90m239|[39m     [35mconst[39m result [33m=[39m [35mawait[39m [34mhandler[39m({}[33m,[39m {} [35mas[39m never[33m,[39m () [33m=>[39m { }) [35mas[39m any[33m;[39m
    [90m240|[39m
    [90m241|[39m     [34mexpect[39m(result[33m.[39minvoiced)[33m.[39m[34mtoBe[39m([34m1[39m)[33m;[39m
    [90m   |[39m                             [31m^[39m
    [90m242|[39m     [34mexpect[39m(mockFetch)[33m.[39m[34mtoHaveBeenCalled[39m()[33m;[39m
    [90m243|[39m   })[33m;[39m

[31m[2m⎯⎯⎯⎯⎯⎯⎯⎯⎯⎯⎯⎯⎯⎯⎯⎯⎯⎯⎯⎯⎯⎯[10/63]⎯[22m[39m

[41m[1m FAIL [22m[49m amplify/functions/billing-run-handler/handler.test.ts[2m > [22mbilling-run-handler[2m > [22mreturns zero totals when no active tenants
[31m[1mAssertionError[22m: expected undefined to be +0 // Object.is equality[39m

[32m- Expected:[39m
0

[31m+ Received:[39m
undefined

[36m [2m❯[22m amplify/functions/billing-run-handler/handler.test.ts:[2m269:29[22m[39m
    [90m267|[39m     [35mconst[39m result [33m=[39m [35mawait[39m [34mhandler[39m({}[33m,[39m {} [35mas[39m never[33m,[39m () [33m=>[39m { }) [35mas[39m any[33m;[39m
    [90m268|[39m
    [90m269|[39m     [34mexpect[39m(result[33m.[39minvoiced)[33m.[39m[34mtoBe[39m([34m0[39m)[33m;[39m
    [90m   |[39m                             [31m^[39m
    [90m270|[39m     [34mexpect[39m(result[33m.[39mskipped)[33m.[39m[34mtoBe[39m([34m0[39m)[33m;[39m
    [90m271|[39m     [34mexpect[39m(result[33m.[39mtotal)[33m.[39m[34mtoBe[39m([34m0[39m)[33m;[39m

[31m[2m⎯⎯⎯⎯⎯⎯⎯⎯⎯⎯⎯⎯⎯⎯⎯⎯⎯⎯⎯⎯⎯⎯[11/63]⎯[22m[39m

[41m[1m FAIL [22m[49m amplify/functions/billing-run-handler/handler.test.ts[2m > [22mbilling-run-handler[2m > [22mcontinues processing remaining tenants if one errors
[31m[1mTypeError[22m: actual value must be number or bigint, received "undefined"[39m
[36m [2m❯[22m amplify/functions/billing-run-handler/handler.test.ts:[2m298:28[22m[39m
    [90m296|[39m
    [90m297|[39m     [34mexpect[39m(result[33m.[39mtotal)[33m.[39m[34mtoBe[39m([34m2[39m)[33m;[39m
    [90m298|[39m     expect(result.skipped).toBeGreaterThanOrEqual(1); // tenant-2 proc…
    [90m   |[39m                            [31m^[39m
    [90m299|[39m   })[33m;[39m
    [90m300|[39m })[33m;[39m

[31m[2m⎯⎯⎯⎯⎯⎯⎯⎯⎯⎯⎯⎯⎯⎯⎯⎯⎯⎯⎯⎯⎯⎯[12/63]⎯[22m[39m

[41m[1m FAIL [22m[49m amplify/functions/scan-handler/handler.test.ts[2m > [22mPOST /scan[2m > [22mreturns 401 if API key is missing
[31m[1mAssertionError[22m: expected 308 to be 401 // Object.is equality[39m

[32m- Expected[39m
[31m+ Received[39m

[32m- 401[39m
[31m+ 308[39m

[36m [2m❯[22m amplify/functions/scan-handler/handler.test.ts:[2m109:29[22m[39m
    [90m107|[39m     const event = makeEvent('/scan', { secondaryULID: 'SEC-001', store…
    [90m108|[39m     [35mconst[39m res [33m=[39m [35mawait[39m [34mhandler[39m(event[33m,[39m {} [35mas[39m never[33m,[39m () [33m=>[39m {})[33m;[39m
    [90m109|[39m     [34mexpect[39m(res[33m![39m[33m.[39mstatusCode)[33m.[39m[34mtoBe[39m([34m401[39m)[33m;[39m
    [90m   |[39m                             [31m^[39m
    [90m110|[39m     expect(JSON.parse(res!.body)).toMatchObject({ error: expect.any(St…
    [90m111|[39m   })[33m;[39m

[31m[2m⎯⎯⎯⎯⎯⎯⎯⎯⎯⎯⎯⎯⎯⎯⎯⎯⎯⎯⎯⎯⎯⎯[13/63]⎯[22m[39m

[41m[1m FAIL [22m[49m amplify/functions/scan-handler/handler.test.ts[2m > [22mPOST /scan[2m > [22mreturns 401 if API key is invalid
[31m[1mAssertionError[22m: expected 308 to be 401 // Object.is equality[39m

[32m- Expected[39m
[31m+ Received[39m

[32m- 401[39m
[31m+ 308[39m

[36m [2m❯[22m amplify/functions/scan-handler/handler.test.ts:[2m119:29[22m[39m
    [90m117|[39m     const event = makeEvent('/scan', { secondaryULID: 'SEC-001', store…
    [90m118|[39m     [35mconst[39m res [33m=[39m [35mawait[39m [34mhandler[39m(event[33m,[39m {} [35mas[39m never[33m,[39m () [33m=>[39m {})[33m;[39m
    [90m119|[39m     [34mexpect[39m(res[33m![39m[33m.[39mstatusCode)[33m.[39m[34mtoBe[39m([34m401[39m)[33m;[39m
    [90m   |[39m                             [31m^[39m
    [90m120|[39m   })[33m;[39m
    [90m121|[39m

[31m[2m⎯⎯⎯⎯⎯⎯⎯⎯⎯⎯⎯⎯⎯⎯⎯⎯⎯⎯⎯⎯⎯⎯[14/63]⎯[22m[39m

[41m[1m FAIL [22m[49m amplify/functions/scan-handler/handler.test.ts[2m > [22mPOST /scan[2m > [22mreturns 400 if secondaryULID is missing
[31m[1mAssertionError[22m: expected 308 to be 400 // Object.is equality[39m

[32m- Expected[39m
[31m+ Received[39m

[32m- 400[39m
[31m+ 308[39m

[36m [2m❯[22m amplify/functions/scan-handler/handler.test.ts:[2m128:29[22m[39m
    [90m126|[39m     const event = makeEvent('/scan', { storeBrandLoyaltyName: 'woolwor…
    [90m127|[39m     [35mconst[39m res [33m=[39m [35mawait[39m [34mhandler[39m(event[33m,[39m {} [35mas[39m never[33m,[39m () [33m=>[39m {})[33m;[39m
    [90m128|[39m     [34mexpect[39m(res[33m![39m[33m.[39mstatusCode)[33m.[39m[34mtoBe[39m([34m400[39m)[33m;[39m
    [90m   |[39m                             [31m^[39m
    [90m129|[39m   })[33m;[39m
    [90m130|[39m

[31m[2m⎯⎯⎯⎯⎯⎯⎯⎯⎯⎯⎯⎯⎯⎯⎯⎯⎯⎯⎯⎯⎯⎯[15/63]⎯[22m[39m

[41m[1m FAIL [22m[49m amplify/functions/scan-handler/handler.test.ts[2m > [22mPOST /scan[2m > [22mreturns 400 if storeBrandLoyaltyName is missing
[31m[1mAssertionError[22m: expected 308 to be 400 // Object.is equality[39m

[32m- Expected[39m
[31m+ Received[39m

[32m- 400[39m
[31m+ 308[39m

[36m [2m❯[22m amplify/functions/scan-handler/handler.test.ts:[2m137:29[22m[39m
    [90m135|[39m     [35mconst[39m event [33m=[39m [34mmakeEvent[39m([32m'/scan'[39m[33m,[39m { secondaryULID[33m:[39m [32m'SEC-001'[39m })[33m;[39m
    [90m136|[39m     [35mconst[39m res [33m=[39m [35mawait[39m [34mhandler[39m(event[33m,[39m {} [35mas[39m never[33m,[39m () [33m=>[39m {})[33m;[39m
    [90m137|[39m     [34mexpect[39m(res[33m![39m[33m.[39mstatusCode)[33m.[39m[34mtoBe[39m([34m400[39m)[33m;[39m
    [90m   |[39m                             [31m^[39m
    [90m138|[39m   })[33m;[39m
    [90m139|[39m

[31m[2m⎯⎯⎯⎯⎯⎯⎯⎯⎯⎯⎯⎯⎯⎯⎯⎯⎯⎯⎯⎯⎯⎯[16/63]⎯[22m[39m

[41m[1m FAIL [22m[49m amplify/functions/scan-handler/handler.test.ts[2m > [22mPOST /scan[2m > [22mreturns 403 if brand name does not match API key brandId
[31m[1mAssertionError[22m: expected 308 to be 403 // Object.is equality[39m

[32m- Expected[39m
[31m+ Received[39m

[32m- 403[39m
[31m+ 308[39m

[36m [2m❯[22m amplify/functions/scan-handler/handler.test.ts:[2m146:29[22m[39m
    [90m144|[39m     const event = makeEvent('/scan', { secondaryULID: 'SEC-001', store…
    [90m145|[39m     [35mconst[39m res [33m=[39m [35mawait[39m [34mhandler[39m(event[33m,[39m {} [35mas[39m never[33m,[39m () [33m=>[39m {})[33m;[39m
    [90m146|[39m     [34mexpect[39m(res[33m![39m[33m.[39mstatusCode)[33m.[39m[34mtoBe[39m([34m403[39m)[33m;[39m
    [90m   |[39m                             [31m^[39m
    [90m147|[39m     expect(JSON.parse(res!.body)).toMatchObject({ error: 'Unauthorized…
    [90m148|[39m   })[33m;[39m

[31m[2m⎯⎯⎯⎯⎯⎯⎯⎯⎯⎯⎯⎯⎯⎯⎯⎯⎯⎯⎯⎯⎯⎯[17/63]⎯[22m[39m

[41m[1m FAIL [22m[49m amplify/functions/scan-handler/handler.test.ts[2m > [22mPOST /scan[2m > [22mreturns 404 if SCAN# record not found in AdminDataEvent
[31m[1mAssertionError[22m: expected 308 to be 404 // Object.is equality[39m

[32m- Expected[39m
[31m+ Received[39m

[32m- 404[39m
[31m+ 308[39m

[36m [2m❯[22m amplify/functions/scan-handler/handler.test.ts:[2m161:29[22m[39m
    [90m159|[39m     const event = makeEvent('/scan', { secondaryULID: 'SEC-MISSING', s…
    [90m160|[39m     [35mconst[39m res [33m=[39m [35mawait[39m [34mhandler[39m(event[33m,[39m {} [35mas[39m never[33m,[39m () [33m=>[39m {})[33m;[39m
    [90m161|[39m     [34mexpect[39m(res[33m![39m[33m.[39mstatusCode)[33m.[39m[34mtoBe[39m([34m404[39m)[33m;[39m
    [90m   |[39m                             [31m^[39m
    [90m162|[39m   })[33m;[39m
    [90m163|[39m

[31m[2m⎯⎯⎯⎯⎯⎯⎯⎯⎯⎯⎯⎯⎯⎯⎯⎯⎯⎯⎯⎯⎯⎯[18/63]⎯[22m[39m

[41m[1m FAIL [22m[49m amplify/functions/scan-handler/handler.test.ts[2m > [22mPOST /scan[2m > [22mreturns 404 if SCAN# record is REVOKED
[31m[1mAssertionError[22m: expected 308 to be 404 // Object.is equality[39m

[32m- Expected[39m
[31m+ Received[39m

[32m- 404[39m
[31m+ 308[39m

[36m [2m❯[22m amplify/functions/scan-handler/handler.test.ts:[2m179:29[22m[39m
    [90m177|[39m     const event = makeEvent('/scan', { secondaryULID: 'SEC-001', store…
    [90m178|[39m     [35mconst[39m res [33m=[39m [35mawait[39m [34mhandler[39m(event[33m,[39m {} [35mas[39m never[33m,[39m () [33m=>[39m {})[33m;[39m
    [90m179|[39m     [34mexpect[39m(res[33m![39m[33m.[39mstatusCode)[33m.[39m[34mtoBe[39m([34m404[39m)[33m;[39m
    [90m   |[39m                             [31m^[39m
    [90m180|[39m   })[33m;[39m
    [90m181|[39m

[31m[2m⎯⎯⎯⎯⎯⎯⎯⎯⎯⎯⎯⎯⎯⎯⎯⎯⎯⎯⎯⎯⎯⎯[19/63]⎯[22m[39m

[41m[1m FAIL [22m[49m amplify/functions/scan-handler/handler.test.ts[2m > [22mPOST /scan[2m > [22mreturns { hasLoyaltyCard: false } if user has no cards for this brand
[31m[1mAssertionError[22m: expected 308 to be 200 // Object.is equality[39m

[32m- Expected[39m
[31m+ Received[39m

[32m- 200[39m
[31m+ 308[39m

[36m [2m❯[22m amplify/functions/scan-handler/handler.test.ts:[2m200:29[22m[39m
    [90m198|[39m     const event = makeEvent('/scan', { secondaryULID: 'SEC-001', store…
    [90m199|[39m     [35mconst[39m res [33m=[39m [35mawait[39m [34mhandler[39m(event[33m,[39m {} [35mas[39m never[33m,[39m () [33m=>[39m {})[33m;[39m
    [90m200|[39m     [34mexpect[39m(res[33m![39m[33m.[39mstatusCode)[33m.[39m[34mtoBe[39m([34m200[39m)[33m;[39m
    [90m   |[39m                             [31m^[39m
    [90m201|[39m     [34mexpect[39m([33mJSON[39m[33m.[39m[34mparse[39m(res[33m![39m[33m.[39mbody))[33m.[39m[34mtoEqual[39m({ hasLoyaltyCard[33m:[39m [35mfalse[39m })[33m;[39m
    [90m202|[39m   })[33m;[39m

[31m[2m⎯⎯⎯⎯⎯⎯⎯⎯⎯⎯⎯⎯⎯⎯⎯⎯⎯⎯⎯⎯⎯⎯[20/63]⎯[22m[39m

[41m[1m FAIL [22m[49m amplify/functions/scan-handler/handler.test.ts[2m > [22mPOST /scan[2m > [22msends CARD_SUGGESTION push when no card exists and suggestion is not deduped
[31m[1mAssertionError[22m: expected 308 to be 200 // Object.is equality[39m

[32m- Expected[39m
[31m+ Received[39m

[32m- 200[39m
[31m+ 308[39m

[36m [2m❯[22m amplify/functions/scan-handler/handler.test.ts:[2m232:29[22m[39m
    [90m230|[39m     const event = makeEvent('/scan', { secondaryULID: 'SEC-001', store…
    [90m231|[39m     [35mconst[39m res [33m=[39m [35mawait[39m [34mhandler[39m(event[33m,[39m {} [35mas[39m never[33m,[39m () [33m=>[39m {})[33m;[39m
    [90m232|[39m     [34mexpect[39m(res[33m![39m[33m.[39mstatusCode)[33m.[39m[34mtoBe[39m([34m200[39m)[33m;[39m
    [90m   |[39m                             [31m^[39m
    [90m233|[39m     [34mexpect[39m([33mJSON[39m[33m.[39m[34mparse[39m(res[33m![39m[33m.[39mbody))[33m.[39m[34mtoEqual[39m({ hasLoyaltyCard[33m:[39m [35mfalse[39m })[33m;[39m
    [90m234|[39m     [35mawait[39m [35mnew[39m [33mPromise[39m(resolve [33m=>[39m [34msetTimeout[39m(resolve[33m,[39m [34m0[39m))[33m;[39m

[31m[2m⎯⎯⎯⎯⎯⎯⎯⎯⎯⎯⎯⎯⎯⎯⎯⎯⎯⎯⎯⎯⎯⎯[21/63]⎯[22m[39m

[41m[1m FAIL [22m[49m amplify/functions/scan-handler/handler.test.ts[2m > [22mPOST /scan[2m > [22mreturns loyaltyId for the default card
[31m[1mAssertionError[22m: expected 308 to be 200 // Object.is equality[39m

[32m- Expected[39m
[31m+ Received[39m

[32m- 200[39m
[31m+ 308[39m

[36m [2m❯[22m amplify/functions/scan-handler/handler.test.ts:[2m252:29[22m[39m
    [90m250|[39m     const event = makeEvent('/scan', { secondaryULID: 'SEC-001', store…
    [90m251|[39m     [35mconst[39m res [33m=[39m [35mawait[39m [34mhandler[39m(event[33m,[39m {} [35mas[39m never[33m,[39m () [33m=>[39m {})[33m;[39m
    [90m252|[39m     [34mexpect[39m(res[33m![39m[33m.[39mstatusCode)[33m.[39m[34mtoBe[39m([34m200[39m)[33m;[39m
    [90m   |[39m                             [31m^[39m
    [90m253|[39m     [35mconst[39m body [33m=[39m [33mJSON[39m[33m.[39m[34mparse[39m(res[33m![39m[33m.[39mbody)[33m;[39m
    [90m254|[39m     [34mexpect[39m(body[33m.[39mhasLoyaltyCard)[33m.[39m[34mtoBe[39m([35mtrue[39m)[33m;[39m

[31m[2m⎯⎯⎯⎯⎯⎯⎯⎯⎯⎯⎯⎯⎯⎯⎯⎯⎯⎯⎯⎯⎯⎯[22/63]⎯[22m[39m

[41m[1m FAIL [22m[49m amplify/functions/scan-handler/handler.test.ts[2m > [22mPOST /scan[2m > [22mincludes tier and spendBucket when SUBSCRIPTION is ACTIVE
[31m[1mAssertionError[22m: expected 308 to be 200 // Object.is equality[39m

[32m- Expected[39m
[31m+ Received[39m

[32m- 200[39m
[31m+ 308[39m

[36m [2m❯[22m amplify/functions/scan-handler/handler.test.ts:[2m285:29[22m[39m
    [90m283|[39m     const event = makeEvent('/scan', { secondaryULID: 'SEC-001', store…
    [90m284|[39m     [35mconst[39m res [33m=[39m [35mawait[39m [34mhandler[39m(event[33m,[39m {} [35mas[39m never[33m,[39m () [33m=>[39m {})[33m;[39m
    [90m285|[39m     [34mexpect[39m(res[33m![39m[33m.[39mstatusCode)[33m.[39m[34mtoBe[39m([34m200[39m)[33m;[39m
    [90m   |[39m                             [31m^[39m
    [90m286|[39m     [35mconst[39m body [33m=[39m [33mJSON[39m[33m.[39m[34mparse[39m(res[33m![39m[33m.[39mbody)[33m;[39m
    [90m287|[39m     [34mexpect[39m(body[33m.[39mtier)[33m.[39m[34mtoBe[39m([32m'frequent'[39m)[33m;[39m

[31m[2m⎯⎯⎯⎯⎯⎯⎯⎯⎯⎯⎯⎯⎯⎯⎯⎯⎯⎯⎯⎯⎯⎯[23/63]⎯[22m[39m

[41m[1m FAIL [22m[49m amplify/functions/scan-handler/handler.test.ts[2m > [22mPOST /scan[2m > [22mreturns the authoritative receiptSK when a concurrent retry already created the sentinel
[31m[1mAssertionError[22m: expected 308 to be 200 // Object.is equality[39m

[32m- Expected[39m
[31m+ Received[39m

[32m- 200[39m
[31m+ 308[39m

[36m [2m❯[22m amplify/functions/scan-handler/handler.test.ts:[2m318:29[22m[39m
    [90m316|[39m     })[33m;[39m
    [90m317|[39m     [35mconst[39m res [33m=[39m [35mawait[39m [34mhandler[39m(event[33m,[39m {} [35mas[39m never[33m,[39m () [33m=>[39m {})[33m;[39m
    [90m318|[39m     [34mexpect[39m(res[33m![39m[33m.[39mstatusCode)[33m.[39m[34mtoBe[39m([34m200[39m)[33m;[39m
    [90m   |[39m                             [31m^[39m
    [90m319|[39m     expect(JSON.parse(res!.body)).toEqual({ success: true, receiptSK: …
    [90m320|[39m     [34mexpect[39m(mockSend[33m.[39mmock[33m.[39mcalls[33m.[39m[34msome[39m(([cmd][33m:[39m unknown[]) [33m=>[39m

[31m[2m⎯⎯⎯⎯⎯⎯⎯⎯⎯⎯⎯⎯⎯⎯⎯⎯⎯⎯⎯⎯⎯⎯[24/63]⎯[22m[39m

[41m[1m FAIL [22m[49m amplify/functions/scan-handler/handler.test.ts[2m > [22mPOST /scan[2m > [22momits tier and spendBucket when no subscription exists
[31m[1mAssertionError[22m: expected 308 to be 200 // Object.is equality[39m

[32m- Expected[39m
[31m+ Received[39m

[32m- 200[39m
[31m+ 308[39m

[36m [2m❯[22m amplify/functions/scan-handler/handler.test.ts:[2m338:29[22m[39m
    [90m336|[39m     const event = makeEvent('/scan', { secondaryULID: 'SEC-001', store…
    [90m337|[39m     [35mconst[39m res [33m=[39m [35mawait[39m [34mhandler[39m(event[33m,[39m {} [35mas[39m never[33m,[39m () [33m=>[39m {})[33m;[39m
    [90m338|[39m     [34mexpect[39m(res[33m![39m[33m.[39mstatusCode)[33m.[39m[34mtoBe[39m([34m200[39m)[33m;[39m
    [90m   |[39m                             [31m^[39m
    [90m339|[39m     [35mconst[39m body [33m=[39m [33mJSON[39m[33m.[39m[34mparse[39m(res[33m![39m[33m.[39mbody)[33m;[39m
    [90m340|[39m     [34mexpect[39m(body)[33m.[39mnot[33m.[39m[34mtoHaveProperty[39m([32m'tier'[39m)[33m;[39m

[31m[2m⎯⎯⎯⎯⎯⎯⎯⎯⎯⎯⎯⎯⎯⎯⎯⎯⎯⎯⎯⎯⎯⎯[25/63]⎯[22m[39m

[41m[1m FAIL [22m[49m amplify/functions/scan-handler/handler.test.ts[2m > [22mPOST /receipt[2m > [22mreturns 401 if API key is missing
[31m[1mAssertionError[22m: expected 308 to be 401 // Object.is equality[39m

[32m- Expected[39m
[31m+ Received[39m

[32m- 401[39m
[31m+ 308[39m

[36m [2m❯[22m amplify/functions/scan-handler/handler.test.ts:[2m369:29[22m[39m
    [90m367|[39m     [35mconst[39m event [33m=[39m [34mmakeEvent[39m([32m'/receipt'[39m[33m,[39m validReceiptBody)[33m;[39m
    [90m368|[39m     [35mconst[39m res [33m=[39m [35mawait[39m [34mhandler[39m(event[33m,[39m {} [35mas[39m never[33m,[39m () [33m=>[39m {})[33m;[39m
    [90m369|[39m     [34mexpect[39m(res[33m![39m[33m.[39mstatusCode)[33m.[39m[34mtoBe[39m([34m401[39m)[33m;[39m
    [90m   |[39m                             [31m^[39m
    [90m370|[39m   })[33m;[39m
    [90m371|[39m

[31m[2m⎯⎯⎯⎯⎯⎯⎯⎯⎯⎯⎯⎯⎯⎯⎯⎯⎯⎯⎯⎯⎯⎯[26/63]⎯[22m[39m

[41m[1m FAIL [22m[49m amplify/functions/scan-handler/handler.test.ts[2m > [22mPOST /receipt[2m > [22mreturns 400 if merchant is missing
[31m[1mAssertionError[22m: expected 308 to be 400 // Object.is equality[39m

[32m- Expected[39m
[31m+ Received[39m

[32m- 400[39m
[31m+ 308[39m

[36m [2m❯[22m amplify/functions/scan-handler/handler.test.ts:[2m378:29[22m[39m
    [90m376|[39m     const event = makeEvent('/receipt', { secondaryULID: 'SEC-001', am…
    [90m377|[39m     [35mconst[39m res [33m=[39m [35mawait[39m [34mhandler[39m(event[33m,[39m {} [35mas[39m never[33m,[39m () [33m=>[39m {})[33m;[39m
    [90m378|[39m     [34mexpect[39m(res[33m![39m[33m.[39mstatusCode)[33m.[39m[34mtoBe[39m([34m400[39m)[33m;[39m
    [90m   |[39m                             [31m^[39m
    [90m379|[39m   })[33m;[39m
    [90m380|[39m

[31m[2m⎯⎯⎯⎯⎯⎯⎯⎯⎯⎯⎯⎯⎯⎯⎯⎯⎯⎯⎯⎯⎯⎯[27/63]⎯[22m[39m

[41m[1m FAIL [22m[49m amplify/functions/scan-handler/handler.test.ts[2m > [22mPOST /receipt[2m > [22mreturns 400 if amount is missing
[31m[1mAssertionError[22m: expected 308 to be 400 // Object.is equality[39m

[32m- Expected[39m
[31m+ Received[39m

[32m- 400[39m
[31m+ 308[39m

[36m [2m❯[22m amplify/functions/scan-handler/handler.test.ts:[2m391:29[22m[39m
    [90m389|[39m     })[33m;[39m
    [90m390|[39m     [35mconst[39m res [33m=[39m [35mawait[39m [34mhandler[39m(event[33m,[39m {} [35mas[39m never[33m,[39m () [33m=>[39m {})[33m;[39m
    [90m391|[39m     [34mexpect[39m(res[33m![39m[33m.[39mstatusCode)[33m.[39m[34mtoBe[39m([34m400[39m)[33m;[39m
    [90m   |[39m                             [31m^[39m
    [90m392|[39m   })[33m;[39m
    [90m393|[39m

[31m[2m⎯⎯⎯⎯⎯⎯⎯⎯⎯⎯⎯⎯⎯⎯⎯⎯⎯⎯⎯⎯⎯⎯[28/63]⎯[22m[39m

[41m[1m FAIL [22m[49m amplify/functions/scan-handler/handler.test.ts[2m > [22mPOST /receipt[2m > [22mreturns 403 if receipt brandId does not match key brandId
[31m[1mAssertionError[22m: expected 308 to be 403 // Object.is equality[39m

[32m- Expected[39m
[31m+ Received[39m

[32m- 403[39m
[31m+ 308[39m

[36m [2m❯[22m amplify/functions/scan-handler/handler.test.ts:[2m405:29[22m[39m
    [90m403|[39m     const event = makeEvent('/receipt', { ...validReceiptBody, brandId…
    [90m404|[39m     [35mconst[39m res [33m=[39m [35mawait[39m [34mhandler[39m(event[33m,[39m {} [35mas[39m never[33m,[39m () [33m=>[39m {})[33m;[39m
    [90m405|[39m     [34mexpect[39m(res[33m![39m[33m.[39mstatusCode)[33m.[39m[34mtoBe[39m([34m403[39m)[33m;[39m
    [90m   |[39m                             [31m^[39m
    [90m406|[39m   })[33m;[39m
    [90m407|[39m

[31m[2m⎯⎯⎯⎯⎯⎯⎯⎯⎯⎯⎯⎯⎯⎯⎯⎯⎯⎯⎯⎯⎯⎯[29/63]⎯[22m[39m

[41m[1m FAIL [22m[49m amplify/functions/scan-handler/handler.test.ts[2m > [22mPOST /receipt[2m > [22mreturns 200 idempotent response if RECEIPT_IDEM# already exists
[31m[1mAssertionError[22m: expected 308 to be 200 // Object.is equality[39m

[32m- Expected[39m
[31m+ Received[39m

[32m- 200[39m
[31m+ 308[39m

[36m [2m❯[22m amplify/functions/scan-handler/handler.test.ts:[2m426:29[22m[39m
    [90m424|[39m     [35mconst[39m event [33m=[39m [34mmakeEvent[39m([32m'/receipt'[39m[33m,[39m validReceiptBody)[33m;[39m
    [90m425|[39m     [35mconst[39m res [33m=[39m [35mawait[39m [34mhandler[39m(event[33m,[39m {} [35mas[39m never[33m,[39m () [33m=>[39m {})[33m;[39m
    [90m426|[39m     [34mexpect[39m(res[33m![39m[33m.[39mstatusCode)[33m.[39m[34mtoBe[39m([34m200[39m)[33m;[39m
    [90m   |[39m                             [31m^[39m
    [90m427|[39m     [35mconst[39m body [33m=[39m [33mJSON[39m[33m.[39m[34mparse[39m(res[33m![39m[33m.[39mbody)[33m;[39m
    [90m428|[39m     [34mexpect[39m(body[33m.[39mreceiptSK)[33m.[39m[34mtoBe[39m([32m'RECEIPT#2026-03-20#EXISTING'[39m)[33m;[39m

[31m[2m⎯⎯⎯⎯⎯⎯⎯⎯⎯⎯⎯⎯⎯⎯⎯⎯⎯⎯⎯⎯⎯⎯[30/63]⎯[22m[39m

[41m[1m FAIL [22m[49m amplify/functions/scan-handler/handler.test.ts[2m > [22mPOST /receipt[2m > [22msaves receipt with correct schema to UserDataEvent
[31m[1mAssertionError[22m: expected 308 to be 200 // Object.is equality[39m

[32m- Expected[39m
[31m+ Received[39m

[32m- 200[39m
[31m+ 308[39m

[36m [2m❯[22m amplify/functions/scan-handler/handler.test.ts:[2m444:29[22m[39m
    [90m442|[39m     const event = makeEvent('/receipt', { ...validReceiptBody, currenc…
    [90m443|[39m     [35mconst[39m res [33m=[39m [35mawait[39m [34mhandler[39m(event[33m,[39m {} [35mas[39m never[33m,[39m () [33m=>[39m {})[33m;[39m
    [90m444|[39m     [34mexpect[39m(res[33m![39m[33m.[39mstatusCode)[33m.[39m[34mtoBe[39m([34m200[39m)[33m;[39m
    [90m   |[39m                             [31m^[39m
    [90m445|[39m
    [90m446|[39m     [35mconst[39m putCalls [33m=[39m mockSend[33m.[39mmock[33m.[39mcalls[33m.[39m[34mfilter[39m(

[31m[2m⎯⎯⎯⎯⎯⎯⎯⎯⎯⎯⎯⎯⎯⎯⎯⎯⎯⎯⎯⎯⎯⎯[31/63]⎯[22m[39m

[41m[1m FAIL [22m[49m amplify/functions/scan-handler/handler.test.ts[2m > [22mPOST /receipt[2m > [22mFCM failure does not fail the receipt save
[31m[1mAssertionError[22m: expected 308 to be 200 // Object.is equality[39m

[32m- Expected[39m
[31m+ Received[39m

[32m- 200[39m
[31m+ 308[39m

[36m [2m❯[22m amplify/functions/scan-handler/handler.test.ts:[2m484:29[22m[39m
    [90m482|[39m     [35mconst[39m event [33m=[39m [34mmakeEvent[39m([32m'/receipt'[39m[33m,[39m validReceiptBody)[33m;[39m
    [90m483|[39m     [35mconst[39m res [33m=[39m [35mawait[39m [34mhandler[39m(event[33m,[39m {} [35mas[39m never[33m,[39m () [33m=>[39m {})[33m;[39m
    [90m484|[39m     [34mexpect[39m(res[33m![39m[33m.[39mstatusCode)[33m.[39m[34mtoBe[39m([34m200[39m)[33m;[39m
    [90m   |[39m                             [31m^[39m
    [90m485|[39m     [35mconst[39m body [33m=[39m [33mJSON[39m[33m.[39m[34mparse[39m(res[33m![39m[33m.[39mbody)[33m;[39m
    [90m486|[39m     [34mexpect[39m(body[33m.[39msuccess)[33m.[39m[34mtoBe[39m([35mtrue[39m)[33m;[39m

[31m[2m⎯⎯⎯⎯⎯⎯⎯⎯⎯⎯⎯⎯⎯⎯⎯⎯⎯⎯⎯⎯⎯⎯[32/63]⎯[22m[39m

[41m[1m FAIL [22m[49m amplify/functions/scan-handler/handler.test.ts[2m > [22munknown route[2m > [22mreturns 404 for unknown path
[31m[1mAssertionError[22m: expected 308 to be 404 // Object.is equality[39m

[32m- Expected[39m
[31m+ Received[39m

[32m- 404[39m
[31m+ 308[39m

[36m [2m❯[22m amplify/functions/scan-handler/handler.test.ts:[2m505:29[22m[39m
    [90m503|[39m     [35mconst[39m event [33m=[39m [34mmakeEvent[39m([32m'/unknown-path'[39m[33m,[39m {})[33m;[39m
    [90m504|[39m     [35mconst[39m res [33m=[39m [35mawait[39m [34mhandler[39m(event[33m,[39m {} [35mas[39m never[33m,[39m () [33m=>[39m {})[33m;[39m
    [90m505|[39m     [34mexpect[39m(res[33m![39m[33m.[39mstatusCode)[33m.[39m[34mtoBe[39m([34m404[39m)[33m;[39m
    [90m   |[39m                             [31m^[39m
    [90m506|[39m     expect(JSON.parse(res!.body)).toMatchObject({ error: 'Unknown rout…
    [90m507|[39m   })[33m;[39m

[31m[2m⎯⎯⎯⎯⎯⎯⎯⎯⎯⎯⎯⎯⎯⎯⎯⎯⎯⎯⎯⎯⎯⎯[33/63]⎯[22m[39m

[41m[1m FAIL [22m[49m amplify/functions/receipt-iceberg-writer/handler.test.ts[2m > [22mrecord filtering[2m > [22mskips records with non-numeric amount
[41m[1m FAIL [22m[49m amplify/functions/receipt-iceberg-writer/handler.test.ts[2m > [22mhappy path[2m > [22mstarts an Athena INSERT for a valid brand-push receipt
[41m[1m FAIL [22m[49m amplify/functions/receipt-iceberg-writer/handler.test.ts[2m > [22mhappy path[2m > [22mpseudonymises the permULID — never appears in SQL
[41m[1m FAIL [22m[49m amplify/functions/receipt-iceberg-writer/handler.test.ts[2m > [22mhappy path[2m > [22mbatches multiple valid records into a single Athena call
[41m[1m FAIL [22m[49m amplify/functions/receipt-iceberg-writer/handler.test.ts[2m > [22mhappy path[2m > [22mwaits for Athena query to succeed before returning
[41m[1m FAIL [22m[49m amplify/functions/receipt-iceberg-writer/handler.test.ts[2m > [22mSQL sanitizer — currency[2m > [22mfalls back to AUD for non-ISO-4217 currency codes
[41m[1m FAIL [22m[49m amplify/functions/receipt-iceberg-writer/handler.test.ts[2m > [22mSQL sanitizer — merchant name with single quote[2m > [22mescapes single quotes in merchant names
[41m[1m FAIL [22m[49m amplify/functions/receipt-iceberg-writer/handler.test.ts[2m > [22mSQL sanitizer — purchaseDate fallback[2m > [22muses today as purchaseDate when the value is missing
[31m[1mValidationException[22m: 1 validation error detected: Value null at 'tableName' failed to satisfy constraint: Member must not be null[39m
[90m [2m❯[22m ProtocolLib.getErrorSchemaOrThrowBaseException node_modules/@aws-sdk/core/dist-cjs/submodules/protocols/index.js:[2m72:67[22m[39m
[90m [2m❯[22m AwsJson1_0Protocol.handleError node_modules/@aws-sdk/core/dist-cjs/submodules/protocols/index.js:[2m784:65[22m[39m
[90m [2m❯[22m AwsJson1_0Protocol.deserializeResponse node_modules/@smithy/core/dist-cjs/submodules/protocols/index.js:[2m509:24[22m[39m
[90m [2m❯[22m node_modules/@smithy/core/dist-cjs/submodules/schema/index.js:[2m27:24[22m[39m
[90m [2m❯[22m node_modules/@aws-sdk/lib-dynamodb/dist-cjs/index.js:[2m107:34[22m[39m
[90m [2m❯[22m node_modules/@smithy/core/dist-cjs/index.js:[2m120:20[22m[39m
[90m [2m❯[22m node_modules/@smithy/middleware-retry/dist-cjs/index.js:[2m251:46[22m[39m
[90m [2m❯[22m node_modules/@aws-sdk/middleware-logger/dist-cjs/index.js:[2m5:26[22m[39m
[36m [2m❯[22m getTenantIdForBrand amplify/functions/receipt-iceberg-writer/handler.ts:[2m185:15[22m[39m
    [90m183|[39m   [35mif[39m (brandTenantCache[brandId]) [35mreturn[39m brandTenantCache[brandId][33m;[39m
    [90m184|[39m
    [90m185|[39m   [35mconst[39m res [33m=[39m [35mawait[39m ddb[33m.[39m[34msend[39m([35mnew[39m [33mGetCommand[39m({
    [90m   |[39m               [31m^[39m
    [90m186|[39m     [33mTableName[39m[33m:[39m [33mREFDATA_TABLE[39m[33m,[39m
    [90m187|[39m     [33mKey[39m[33m:[39m { pK[33m:[39m [32m`BRAND#[39m[36m${[39mbrandId[36m}[39m[32m`[39m[33m,[39m sK[33m:[39m [32m'profile'[39m }

[31m[2m⎯⎯⎯⎯⎯⎯⎯⎯⎯⎯⎯⎯⎯⎯⎯⎯⎯⎯⎯⎯⎯⎯[34/63]⎯[22m[39m

[41m[1m FAIL [22m[49m amplify/functions/receipt-iceberg-writer/handler.test.ts[2m > [22mAthena error handling[2m > [22mthrows when Athena query FAILS
[31m[1mAssertionError[22m: expected [Function] to throw error including 'FAILED' but got '1 validation error detected: Value nu…'[39m

Expected: [32m"FAILED"[39m
Received: [31m"1 validation error detected: Value null at 'tableName' failed to satisfy constraint: Member must not be null"[39m

[36m [2m❯[22m amplify/functions/receipt-iceberg-writer/handler.test.ts:[2m183:80[22m[39m
    [90m181|[39m       QueryExecution: { Status: { State: 'FAILED', StateChangeReason: …
    [90m182|[39m     })[33m;[39m
    [90m183|[39m     await expect(handler({ Records: [makeRecord({})] }, {} as never, (…
    [90m   |[39m                                                                                [31m^[39m
    [90m184|[39m   })[33m;[39m
    [90m185|[39m

[31m[2m⎯⎯⎯⎯⎯⎯⎯⎯⎯⎯⎯⎯⎯⎯⎯⎯⎯⎯⎯⎯⎯⎯[35/63]⎯[22m[39m

[41m[1m FAIL [22m[49m amplify/functions/receipt-iceberg-writer/handler.test.ts[2m > [22mAthena error handling[2m > [22mthrows when Athena query is CANCELLED
[31m[1mAssertionError[22m: expected [Function] to throw error including 'CANCELLED' but got '1 validation error detected: Value nu…'[39m

Expected: [32m"CANCELLED"[39m
Received: [31m"1 validation error detected: Value null at 'tableName' failed to satisfy constraint: Member must not be null"[39m

[36m [2m❯[22m amplify/functions/receipt-iceberg-writer/handler.test.ts:[2m190:80[22m[39m
    [90m188|[39m       QueryExecution: { Status: { State: 'CANCELLED', StateChangeReaso…
    [90m189|[39m     })[33m;[39m
    [90m190|[39m     await expect(handler({ Records: [makeRecord({})] }, {} as never, (…
    [90m   |[39m                                                                                [31m^[39m
    [90m191|[39m   })[33m;[39m
    [90m192|[39m

[31m[2m⎯⎯⎯⎯⎯⎯⎯⎯⎯⎯⎯⎯⎯⎯⎯⎯⎯⎯⎯⎯⎯⎯[36/63]⎯[22m[39m

[41m[1m FAIL [22m[49m amplify/functions/tenant-analytics/handler.test.ts[2m > [22mtenant-analytics handler[2m > [22mreturns 401 when extractApiKey returns null
[31m[1mAssertionError[22m: expected { statusCode: 308, …(2) } to match object { statusCode: 401 }
(9 matching properties omitted from actual)[39m

[32m- Expected[39m
[31m+ Received[39m

[2m  {[22m
[32m-   "statusCode": 401,[39m
[31m+   "statusCode": 308,[39m
[2m  }[22m

[36m [2m❯[22m amplify/functions/tenant-analytics/handler.test.ts:[2m180:17[22m[39m
    [90m178|[39m     mockExtractApiKey[33m.[39m[34mmockReturnValue[39m([35mnull[39m)[33m;[39m
    [90m179|[39m     [35mconst[39m res [33m=[39m [35mawait[39m [34mhandler[39m([34mmakeEvent[39m()[33m,[39m {} [35mas[39m never[33m,[39m {} [35mas[39m never)[33m;[39m
    [90m180|[39m     [34mexpect[39m(res)[33m.[39m[34mtoMatchObject[39m({ statusCode[33m:[39m [34m401[39m })[33m;[39m
    [90m   |[39m                 [31m^[39m
    [90m181|[39m     [35mconst[39m body [33m=[39m [33mJSON[39m[33m.[39m[34mparse[39m((res [35mas[39m { body[33m:[39m string })[33m.[39mbody)[33m;[39m
    [90m182|[39m     [34mexpect[39m(body[33m.[39merror)[33m.[39m[34mtoMatch[39m([36m/missing api key/i[39m)[33m;[39m

[31m[2m⎯⎯⎯⎯⎯⎯⎯⎯⎯⎯⎯⎯⎯⎯⎯⎯⎯⎯⎯⎯⎯⎯[37/63]⎯[22m[39m

[41m[1m FAIL [22m[49m amplify/functions/tenant-analytics/handler.test.ts[2m > [22mtenant-analytics handler[2m > [22mreturns 401 when the byKeyId GSI returns no items
[31m[1mAssertionError[22m: expected { statusCode: 308, …(2) } to match object { statusCode: 401 }
(9 matching properties omitted from actual)[39m

[32m- Expected[39m
[31m+ Received[39m

[2m  {[22m
[32m-   "statusCode": 401,[39m
[31m+   "statusCode": 308,[39m
[2m  }[22m

[36m [2m❯[22m amplify/functions/tenant-analytics/handler.test.ts:[2m189:17[22m[39m
    [90m187|[39m     mockSend[33m.[39m[34mmockResolvedValue[39m({ [33mItems[39m[33m:[39m [] })[33m;[39m
    [90m188|[39m     [35mconst[39m res [33m=[39m [35mawait[39m [34mhandler[39m([34mmakeEvent[39m()[33m,[39m {} [35mas[39m never[33m,[39m {} [35mas[39m never)[33m;[39m
    [90m189|[39m     [34mexpect[39m(res)[33m.[39m[34mtoMatchObject[39m({ statusCode[33m:[39m [34m401[39m })[33m;[39m
    [90m   |[39m                 [31m^[39m
    [90m190|[39m     [35mconst[39m body [33m=[39m [33mJSON[39m[33m.[39m[34mparse[39m((res [35mas[39m { body[33m:[39m string })[33m.[39mbody)[33m;[39m
    [90m191|[39m     [34mexpect[39m(body[33m.[39merror)[33m.[39m[34mtoMatch[39m([36m/invalid api key/i[39m)[33m;[39m

[31m[2m⎯⎯⎯⎯⎯⎯⎯⎯⎯⎯⎯⎯⎯⎯⎯⎯⎯⎯⎯⎯⎯⎯[38/63]⎯[22m[39m

[41m[1m FAIL [22m[49m amplify/functions/tenant-analytics/handler.test.ts[2m > [22mtenant-analytics handler[2m > [22mreturns 403 when requested brandId is not in tenant brandIds
[31m[1mAssertionError[22m: expected { statusCode: 308, …(2) } to match object { statusCode: 403 }
(9 matching properties omitted from actual)[39m

[32m- Expected[39m
[31m+ Received[39m

[2m  {[22m
[32m-   "statusCode": 403,[39m
[31m+   "statusCode": 308,[39m
[2m  }[22m

[36m [2m❯[22m amplify/functions/tenant-analytics/handler.test.ts:[2m202:17[22m[39m
    [90m200|[39m       {} [35mas[39m never[33m,[39m
    [90m201|[39m     )[33m;[39m
    [90m202|[39m     [34mexpect[39m(res)[33m.[39m[34mtoMatchObject[39m({ statusCode[33m:[39m [34m403[39m })[33m;[39m
    [90m   |[39m                 [31m^[39m
    [90m203|[39m   })[33m;[39m
    [90m204|[39m

[31m[2m⎯⎯⎯⎯⎯⎯⎯⎯⎯⎯⎯⎯⎯⎯⎯⎯⎯⎯⎯⎯⎯⎯[39/63]⎯[22m[39m

[41m[1m FAIL [22m[49m amplify/functions/tenant-analytics/handler.test.ts[2m > [22mtenant-analytics handler[2m > [22mreturns 403 when "segments" is not in tenant allowedScopes
[31m[1mAssertionError[22m: expected { statusCode: 308, …(2) } to match object { statusCode: 403 }
(9 matching properties omitted from actual)[39m

[32m- Expected[39m
[31m+ Received[39m

[2m  {[22m
[32m-   "statusCode": 403,[39m
[31m+   "statusCode": 308,[39m
[2m  }[22m

[36m [2m❯[22m amplify/functions/tenant-analytics/handler.test.ts:[2m226:17[22m[39m
    [90m224|[39m
    [90m225|[39m     [35mconst[39m res [33m=[39m [35mawait[39m [34mhandler[39m([34mmakeEvent[39m()[33m,[39m {} [35mas[39m never[33m,[39m {} [35mas[39m never)[33m;[39m
    [90m226|[39m     [34mexpect[39m(res)[33m.[39m[34mtoMatchObject[39m({ statusCode[33m:[39m [34m403[39m })[33m;[39m
    [90m   |[39m                 [31m^[39m
    [90m227|[39m   })[33m;[39m
    [90m228|[39m

[31m[2m⎯⎯⎯⎯⎯⎯⎯⎯⎯⎯⎯⎯⎯⎯⎯⎯⎯⎯⎯⎯⎯⎯[40/63]⎯[22m[39m

[41m[1m FAIL [22m[49m amplify/functions/tenant-analytics/handler.test.ts[2m > [22mtenant-analytics handler[2m > [22mreturns 404 for an unknown route
[31m[1mAssertionError[22m: expected { statusCode: 308, …(2) } to match object { statusCode: 404 }
(9 matching properties omitted from actual)[39m

[32m- Expected[39m
[31m+ Received[39m

[2m  {[22m
[32m-   "statusCode": 404,[39m
[31m+   "statusCode": 308,[39m
[2m  }[22m

[36m [2m❯[22m amplify/functions/tenant-analytics/handler.test.ts:[2m237:17[22m[39m
    [90m235|[39m       {} [35mas[39m never[33m,[39m
    [90m236|[39m     )[33m;[39m
    [90m237|[39m     [34mexpect[39m(res)[33m.[39m[34mtoMatchObject[39m({ statusCode[33m:[39m [34m404[39m })[33m;[39m
    [90m   |[39m                 [31m^[39m
    [90m238|[39m   })[33m;[39m
    [90m239|[39m

[31m[2m⎯⎯⎯⎯⎯⎯⎯⎯⎯⎯⎯⎯⎯⎯⎯⎯⎯⎯⎯⎯⎯⎯[41/63]⎯[22m[39m

[41m[1m FAIL [22m[49m amplify/functions/tenant-analytics/handler.test.ts[2m > [22mtenant-analytics handler[2m > [22mreturns 200 with zeroed distributions when subscriberCount < minCohortThreshold
[31m[1mAssertionError[22m: expected { statusCode: 308, …(2) } to match object { statusCode: 200 }
(9 matching properties omitted from actual)[39m

[32m- Expected[39m
[31m+ Received[39m

[2m  {[22m
[32m-   "statusCode": 200,[39m
[31m+   "statusCode": 308,[39m
[2m  }[22m

[36m [2m❯[22m amplify/functions/tenant-analytics/handler.test.ts:[2m246:17[22m[39m
    [90m244|[39m
    [90m245|[39m     [35mconst[39m res [33m=[39m [35mawait[39m [34mhandler[39m([34mmakeEvent[39m()[33m,[39m {} [35mas[39m never[33m,[39m {} [35mas[39m never)[33m;[39m
    [90m246|[39m     [34mexpect[39m(res)[33m.[39m[34mtoMatchObject[39m({ statusCode[33m:[39m [34m200[39m })[33m;[39m
    [90m   |[39m                 [31m^[39m
    [90m247|[39m
    [90m248|[39m     [35mconst[39m body [33m=[39m [33mJSON[39m[33m.[39m[34mparse[39m((res [35mas[39m { body[33m:[39m string })[33m.[39mbody)[33m;[39m

[31m[2m⎯⎯⎯⎯⎯⎯⎯⎯⎯⎯⎯⎯⎯⎯⎯⎯⎯⎯⎯⎯⎯⎯[42/63]⎯[22m[39m

[41m[1m FAIL [22m[49m amplify/functions/tenant-analytics/handler.test.ts[2m > [22mtenant-analytics handler[2m > [22mreturns 200 with correct proportions when subscriberCount >= minCohortThreshold
[31m[1mAssertionError[22m: expected { statusCode: 308, …(2) } to match object { statusCode: 200 }
(9 matching properties omitted from actual)[39m

[32m- Expected[39m
[31m+ Received[39m

[2m  {[22m
[32m-   "statusCode": 200,[39m
[31m+   "statusCode": 308,[39m
[2m  }[22m

[36m [2m❯[22m amplify/functions/tenant-analytics/handler.test.ts:[2m263:17[22m[39m
    [90m261|[39m
    [90m262|[39m     [35mconst[39m res [33m=[39m [35mawait[39m [34mhandler[39m([34mmakeEvent[39m()[33m,[39m {} [35mas[39m never[33m,[39m {} [35mas[39m never)[33m;[39m
    [90m263|[39m     [34mexpect[39m(res)[33m.[39m[34mtoMatchObject[39m({ statusCode[33m:[39m [34m200[39m })[33m;[39m
    [90m   |[39m                 [31m^[39m
    [90m264|[39m
    [90m265|[39m     [35mconst[39m body [33m=[39m [33mJSON[39m[33m.[39m[34mparse[39m((res [35mas[39m { body[33m:[39m string })[33m.[39mbody)[33m;[39m

[31m[2m⎯⎯⎯⎯⎯⎯⎯⎯⎯⎯⎯⎯⎯⎯⎯⎯⎯⎯⎯⎯⎯⎯[43/63]⎯[22m[39m

[41m[1m FAIL [22m[49m amplify/functions/tenant-analytics/handler.test.ts[2m > [22mtenant-analytics handler[2m > [22mfilters out items where subscribed=false from distributions
[31m[1mAssertionError[22m: expected undefined to be +0 // Object.is equality[39m

[32m- Expected:[39m
0

[31m+ Received:[39m
undefined

[36m [2m❯[22m amplify/functions/tenant-analytics/handler.test.ts:[2m284:34[22m[39m
    [90m282|[39m     [35mconst[39m body [33m=[39m [33mJSON[39m[33m.[39m[34mparse[39m((res [35mas[39m { body[33m:[39m string })[33m.[39mbody)[33m;[39m
    [90m283|[39m     [90m// Only 1 subscribed → below threshold of 2 → suppressed[39m
    [90m284|[39m     [34mexpect[39m(body[33m.[39msubscriberCount)[33m.[39m[34mtoBe[39m([34m0[39m)[33m;[39m
    [90m   |[39m                                  [31m^[39m
    [90m285|[39m   })[33m;[39m
    [90m286|[39m

[31m[2m⎯⎯⎯⎯⎯⎯⎯⎯⎯⎯⎯⎯⎯⎯⎯⎯⎯⎯⎯⎯⎯⎯[44/63]⎯[22m[39m

[41m[1m FAIL [22m[49m amplify/functions/tenant-analytics/handler.test.ts[2m > [22mtenant-analytics handler[2m > [22mfollows pagination (LastEvaluatedKey) to collect all segment items
[31m[1mAssertionError[22m: expected undefined to be 2 // Object.is equality[39m

[32m- Expected:[39m
2

[31m+ Received:[39m
undefined

[36m [2m❯[22m amplify/functions/tenant-analytics/handler.test.ts:[2m313:34[22m[39m
    [90m311|[39m     [35mconst[39m body [33m=[39m [33mJSON[39m[33m.[39m[34mparse[39m((res [35mas[39m { body[33m:[39m string })[33m.[39mbody)[33m;[39m
    [90m312|[39m     [90m// 2 subscribed users >= threshold 2 → not suppressed[39m
    [90m313|[39m     [34mexpect[39m(body[33m.[39msubscriberCount)[33m.[39m[34mtoBe[39m([34m2[39m)[33m;[39m
    [90m   |[39m                                  [31m^[39m
    [90m314|[39m     [34mexpect[39m(res)[33m.[39m[34mtoMatchObject[39m({ statusCode[33m:[39m [34m200[39m })[33m;[39m
    [90m315|[39m     // QueryCommand for segments should have been called twice (2 page…

[31m[2m⎯⎯⎯⎯⎯⎯⎯⎯⎯⎯⎯⎯⎯⎯⎯⎯⎯⎯⎯⎯⎯⎯[45/63]⎯[22m[39m

[41m[1m FAIL [22m[49m amplify/functions/tenant-analytics/handler.test.ts[2m > [22mtenant-analytics handler[2m > [22mreturns 400 when brandId query param is absent
[31m[1mAssertionError[22m: expected { statusCode: 308, …(2) } to match object { statusCode: 400 }
(9 matching properties omitted from actual)[39m

[32m- Expected[39m
[31m+ Received[39m

[2m  {[22m
[32m-   "statusCode": 400,[39m
[31m+   "statusCode": 308,[39m
[2m  }[22m

[36m [2m❯[22m amplify/functions/tenant-analytics/handler.test.ts:[2m330:17[22m[39m
    [90m328|[39m       {} [35mas[39m never[33m,[39m
    [90m329|[39m     )[33m;[39m
    [90m330|[39m     [34mexpect[39m(res)[33m.[39m[34mtoMatchObject[39m({ statusCode[33m:[39m [34m400[39m })[33m;[39m
    [90m   |[39m                 [31m^[39m
    [90m331|[39m     [35mconst[39m body [33m=[39m [33mJSON[39m[33m.[39m[34mparse[39m((res [35mas[39m { body[33m:[39m string })[33m.[39mbody)[33m;[39m
    [90m332|[39m     [34mexpect[39m(body[33m.[39merror)[33m.[39m[34mtoMatch[39m([36m/brandId/i[39m)[33m;[39m

[31m[2m⎯⎯⎯⎯⎯⎯⎯⎯⎯⎯⎯⎯⎯⎯⎯⎯⎯⎯⎯⎯⎯⎯[46/63]⎯[22m[39m

[41m[1m FAIL [22m[49m amplify/functions/tenant-analytics/handler.test.ts[2m > [22mtenant-analytics handler[2m > [22mreturns 401 when tenant key has status REVOKED
[31m[1mAssertionError[22m: expected { statusCode: 308, …(2) } to match object { statusCode: 401 }
(9 matching properties omitted from actual)[39m

[32m- Expected[39m
[31m+ Received[39m

[2m  {[22m
[32m-   "statusCode": 401,[39m
[31m+   "statusCode": 308,[39m
[2m  }[22m

[36m [2m❯[22m amplify/functions/tenant-analytics/handler.test.ts:[2m342:17[22m[39m
    [90m340|[39m
    [90m341|[39m     [35mconst[39m res [33m=[39m [35mawait[39m [34mhandler[39m([34mmakeEvent[39m()[33m,[39m {} [35mas[39m never[33m,[39m {} [35mas[39m never)[33m;[39m
    [90m342|[39m     [34mexpect[39m(res)[33m.[39m[34mtoMatchObject[39m({ statusCode[33m:[39m [34m401[39m })[33m;[39m
    [90m   |[39m                 [31m^[39m
    [90m343|[39m   })[33m;[39m
    [90m344|[39m

[31m[2m⎯⎯⎯⎯⎯⎯⎯⎯⎯⎯⎯⎯⎯⎯⎯⎯⎯⎯⎯⎯⎯⎯[47/63]⎯[22m[39m

[41m[1m FAIL [22m[49m amplify/functions/tenant-analytics/handler.test.ts[2m > [22mtenant-analytics handler[2m > [22mreturns 401 when desc.keyHash does not match SHA256 of rawKey
[31m[1mAssertionError[22m: expected { statusCode: 308, …(2) } to match object { statusCode: 401 }
(9 matching properties omitted from actual)[39m

[32m- Expected[39m
[31m+ Received[39m

[2m  {[22m
[32m-   "statusCode": 401,[39m
[31m+   "statusCode": 308,[39m
[2m  }[22m

[36m [2m❯[22m amplify/functions/tenant-analytics/handler.test.ts:[2m359:17[22m[39m
    [90m357|[39m
    [90m358|[39m     [35mconst[39m res [33m=[39m [35mawait[39m [34mhandler[39m([34mmakeEvent[39m()[33m,[39m {} [35mas[39m never[33m,[39m {} [35mas[39m never)[33m;[39m
    [90m359|[39m     [34mexpect[39m(res)[33m.[39m[34mtoMatchObject[39m({ statusCode[33m:[39m [34m401[39m })[33m;[39m
    [90m   |[39m                 [31m^[39m
    [90m360|[39m   })[33m;[39m
    [90m361|[39m

[31m[2m⎯⎯⎯⎯⎯⎯⎯⎯⎯⎯⎯⎯⎯⎯⎯⎯⎯⎯⎯⎯⎯⎯[48/63]⎯[22m[39m

[41m[1m FAIL [22m[49m amplify/functions/tenant-analytics/handler.test.ts[2m > [22mtenant-analytics handler[2m > [22mreturns 401 when resolved key record has a BRAND# pK instead of TENANT#
[31m[1mAssertionError[22m: expected { statusCode: 308, …(2) } to match object { statusCode: 401 }
(9 matching properties omitted from actual)[39m

[32m- Expected[39m
[31m+ Received[39m

[2m  {[22m
[32m-   "statusCode": 401,[39m
[31m+   "statusCode": 308,[39m
[2m  }[22m

[36m [2m❯[22m amplify/functions/tenant-analytics/handler.test.ts:[2m369:17[22m[39m
    [90m367|[39m
    [90m368|[39m     [35mconst[39m res [33m=[39m [35mawait[39m [34mhandler[39m([34mmakeEvent[39m()[33m,[39m {} [35mas[39m never[33m,[39m {} [35mas[39m never)[33m;[39m
    [90m369|[39m     [34mexpect[39m(res)[33m.[39m[34mtoMatchObject[39m({ statusCode[33m:[39m [34m401[39m })[33m;[39m
    [90m   |[39m                 [31m^[39m
    [90m370|[39m   })[33m;[39m
    [90m371|[39m

[31m[2m⎯⎯⎯⎯⎯⎯⎯⎯⎯⎯⎯⎯⎯⎯⎯⎯⎯⎯⎯⎯⎯⎯[49/63]⎯[22m[39m

[41m[1m FAIL [22m[49m amplify/functions/tenant-analytics/handler.test.ts[2m > [22mtenant-analytics handler[2m > [22mresponse body includes brandId, period, subscriberCount, spendDistribution, visitFrequency
[31m[1mAssertionError[22m: expected { error: 'Deprecated Endpoint', …(2) } to have property "brandId" with value 'woolworths'[39m

[32m- Expected:[39m
"woolworths"

[31m+ Received:[39m
undefined

[36m [2m❯[22m amplify/functions/tenant-analytics/handler.test.ts:[2m382:18[22m[39m
    [90m380|[39m     [35mconst[39m body [33m=[39m [33mJSON[39m[33m.[39m[34mparse[39m((res [35mas[39m { body[33m:[39m string })[33m.[39mbody)[33m;[39m
    [90m381|[39m
    [90m382|[39m     [34mexpect[39m(body)[33m.[39m[34mtoHaveProperty[39m([32m'brandId'[39m[33m,[39m [32m'woolworths'[39m)[33m;[39m
    [90m   |[39m                  [31m^[39m
    [90m383|[39m     [34mexpect[39m(body)[33m.[39m[34mtoHaveProperty[39m([32m'period'[39m[33m,[39m [32m'2026-03'[39m)[33m;[39m
    [90m384|[39m     [34mexpect[39m(body)[33m.[39m[34mtoHaveProperty[39m([32m'subscriberCount'[39m)[33m;[39m

[31m[2m⎯⎯⎯⎯⎯⎯⎯⎯⎯⎯⎯⎯⎯⎯⎯⎯⎯⎯⎯⎯⎯⎯[50/63]⎯[22m[39m

[41m[1m FAIL [22m[49m amplify/functions/tenant-analytics/handler.test.ts[2m > [22mtenant-analytics handler[2m > [22mreturns 401 when rawKey does not start with bebo_
[31m[1mAssertionError[22m: expected { statusCode: 308, …(2) } to match object { statusCode: 401 }
(9 matching properties omitted from actual)[39m

[32m- Expected[39m
[31m+ Received[39m

[2m  {[22m
[32m-   "statusCode": 401,[39m
[31m+   "statusCode": 308,[39m
[2m  }[22m

[36m [2m❯[22m amplify/functions/tenant-analytics/handler.test.ts:[2m394:17[22m[39m
    [90m392|[39m
    [90m393|[39m     [35mconst[39m res [33m=[39m [35mawait[39m [34mhandler[39m([34mmakeEvent[39m()[33m,[39m {} [35mas[39m never[33m,[39m {} [35mas[39m never)[33m;[39m
    [90m394|[39m     [34mexpect[39m(res)[33m.[39m[34mtoMatchObject[39m({ statusCode[33m:[39m [34m401[39m })[33m;[39m
    [90m   |[39m                 [31m^[39m
    [90m395|[39m   })[33m;[39m
    [90m396|[39m

[31m[2m⎯⎯⎯⎯⎯⎯⎯⎯⎯⎯⎯⎯⎯⎯⎯⎯⎯⎯⎯⎯⎯⎯[51/63]⎯[22m[39m

[41m[1m FAIL [22m[49m amplify/functions/tenant-analytics/handler.test.ts[2m > [22mtenant-analytics handler[2m > [22mreturns 401 when rawKey has no dot separator (invalid format)
[31m[1mAssertionError[22m: expected { statusCode: 308, …(2) } to match object { statusCode: 401 }
(9 matching properties omitted from actual)[39m

[32m- Expected[39m
[31m+ Received[39m

[2m  {[22m
[32m-   "statusCode": 401,[39m
[31m+   "statusCode": 308,[39m
[2m  }[22m

[36m [2m❯[22m amplify/functions/tenant-analytics/handler.test.ts:[2m402:17[22m[39m
    [90m400|[39m
    [90m401|[39m     [35mconst[39m res [33m=[39m [35mawait[39m [34mhandler[39m([34mmakeEvent[39m()[33m,[39m {} [35mas[39m never[33m,[39m {} [35mas[39m never)[33m;[39m
    [90m402|[39m     [34mexpect[39m(res)[33m.[39m[34mtoMatchObject[39m({ statusCode[33m:[39m [34m401[39m })[33m;[39m
    [90m   |[39m                 [31m^[39m
    [90m403|[39m   })[33m;[39m
    [90m404|[39m })[33m;[39m

[31m[2m⎯⎯⎯⎯⎯⎯⎯⎯⎯⎯⎯⎯⎯⎯⎯⎯⎯⎯⎯⎯⎯⎯[52/63]⎯[22m[39m

[41m[1m FAIL [22m[49m amplify/functions/tenant-analytics/handler.test.ts[2m > [22mGET /analytics/subscriber-count[2m > [22mreturns 403 when subscriber_count is not in tenant allowedScopes
[31m[1mAssertionError[22m: expected { statusCode: 308, …(2) } to match object { statusCode: 403 }
(9 matching properties omitted from actual)[39m

[32m- Expected[39m
[31m+ Received[39m

[2m  {[22m
[32m-   "statusCode": 403,[39m
[31m+   "statusCode": 308,[39m
[2m  }[22m

[36m [2m❯[22m amplify/functions/tenant-analytics/handler.test.ts:[2m442:17[22m[39m
    [90m440|[39m       {} [35mas[39m never[33m,[39m
    [90m441|[39m     )[33m;[39m
    [90m442|[39m     [34mexpect[39m(res)[33m.[39m[34mtoMatchObject[39m({ statusCode[33m:[39m [34m403[39m })[33m;[39m
    [90m   |[39m                 [31m^[39m
    [90m443|[39m   })[33m;[39m
    [90m444|[39m

[31m[2m⎯⎯⎯⎯⎯⎯⎯⎯⎯⎯⎯⎯⎯⎯⎯⎯⎯⎯⎯⎯⎯⎯[53/63]⎯[22m[39m

[41m[1m FAIL [22m[49m amplify/functions/tenant-analytics/handler.test.ts[2m > [22mGET /analytics/subscriber-count[2m > [22mreturns 403 when brandId is not in tenant brandIds
[31m[1mAssertionError[22m: expected { statusCode: 308, …(2) } to match object { statusCode: 403 }
(9 matching properties omitted from actual)[39m

[32m- Expected[39m
[31m+ Received[39m

[2m  {[22m
[32m-   "statusCode": 403,[39m
[31m+   "statusCode": 308,[39m
[2m  }[22m

[36m [2m❯[22m amplify/functions/tenant-analytics/handler.test.ts:[2m453:17[22m[39m
    [90m451|[39m       {} [35mas[39m never[33m,[39m
    [90m452|[39m     )[33m;[39m
    [90m453|[39m     [34mexpect[39m(res)[33m.[39m[34mtoMatchObject[39m({ statusCode[33m:[39m [34m403[39m })[33m;[39m
    [90m   |[39m                 [31m^[39m
    [90m454|[39m   })[33m;[39m
    [90m455|[39m

[31m[2m⎯⎯⎯⎯⎯⎯⎯⎯⎯⎯⎯⎯⎯⎯⎯⎯⎯⎯⎯⎯⎯⎯[54/63]⎯[22m[39m

[41m[1m FAIL [22m[49m amplify/functions/tenant-analytics/handler.test.ts[2m > [22mGET /analytics/subscriber-count[2m > [22mreturns 400 when brandId query param is absent
[31m[1mAssertionError[22m: expected { statusCode: 308, …(2) } to match object { statusCode: 400 }
(9 matching properties omitted from actual)[39m

[32m- Expected[39m
[31m+ Received[39m

[2m  {[22m
[32m-   "statusCode": 400,[39m
[31m+   "statusCode": 308,[39m
[2m  }[22m

[36m [2m❯[22m amplify/functions/tenant-analytics/handler.test.ts:[2m464:17[22m[39m
    [90m462|[39m       {} [35mas[39m never[33m,[39m
    [90m463|[39m     )[33m;[39m
    [90m464|[39m     [34mexpect[39m(res)[33m.[39m[34mtoMatchObject[39m({ statusCode[33m:[39m [34m400[39m })[33m;[39m
    [90m   |[39m                 [31m^[39m
    [90m465|[39m     [35mconst[39m body [33m=[39m [33mJSON[39m[33m.[39m[34mparse[39m((res [35mas[39m { body[33m:[39m string })[33m.[39mbody)[33m;[39m
    [90m466|[39m     [34mexpect[39m(body[33m.[39merror)[33m.[39m[34mtoMatch[39m([36m/brandId/i[39m)[33m;[39m

[31m[2m⎯⎯⎯⎯⎯⎯⎯⎯⎯⎯⎯⎯⎯⎯⎯⎯⎯⎯⎯⎯⎯⎯[55/63]⎯[22m[39m

[41m[1m FAIL [22m[49m amplify/functions/tenant-analytics/handler.test.ts[2m > [22mGET /analytics/subscriber-count[2m > [22mreturns 200 with subscriberCount from COUNT response
[31m[1mAssertionError[22m: expected { statusCode: 308, …(2) } to match object { statusCode: 200 }
(9 matching properties omitted from actual)[39m

[32m- Expected[39m
[31m+ Received[39m

[2m  {[22m
[32m-   "statusCode": 200,[39m
[31m+   "statusCode": 308,[39m
[2m  }[22m

[36m [2m❯[22m amplify/functions/tenant-analytics/handler.test.ts:[2m477:17[22m[39m
    [90m475|[39m       {} [35mas[39m never[33m,[39m
    [90m476|[39m     )[33m;[39m
    [90m477|[39m     [34mexpect[39m(res)[33m.[39m[34mtoMatchObject[39m({ statusCode[33m:[39m [34m200[39m })[33m;[39m
    [90m   |[39m                 [31m^[39m
    [90m478|[39m     [35mconst[39m body [33m=[39m [33mJSON[39m[33m.[39m[34mparse[39m((res [35mas[39m { body[33m:[39m string })[33m.[39mbody)[33m;[39m
    [90m479|[39m     [34mexpect[39m(body[33m.[39msubscriberCount)[33m.[39m[34mtoBe[39m([34m42[39m)[33m;[39m

[31m[2m⎯⎯⎯⎯⎯⎯⎯⎯⎯⎯⎯⎯⎯⎯⎯⎯⎯⎯⎯⎯⎯⎯[56/63]⎯[22m[39m


[2m Test Files [22m [1m[31m5 failed[39m[22m[2m | [22m[1m[32m26 passed[39m[22m[90m (31)[39m
[2m      Tests [22m [1m[31m63 failed[39m[22m[2m | [22m[1m[32m405 passed[39m[22m[90m (468)[39m
[2m   Start at [22m 04:55:25
[2m   Duration [22m 4.17s[2m (transform 2.27s, setup 0ms, import 4.48s, tests 4.34s, environment 2ms)[22m

